Archive member included to satisfy reference by file (symbol)

c:/program files (x86)/atmel/studio/7.0/toolchain/arm/arm-gnu-toolchain/bin/../lib/gcc/arm-none-eabi/6.3.1/thumb/v6-m\libgcc.a(_udivsi3.o)
                              src/ASF/common2/services/delay/sam0/systick_counter.o (__aeabi_uidiv)
c:/program files (x86)/atmel/studio/7.0/toolchain/arm/arm-gnu-toolchain/bin/../lib/gcc/arm-none-eabi/6.3.1/thumb/v6-m\libgcc.a(_dvmd_tls.o)
                              c:/program files (x86)/atmel/studio/7.0/toolchain/arm/arm-gnu-toolchain/bin/../lib/gcc/arm-none-eabi/6.3.1/thumb/v6-m\libgcc.a(_udivsi3.o) (__aeabi_idiv0)
c:/program files (x86)/atmel/studio/7.0/toolchain/arm/arm-gnu-toolchain/bin/../lib/gcc/arm-none-eabi/6.3.1/thumb/v6-m\libgcc.a(_muldi3.o)
                              src/ASF/sam0/drivers/sercom/sercom.o (__aeabi_lmul)
c:/program files (x86)/atmel/studio/7.0/toolchain/arm/arm-gnu-toolchain/bin/../lib/gcc/arm-none-eabi/6.3.1/../../../../arm-none-eabi/lib/thumb/v6-m\libc_nano.a(lib_a-atoi.o)
                              src/rscanf.o (atoi)
c:/program files (x86)/atmel/studio/7.0/toolchain/arm/arm-gnu-toolchain/bin/../lib/gcc/arm-none-eabi/6.3.1/../../../../arm-none-eabi/lib/thumb/v6-m\libc_nano.a(lib_a-exit.o)
                              c:/program files (x86)/atmel/studio/7.0/toolchain/arm/arm-gnu-toolchain/bin/../lib/gcc/arm-none-eabi/6.3.1/../../../../arm-none-eabi/lib/thumb/v6-m/crt0.o (exit)
c:/program files (x86)/atmel/studio/7.0/toolchain/arm/arm-gnu-toolchain/bin/../lib/gcc/arm-none-eabi/6.3.1/../../../../arm-none-eabi/lib/thumb/v6-m\libc_nano.a(lib_a-impure.o)
                              c:/program files (x86)/atmel/studio/7.0/toolchain/arm/arm-gnu-toolchain/bin/../lib/gcc/arm-none-eabi/6.3.1/../../../../arm-none-eabi/lib/thumb/v6-m\libc_nano.a(lib_a-exit.o) (_global_impure_ptr)
c:/program files (x86)/atmel/studio/7.0/toolchain/arm/arm-gnu-toolchain/bin/../lib/gcc/arm-none-eabi/6.3.1/../../../../arm-none-eabi/lib/thumb/v6-m\libc_nano.a(lib_a-init.o)
                              c:/program files (x86)/atmel/studio/7.0/toolchain/arm/arm-gnu-toolchain/bin/../lib/gcc/arm-none-eabi/6.3.1/../../../../arm-none-eabi/lib/thumb/v6-m/crt0.o (__libc_init_array)
c:/program files (x86)/atmel/studio/7.0/toolchain/arm/arm-gnu-toolchain/bin/../lib/gcc/arm-none-eabi/6.3.1/../../../../arm-none-eabi/lib/thumb/v6-m\libc_nano.a(lib_a-locale.o)
                              src/rscanf.o (__locale_ctype_ptr)
c:/program files (x86)/atmel/studio/7.0/toolchain/arm/arm-gnu-toolchain/bin/../lib/gcc/arm-none-eabi/6.3.1/../../../../arm-none-eabi/lib/thumb/v6-m\libc_nano.a(lib_a-mbtowc_r.o)
                              c:/program files (x86)/atmel/studio/7.0/toolchain/arm/arm-gnu-toolchain/bin/../lib/gcc/arm-none-eabi/6.3.1/../../../../arm-none-eabi/lib/thumb/v6-m\libc_nano.a(lib_a-locale.o) (__ascii_mbtowc)
c:/program files (x86)/atmel/studio/7.0/toolchain/arm/arm-gnu-toolchain/bin/../lib/gcc/arm-none-eabi/6.3.1/../../../../arm-none-eabi/lib/thumb/v6-m\libc_nano.a(lib_a-memcpy-stub.o)
                              src/ASF/sam0/drivers/adc/adc_sam_d_r_h/adc.o (memcpy)
c:/program files (x86)/atmel/studio/7.0/toolchain/arm/arm-gnu-toolchain/bin/../lib/gcc/arm-none-eabi/6.3.1/../../../../arm-none-eabi/lib/thumb/v6-m\libc_nano.a(lib_a-memset.o)
                              c:/program files (x86)/atmel/studio/7.0/toolchain/arm/arm-gnu-toolchain/bin/../lib/gcc/arm-none-eabi/6.3.1/../../../../arm-none-eabi/lib/thumb/v6-m/crt0.o (memset)
c:/program files (x86)/atmel/studio/7.0/toolchain/arm/arm-gnu-toolchain/bin/../lib/gcc/arm-none-eabi/6.3.1/../../../../arm-none-eabi/lib/thumb/v6-m\libc_nano.a(lib_a-strcmp.o)
                              c:/program files (x86)/atmel/studio/7.0/toolchain/arm/arm-gnu-toolchain/bin/../lib/gcc/arm-none-eabi/6.3.1/../../../../arm-none-eabi/lib/thumb/v6-m\libc_nano.a(lib_a-locale.o) (strcmp)
c:/program files (x86)/atmel/studio/7.0/toolchain/arm/arm-gnu-toolchain/bin/../lib/gcc/arm-none-eabi/6.3.1/../../../../arm-none-eabi/lib/thumb/v6-m\libc_nano.a(lib_a-strcspn.o)
                              src/rscanf.o (strcspn)
c:/program files (x86)/atmel/studio/7.0/toolchain/arm/arm-gnu-toolchain/bin/../lib/gcc/arm-none-eabi/6.3.1/../../../../arm-none-eabi/lib/thumb/v6-m\libc_nano.a(lib_a-strncpy.o)
                              src/rscanf.o (strncpy)
c:/program files (x86)/atmel/studio/7.0/toolchain/arm/arm-gnu-toolchain/bin/../lib/gcc/arm-none-eabi/6.3.1/../../../../arm-none-eabi/lib/thumb/v6-m\libc_nano.a(lib_a-strtol.o)
                              c:/program files (x86)/atmel/studio/7.0/toolchain/arm/arm-gnu-toolchain/bin/../lib/gcc/arm-none-eabi/6.3.1/../../../../arm-none-eabi/lib/thumb/v6-m\libc_nano.a(lib_a-atoi.o) (_strtol_r)
c:/program files (x86)/atmel/studio/7.0/toolchain/arm/arm-gnu-toolchain/bin/../lib/gcc/arm-none-eabi/6.3.1/../../../../arm-none-eabi/lib/thumb/v6-m\libc_nano.a(lib_a-wctomb_r.o)
[...]
Memory Configuration

Name             Origin             Length             Attributes
rom              0x00000000         0x00040000         xr
ram              0x20000000         0x00008000         xrw
*default*        0x00000000         0xffffffff

Linker script and memory map

LOAD c:/program files (x86)/atmel/studio/7.0/toolchain/arm/arm-gnu-toolchain/bin/../lib/gcc/arm-none-eabi/6.3.1/thumb/v6-m/crti.o
LOAD c:/program files (x86)/atmel/studio/7.0/toolchain/arm/arm-gnu-toolchain/bin/../lib/gcc/arm-none-eabi/6.3.1/thumb/v6-m/crtbegin.o
LOAD c:/program files (x86)/atmel/studio/7.0/toolchain/arm/arm-gnu-toolchain/bin/../lib/gcc/arm-none-eabi/6.3.1/../../../../arm-none-eabi/lib/thumb/v6-m/crt0.o
LOAD src/ASF/common2/services/delay/sam0/systick_counter.o
LOAD src/ASF/sam0/drivers/adc/adc_sam_d_r_h/adc.o
LOAD src/ASF/sam0/drivers/sercom/sercom.o
LOAD src/ASF/sam0/drivers/sercom/sercom_interrupt.o
LOAD src/ASF/sam0/drivers/sercom/spi/spi.o
LOAD src/ASF/sam0/drivers/sercom/usart/usart.o
LOAD src/ASF/sam0/drivers/sercom/usart/usart_interrupt.o
LOAD src/ASF/sam0/drivers/tc/tc_sam_d_r_h/tc.o
LOAD src/drv_ctrl.o
LOAD src/force_sense.o
LOAD src/plc_com.o
LOAD src/rprintf.o
LOAD src/rscanf.o
LOAD src/z_axis.o
LOAD src/ASF/common/utils/interrupt/interrupt_sam_nvic.o
LOAD src/ASF/sam0/boards/samd20_xplained_pro/board_init.o
LOAD src/ASF/sam0/drivers/port/port.o
LOAD src/ASF/sam0/drivers/system/clock/clock_samd20/clock.o
LOAD src/ASF/sam0/drivers/system/clock/clock_samd20/gclk.o
LOAD src/ASF/sam0/drivers/system/interrupt/system_interrupt.o
LOAD src/ASF/sam0/drivers/system/pinmux/pinmux.o
LOAD src/ASF/sam0/drivers/system/system.o
LOAD src/ASF/sam0/utils/cmsis/samd20/source/gcc/startup_samd20.o
LOAD src/ASF/sam0/utils/cmsis/samd20/source/system_samd20.o
LOAD src/ASF/sam0/utils/syscalls/gcc/syscalls.o
LOAD src/main.o
START GROUP
LOAD ../src/ASF/thirdparty/CMSIS/Lib/GCC\libarm_cortexM0l_math.a
LOAD c:/program files (x86)/atmel/studio/7.0/toolchain/arm/arm-gnu-toolchain/bin/../lib/gcc/arm-none-eabi/6.3.1/../../../../arm-none-eabi/lib/thumb/v6-m\libm.a
END GROUP
START GROUP
LOAD c:/program files (x86)/atmel/studio/7.0/toolchain/arm/arm-gnu-toolchain/bin/../lib/gcc/arm-none-eabi/6.3.1/thumb/v6-m\libgcc.a
LOAD c:/program files (x86)/atmel/studio/7.0/toolchain/arm/arm-gnu-toolchain/bin/../lib/gcc/arm-none-eabi/6.3.1/../../../../arm-none-eabi/lib/thumb/v6-m\libc_nano.a
END GROUP
START GROUP
LOAD c:/program files (x86)/atmel/studio/7.0/toolchain/arm/arm-gnu-toolchain/bin/../lib/gcc/arm-none-eabi/6.3.1/thumb/v6-m\libgcc.a
LOAD c:/program files (x86)/atmel/studio/7.0/toolchain/arm/arm-gnu-toolchain/bin/../lib/gcc/arm-none-eabi/6.3.1/../../../../arm-none-eabi/lib/thumb/v6-m\libc_nano.a
END GROUP
LOAD c:/program files (x86)/atmel/studio/7.0/toolchain/arm/arm-gnu-toolchain/bin/../lib/gcc/arm-none-eabi/6.3.1/thumb/v6-m/crtend.o
LOAD c:/program files (x86)/atmel/studio/7.0/toolchain/arm/arm-gnu-toolchain/bin/../lib/gcc/arm-none-eabi/6.3.1/thumb/v6-m/crtn.o
                0x00002000                STACK_SIZE = DEFINED (STACK_SIZE)?STACK_SIZE:DEFINED (__stack_size__)?__stack_size__:0x2000

.text           0x00000000     0x2480
                0x00000000                . = ALIGN (0x4)
                0x00000000                _sfixed = .
 *(.vectors .vectors.*)
 .vectors       0x00000000       0xa4 src/ASF/sam0/utils/cmsis/samd20/source/gcc/startup_samd20.o
                0x00000000                exception_table
 *(.text .text.* .gnu.linkonce.t.*)
 .text          0x000000a4       0x60 c:/program files (x86)/atmel/studio/7.0/toolchain/arm/arm-gnu-toolchain/bin/../lib/gcc/arm-none-eabi/6.3.1/thumb/v6-m/crtbegin.o
 .text.delay_init
                0x00000104       0x40 src/ASF/common2/services/delay/sam0/systick_counter.o
                0x00000104                delay_init
 .text.delay_cycles_us
                0x00000144       0x2c src/ASF/common2/services/delay/sam0/systick_counter.o
                0x00000144                delay_cycles_us
 .text.delay_cycles_ms
                0x00000170       0x2c src/ASF/common2/services/delay/sam0/systick_counter.o
                0x00000170                delay_cycles_ms
 .text.adc_get_config_defaults
                0x0000019c       0x46 src/ASF/sam0/drivers/adc/adc_sam_d_r_h/adc.o
                0x0000019c                adc_get_config_defaults
 *fill*         0x000001e2        0x2 
 .text.adc_init
                0x000001e4      0x438 src/ASF/sam0/drivers/adc/adc_sam_d_r_h/adc.o
                0x000001e4                adc_init
 .text.long_division
                0x0000061c       0xba src/ASF/sam0/drivers/sercom/sercom.o
 .text._sercom_get_sync_baud_val
                0x000006d6       0x28 src/ASF/sam0/drivers/sercom/sercom.o
                0x000006d6                _sercom_get_sync_baud_val
 *fill*         0x000006fe        0x2 
 .text._sercom_get_async_baud_val
                0x00000700       0x94 src/ASF/sam0/drivers/sercom/sercom.o
                0x00000700                _sercom_get_async_baud_val
 .text.sercom_set_gclk_generator
                0x00000794       0x4c src/ASF/sam0/drivers/sercom/sercom.o
                0x00000794                sercom_set_gclk_generator
 .text._sercom_get_default_pad
                0x000007e0      0x178 src/ASF/sam0/drivers/sercom/sercom.o
                0x000007e0                _sercom_get_default_pad
 .text._sercom_get_sercom_inst_index
                0x00000958       0x38 src/ASF/sam0/drivers/sercom/sercom.o
                0x00000958                _sercom_get_sercom_inst_index
 .text._sercom_default_handler
                0x00000990        0x2 src/ASF/sam0/drivers/sercom/sercom_interrupt.o
 *fill*         0x00000992        0x2 
 .text._sercom_set_handler
                0x00000994       0x3c src/ASF/sam0/drivers/sercom/sercom_interrupt.o
                0x00000994                _sercom_set_handler
 .text._sercom_get_interrupt_vector
                0x000009d0       0x30 src/ASF/sam0/drivers/sercom/sercom_interrupt.o
                0x000009d0                _sercom_get_interrupt_vector
 .text.SERCOM0_Handler
                0x00000a00       0x10 src/ASF/sam0/drivers/sercom/sercom_interrupt.o
                0x00000a00                SERCOM0_Handler
 .text.SERCOM1_Handler
                0x00000a10       0x10 src/ASF/sam0/drivers/sercom/sercom_interrupt.o
                0x00000a10                SERCOM1_Handler
 .text.SERCOM2_Handler
                0x00000a20       0x10 src/ASF/sam0/drivers/sercom/sercom_interrupt.o
                0x00000a20                SERCOM2_Handler
 .text.SERCOM3_Handler
                0x00000a30       0x10 src/ASF/sam0/drivers/sercom/sercom_interrupt.o
                0x00000a30                SERCOM3_Handler
 .text.SERCOM4_Handler
                0x00000a40       0x10 src/ASF/sam0/drivers/sercom/sercom_interrupt.o
                0x00000a40                SERCOM4_Handler
 .text.SERCOM5_Handler
                0x00000a50       0x10 src/ASF/sam0/drivers/sercom/sercom_interrupt.o
                0x00000a50                SERCOM5_Handler
 .text.spi_init
                0x00000a60      0x2fc src/ASF/sam0/drivers/sercom/spi/spi.o
                0x00000a60                spi_init
 .text.spi_read_buffer_wait
                0x00000d5c      0x118 src/ASF/sam0/drivers/sercom/spi/spi.o
                0x00000d5c                spi_read_buffer_wait
 .text.spi_write_buffer_wait
                0x00000e74      0x204 src/ASF/sam0/drivers/sercom/spi/spi.o
                0x00000e74                spi_write_buffer_wait
 .text.usart_init
                0x00001078      0x24c src/ASF/sam0/drivers/sercom/usart/usart.o
                0x00001078                usart_init
 .text.usart_write_wait
                0x000012c4       0x26 src/ASF/sam0/drivers/sercom/usart/usart.o
                0x000012c4                usart_write_wait
 *fill*         0x000012ea        0x2 
 .text._usart_interrupt_handler
                0x000012ec      0x124 src/ASF/sam0/drivers/sercom/usart/usart_interrupt.o
                0x000012ec                _usart_interrupt_handler
 .text.drv_ctrl_write_cmd
                0x00001410       0x38 src/drv_ctrl.o
 .text.drv_ctrl_write_ctrl
                0x00001448       0x2c src/drv_ctrl.o
 .text.drv_ctrl_read_cmd
                0x00001474       0x44 src/drv_ctrl.o
                0x00001474                drv_ctrl_read_cmd
 .text.drv_ctrl_init
                0x000014b8       0x78 src/drv_ctrl.o
                0x000014b8                drv_ctrl_init
 .text.drv_ctrl_enable
                0x00001530       0x18 src/drv_ctrl.o
                0x00001530                drv_ctrl_enable
 .text.drv_ctrl_moveto
                0x00001548       0x80 src/drv_ctrl.o
                0x00001548                drv_ctrl_moveto
 .text.iputc    0x000015c8       0x1c src/rprintf.o
 .text.rprintf_init
                0x000015e4       0x94 src/rprintf.o
                0x000015e4                rprintf_init
 .text.rprintf  0x00001678      0x180 src/rprintf.o
                0x00001678                rprintf
 .text.cpu_irq_enter_critical
                0x000017f8       0x40 src/ASF/common/utils/interrupt/interrupt_sam_nvic.o
                0x000017f8                cpu_irq_enter_critical
 .text.cpu_irq_leave_critical
                0x00001838       0x30 src/ASF/common/utils/interrupt/interrupt_sam_nvic.o
                0x00001838                cpu_irq_leave_critical
 .text.system_board_init
                0x00001868       0x38 src/ASF/sam0/boards/samd20_xplained_pro/board_init.o
                0x00001868                board_init
                0x00001868                system_board_init
 .text.port_pin_set_config
                0x000018a0       0x24 src/ASF/sam0/drivers/port/port.o
                0x000018a0                port_pin_set_config
 .text.system_clock_source_get_hz
                0x000018c4       0x7c src/ASF/sam0/drivers/system/clock/clock_samd20/clock.o
                0x000018c4                system_clock_source_get_hz
 .text.system_clock_source_osc8m_set_config
                0x00001940       0x3c src/ASF/sam0/drivers/system/clock/clock_samd20/clock.o
                0x00001940                system_clock_source_osc8m_set_config
 .text.system_clock_source_enable
                0x0000197c       0x90 src/ASF/sam0/drivers/system/clock/clock_samd20/clock.o
                0x0000197c                system_clock_source_enable
 .text.system_clock_init
                0x00001a0c       0x98 src/ASF/sam0/drivers/system/clock/clock_samd20/clock.o
                0x00001a0c                system_clock_init
 .text.system_gclk_init
                0x00001aa4       0x24 src/ASF/sam0/drivers/system/clock/clock_samd20/gclk.o
                0x00001aa4                system_gclk_init
 .text.system_gclk_gen_set_config
                0x00001ac8       0xb8 src/ASF/sam0/drivers/system/clock/clock_samd20/gclk.o
                0x00001ac8                system_gclk_gen_set_config
 .text.system_gclk_gen_enable
                0x00001b80       0x44 src/ASF/sam0/drivers/system/clock/clock_samd20/gclk.o
                0x00001b80                system_gclk_gen_enable
 .text.system_gclk_gen_get_hz
                0x00001bc4       0x8c src/ASF/sam0/drivers/system/clock/clock_samd20/gclk.o
                0x00001bc4                system_gclk_gen_get_hz
 .text.system_gclk_chan_enable
                0x00001c50       0x30 src/ASF/sam0/drivers/system/clock/clock_samd20/gclk.o
                0x00001c50                system_gclk_chan_enable
 .text.system_gclk_chan_disable
                0x00001c80       0x5c src/ASF/sam0/drivers/system/clock/clock_samd20/gclk.o
                0x00001c80                system_gclk_chan_disable
 .text.system_gclk_chan_set_config
                0x00001cdc       0x1c src/ASF/sam0/drivers/system/clock/clock_samd20/gclk.o
                0x00001cdc                system_gclk_chan_set_config
 .text.system_gclk_chan_get_hz
                0x00001cf8       0x34 src/ASF/sam0/drivers/system/clock/clock_samd20/gclk.o
                0x00001cf8                system_gclk_chan_get_hz
 .text._system_pinmux_config
                0x00001d2c       0xa8 src/ASF/sam0/drivers/system/pinmux/pinmux.o
 .text.system_pinmux_pin_set_config
                0x00001dd4       0x30 src/ASF/sam0/drivers/system/pinmux/pinmux.o
                0x00001dd4                system_pinmux_pin_set_config
 .text._system_dummy_init
                0x00001e04        0x2 src/ASF/sam0/drivers/system/system.o
                0x00001e04                _system_extint_init
                0x00001e04                _system_events_init
                0x00001e04                _system_dummy_init
                0x00001e04                _system_divas_init
 *fill*         0x00001e06        0x2 
 .text.system_init
                0x00001e08       0x2c src/ASF/sam0/drivers/system/system.o
                0x00001e08                system_init
 .text.Dummy_Handler
                0x00001e34        0x2 src/ASF/sam0/utils/cmsis/samd20/source/gcc/startup_samd20.o
                0x00001e34                HardFault_Handler
                0x00001e34                TC2_Handler
                0x00001e34                AC_Handler
                0x00001e34                SysTick_Handler
                0x00001e34                PendSV_Handler
                0x00001e34                NMI_Handler
                0x00001e34                TC7_Handler
                0x00001e34                ADC_Handler
                0x00001e34                RTC_Handler
                0x00001e34                EIC_Handler
                0x00001e34                TC6_Handler
                0x00001e34                WDT_Handler
                0x00001e34                TC4_Handler
                0x00001e34                TC1_Handler
                0x00001e34                TC3_Handler
                0x00001e34                Dummy_Handler
                0x00001e34                PM_Handler
                0x00001e34                SVC_Handler
                0x00001e34                EVSYS_Handler
                0x00001e34                NVMCTRL_Handler
                0x00001e34                DAC_Handler
                0x00001e34                PTC_Handler
                0x00001e34                TC0_Handler
                0x00001e34                TC5_Handler
                0x00001e34                SYSCTRL_Handler
 *fill*         0x00001e36        0x2 
 .text.Reset_Handler
                0x00001e38       0x98 src/ASF/sam0/utils/cmsis/samd20/source/gcc/startup_samd20.o
                0x00001e38                Reset_Handler
 .text.main     0x00001ed0      0x210 src/main.o
                0x00001ed0                main
 .text          0x000020e0      0x114 c:/program files (x86)/atmel/studio/7.0/toolchain/arm/arm-gnu-toolchain/bin/../lib/gcc/arm-none-eabi/6.3.1/thumb/v6-m\libgcc.a(_udivsi3.o)
                0x000020e0                __aeabi_uidiv
                0x000020e0                __udivsi3
                0x000021ec                __aeabi_uidivmod
 .text          0x000021f4        0x4 c:/program files (x86)/atmel/studio/7.0/toolchain/arm/arm-gnu-toolchain/bin/../lib/gcc/arm-none-eabi/6.3.1/thumb/v6-m\libgcc.a(_dvmd_tls.o)
                0x000021f4                __aeabi_idiv0
                0x000021f4                __aeabi_ldiv0
 .text          0x000021f8       0x54 c:/program files (x86)/atmel/studio/7.0/toolchain/arm/arm-gnu-toolchain/bin/../lib/gcc/arm-none-eabi/6.3.1/thumb/v6-m\libgcc.a(_muldi3.o)
                0x000021f8                __muldi3
                0x000021f8                __aeabi_lmul
 .text.__libc_init_array
                0x0000224c       0x48 c:/program files (x86)/atmel/studio/7.0/toolchain/arm/arm-gnu-toolchain/bin/../lib/gcc/arm-none-eabi/6.3.1/../../../../arm-none-eabi/lib/thumb/v6-m\libc_nano.a(lib_a-init.o)
                0x0000224c                __libc_init_array
 .text.memcpy   0x00002294       0x12 c:/program files (x86)/atmel/studio/7.0/toolchain/arm/arm-gnu-toolchain/bin/../lib/gcc/arm-none-eabi/6.3.1/../../../../arm-none-eabi/lib/thumb/v6-m\libc_nano.a(lib_a-memcpy-stub.o)
                0x00002294                memcpy
 .text.memset   0x000022a6       0x10 c:/program files (x86)/atmel/studio/7.0/toolchain/arm/arm-gnu-toolchain/bin/../lib/gcc/arm-none-eabi/6.3.1/../../../../arm-none-eabi/lib/thumb/v6-m\libc_nano.a(lib_a-memset.o)
                0x000022a6                memset
 *(.glue_7t)
 .glue_7t       0x000022b6        0x0 linker stubs
 *(.glue_7)
 .glue_7        0x000022b6        0x0 linker stubs
 *(.rodata .rodata* .gnu.linkonce.r.*)
 *fill*         0x000022b6        0x2 
 .rodata.adc_init
                0x000022b8       0xd4 src/ASF/sam0/drivers/adc/adc_sam_d_r_h/adc.o
 .rodata        0x0000238c       0x50 src/ASF/sam0/drivers/adc/adc_sam_d_r_h/adc.o
 .rodata        0x000023dc       0x18 src/ASF/sam0/drivers/sercom/sercom.o
 .rodata.rprintf.str1.4
                0x000023f4       0x11 src/rprintf.o
 *fill*         0x00002405        0x3 
 .rodata.system_clock_source_get_hz
                0x00002408       0x20 src/ASF/sam0/drivers/system/clock/clock_samd20/clock.o
 .rodata.system_clock_source_enable
                0x00002428       0x20 src/ASF/sam0/drivers/system/clock/clock_samd20/clock.o
 .rodata.main.str1.4
                0x00002448       0x18 src/main.o
                                 0x16 (size before relaxing)
 *(.ARM.extab* .gnu.linkonce.armextab.*)
                0x00002460                . = ALIGN (0x4)
 *(.init)
 .init          0x00002460        0x4 c:/program files (x86)/atmel/studio/7.0/toolchain/arm/arm-gnu-toolchain/bin/../lib/gcc/arm-none-eabi/6.3.1/thumb/v6-m/crti.o
                0x00002460                _init
 .init          0x00002464        0x8 c:/program files (x86)/atmel/studio/7.0/toolchain/arm/arm-gnu-toolchain/bin/../lib/gcc/arm-none-eabi/6.3.1/thumb/v6-m/crtn.o
                0x0000246c                . = ALIGN (0x4)
                0x0000246c                __preinit_array_start = .
 *(.preinit_array)
                0x0000246c                __preinit_array_end = .
                0x0000246c                . = ALIGN (0x4)
                0x0000246c                __init_array_start = .
 *(SORT(.init_array.*))
 *(.init_array)
 .init_array    0x0000246c        0x4 c:/program files (x86)/atmel/studio/7.0/toolchain/arm/arm-gnu-toolchain/bin/../lib/gcc/arm-none-eabi/6.3.1/thumb/v6-m/crtbegin.o
                0x00002470                __init_array_end = .
                0x00002470                . = ALIGN (0x4)
 *crtbegin.o(.ctors)
 *(EXCLUDE_FILE(*crtend.o) .ctors)
 *(SORT(.ctors.*))
 *crtend.o(.ctors)
                0x00002470                . = ALIGN (0x4)
 *(.fini)
 .fini          0x00002470        0x4 c:/program files (x86)/atmel/studio/7.0/toolchain/arm/arm-gnu-toolchain/bin/../lib/gcc/arm-none-eabi/6.3.1/thumb/v6-m/crti.o
                0x00002470                _fini
 .fini          0x00002474        0x8 c:/program files (x86)/atmel/studio/7.0/toolchain/arm/arm-gnu-toolchain/bin/../lib/gcc/arm-none-eabi/6.3.1/thumb/v6-m/crtn.o
                0x0000247c                . = ALIGN (0x4)
                0x0000247c                __fini_array_start = .
 *(.fini_array)
 .fini_array    0x0000247c        0x4 c:/program files (x86)/atmel/studio/7.0/toolchain/arm/arm-gnu-toolchain/bin/../lib/gcc/arm-none-eabi/6.3.1/thumb/v6-m/crtbegin.o
 *(SORT(.fini_array.*))
                0x00002480                __fini_array_end = .
 *crtbegin.o(.dtors)
 *(EXCLUDE_FILE(*crtend.o) .dtors)
 *(SORT(.dtors.*))
 *crtend.o(.dtors)
                0x00002480                . = ALIGN (0x4)
                0x00002480                _efixed = .
                [!provide]                PROVIDE (__exidx_start, .)

.vfp11_veneer   0x00002480        0x0
 .vfp11_veneer  0x00002480        0x0 linker stubs

.v4_bx          0x00002480        0x0
 .v4_bx         0x00002480        0x0 linker stubs

.iplt           0x00002480        0x0
 .iplt          0x00002480        0x0 c:/program files (x86)/atmel/studio/7.0/toolchain/arm/arm-gnu-toolchain/bin/../lib/gcc/arm-none-eabi/6.3.1/thumb/v6-m/crtbegin.o

.eh_frame       0x00002480        0x0
 .eh_frame      0x00002480        0x0 c:/program files (x86)/atmel/studio/7.0/toolchain/arm/arm-gnu-toolchain/bin/../lib/gcc/arm-none-eabi/6.3.1/thumb/v6-m/crtbegin.o

.rel.dyn        0x00002480        0x0
 .rel.iplt      0x00002480        0x0 c:/program files (x86)/atmel/studio/7.0/toolchain/arm/arm-gnu-toolchain/bin/../lib/gcc/arm-none-eabi/6.3.1/thumb/v6-m/crtbegin.o

.jcr            0x00002480        0x0
 .jcr           0x00002480        0x0 c:/program files (x86)/atmel/studio/7.0/toolchain/arm/arm-gnu-toolchain/bin/../lib/gcc/arm-none-eabi/6.3.1/thumb/v6-m/crtbegin.o

.igot.plt       0x00002480        0x0
 .igot.plt      0x00002480        0x0 c:/program files (x86)/atmel/studio/7.0/toolchain/arm/arm-gnu-toolchain/bin/../lib/gcc/arm-none-eabi/6.3.1/thumb/v6-m/crtbegin.o

.ARM.exidx
 *(.ARM.exidx* .gnu.linkonce.armexidx.*)
                [!provide]                PROVIDE (__exidx_end, .)
                0x00002480                . = ALIGN (0x4)
                0x00002480                _etext = .

.relocate       0x20000000        0xc load address 0x00002480
                0x20000000                . = ALIGN (0x4)
                0x20000000                _srelocate = .
 *(.ramfunc .ramfunc.*)
 *(.data .data.*)
 .data.cycles_per_ms
                0x20000000        0x4 src/ASF/common2/services/delay/sam0/systick_counter.o
 .data.cycles_per_us
                0x20000004        0x4 src/ASF/common2/services/delay/sam0/systick_counter.o
 .data.g_interrupt_enabled
                0x20000008        0x1 src/ASF/common/utils/interrupt/interrupt_sam_nvic.o
                0x20000008                g_interrupt_enabled
                0x2000000c                . = ALIGN (0x4)
 *fill*         0x20000009        0x3 
                0x2000000c                _erelocate = .

.bss            0x2000000c       0xd0 load address 0x0000248c
                0x2000000c                . = ALIGN (0x4)
                0x2000000c                _sbss = .
                0x2000000c                _szero = .
 *(.bss .bss.*)
 .bss           0x2000000c       0x1c c:/program files (x86)/atmel/studio/7.0/toolchain/arm/arm-gnu-toolchain/bin/../lib/gcc/arm-none-eabi/6.3.1/thumb/v6-m/crtbegin.o
 .bss._sercom_config
                0x20000028        0x2 src/ASF/sam0/drivers/sercom/sercom.o
 .bss._handler_table_initialized
                0x2000002a        0x1 src/ASF/sam0/drivers/sercom/sercom_interrupt.o
 *fill*         0x2000002b        0x1 
 .bss._sercom_interrupt_handlers
                0x2000002c       0x18 src/ASF/sam0/drivers/sercom/sercom_interrupt.o
 .bss.actual_position_mm
                0x20000044        0x2 src/drv_ctrl.o
 *fill*         0x20000046        0x2 
 .bss.drv_config
                0x20000048       0x26 src/drv_ctrl.o
 *fill*         0x2000006e        0x2 
 .bss.cpu_irq_critical_section_counter
                0x20000070        0x4 src/ASF/common/utils/interrupt/interrupt_sam_nvic.o
 .bss.cpu_irq_prev_interrupt_state
                0x20000074        0x1 src/ASF/common/utils/interrupt/interrupt_sam_nvic.o
 *fill*         0x20000075        0x3 
 .bss._system_clock_inst
                0x20000078       0x14 src/ASF/sam0/drivers/system/clock/clock_samd20/clock.o
 *(COMMON)
 COMMON         0x2000008c       0x18 src/ASF/sam0/drivers/sercom/sercom_interrupt.o
                0x2000008c                _sercom_instances
 COMMON         0x200000a4       0x24 src/rprintf.o
                0x200000a4                my_usart_instance
 COMMON         0x200000c8       0x14 src/main.o
                0x200000c8                spi_motor_controller
                0x200000cc                spi_master_instance
                0x200000d4                adc_instance
                0x200000dc                . = ALIGN (0x4)
                0x200000dc                _ebss = .
                0x200000dc                _ezero = .

.stack          0x200000dc     0x2004 load address 0x0000255c
                0x200000e0                . = ALIGN (0x8)
 *fill*         0x200000dc        0x4 
                0x200000e0                _sstack = .
                0x200020e0                . = (. + STACK_SIZE)
 *fill*         0x200000e0     0x2000 
                0x200020e0                . = ALIGN (0x8)
                0x200020e0                _estack = .
                0x200020e0                . = ALIGN (0x4)
                0x200020e0                _end = .
OUTPUT(PickNPlace.elf elf32-littlearm)

.ARM.attributes
                0x00000000       0x28
 .ARM.attributes
                0x00000000       0x1e c:/program files (x86)/atmel/studio/7.0/toolchain/arm/arm-gnu-toolchain/bin/../lib/gcc/arm-none-eabi/6.3.1/thumb/v6-m/crti.o
 .ARM.attributes
                0x0000001e       0x2c c:/program files (x86)/atmel/studio/7.0/toolchain/arm/arm-gnu-toolchain/bin/../lib/gcc/arm-none-eabi/6.3.1/thumb/v6-m/crtbegin.o
 .ARM.attributes
                0x0000004a       0x32 src/ASF/common2/services/delay/sam0/systick_counter.o
 .ARM.attributes
                0x0000007c       0x32 src/ASF/sam0/drivers/adc/adc_sam_d_r_h/adc.o
 .ARM.attributes
                0x000000ae       0x32 src/ASF/sam0/drivers/sercom/sercom.o
 .ARM.attributes
                0x000000e0       0x32 src/ASF/sam0/drivers/sercom/sercom_interrupt.o
 .ARM.attributes
                0x00000112       0x32 src/ASF/sam0/drivers/sercom/spi/spi.o
 .ARM.attributes
                0x00000144       0x32 src/ASF/sam0/drivers/sercom/usart/usart.o
 .ARM.attributes
                0x00000176       0x32 src/ASF/sam0/drivers/sercom/usart/usart_interrupt.o
 .ARM.attributes
                0x000001a8       0x32 src/drv_ctrl.o
 .ARM.attributes
                0x000001da       0x32 src/rprintf.o
 .ARM.attributes
                0x0000020c       0x32 src/ASF/common/utils/interrupt/interrupt_sam_nvic.o
 .ARM.attributes
                0x0000023e       0x32 src/ASF/sam0/boards/samd20_xplained_pro/board_init.o
 .ARM.attributes
                0x00000270       0x32 src/ASF/sam0/drivers/port/port.o
 .ARM.attributes
                0x000002a2       0x32 src/ASF/sam0/drivers/system/clock/clock_samd20/clock.o
 .ARM.attributes
                0x000002d4       0x32 src/ASF/sam0/drivers/system/clock/clock_samd20/gclk.o
 .ARM.attributes
                0x00000306       0x32 src/ASF/sam0/drivers/system/pinmux/pinmux.o
 .ARM.attributes
                0x00000338       0x32 src/ASF/sam0/drivers/system/system.o
 .ARM.attributes
                0x0000036a       0x32 src/ASF/sam0/utils/cmsis/samd20/source/gcc/startup_samd20.o
 .ARM.attributes
                0x0000039c       0x32 src/main.o
 .ARM.attributes
                0x000003ce       0x1e c:/program files (x86)/atmel/studio/7.0/toolchain/arm/arm-gnu-toolchain/bin/../lib/gcc/arm-none-eabi/6.3.1/thumb/v6-m\libgcc.a(_udivsi3.o)
 .ARM.attributes
                0x000003ec       0x1e c:/program files (x86)/atmel/studio/7.0/toolchain/arm/arm-gnu-toolchain/bin/../lib/gcc/arm-none-eabi/6.3.1/thumb/v6-m\libgcc.a(_dvmd_tls.o)
 .ARM.attributes
                0x0000040a       0x2c c:/program files (x86)/atmel/studio/7.0/toolchain/arm/arm-gnu-toolchain/bin/../lib/gcc/arm-none-eabi/6.3.1/thumb/v6-m\libgcc.a(_muldi3.o)
 .ARM.attributes
                0x00000436       0x2c c:/program files (x86)/atmel/studio/7.0/toolchain/arm/arm-gnu-toolchain/bin/../lib/gcc/arm-none-eabi/6.3.1/../../../../arm-none-eabi/lib/thumb/v6-m\libc_nano.a(lib_a-init.o)
 .ARM.attributes
                0x00000462       0x2c c:/program files (x86)/atmel/studio/7.0/toolchain/arm/arm-gnu-toolchain/bin/../lib/gcc/arm-none-eabi/6.3.1/../../../../arm-none-eabi/lib/thumb/v6-m\libc_nano.a(lib_a-memcpy-stub.o)
 .ARM.attributes
                0x0000048e       0x2c c:/program files (x86)/atmel/studio/7.0/toolchain/arm/arm-gnu-toolchain/bin/../lib/gcc/arm-none-eabi/6.3.1/../../../../arm-none-eabi/lib/thumb/v6-m\libc_nano.a(lib_a-memset.o)
 .ARM.attributes
                0x000004ba       0x1e c:/program files (x86)/atmel/studio/7.0/toolchain/arm/arm-gnu-toolchain/bin/../lib/gcc/arm-none-eabi/6.3.1/thumb/v6-m/crtn.o

.comment        0x00000000       0x59
 .comment       0x00000000       0x59 src/ASF/common2/services/delay/sam0/systick_counter.o
                                 0x5a (size before relaxing)
 .comment       0x00000059       0x5a src/ASF/sam0/drivers/adc/adc_sam_d_r_h/adc.o
 .comment       0x00000059       0x5a src/ASF/sam0/drivers/sercom/sercom.o
 .comment       0x00000059       0x5a src/ASF/sam0/drivers/sercom/sercom_interrupt.o
 .comment       0x00000059       0x5a src/ASF/sam0/drivers/sercom/spi/spi.o
 .comment       0x00000059       0x5a src/ASF/sam0/drivers/sercom/usart/usart.o
 .comment       0x00000059       0x5a src/ASF/sam0/drivers/sercom/usart/usart_interrupt.o
 .comment       0x00000059       0x5a src/drv_ctrl.o
 .comment       0x00000059       0x5a src/rprintf.o
 .comment       0x00000059       0x5a src/ASF/common/utils/interrupt/interrupt_sam_nvic.o
 .comment       0x00000059       0x5a src/ASF/sam0/boards/samd20_xplained_pro/board_init.o
 .comment       0x00000059       0x5a src/ASF/sam0/drivers/port/port.o
 .comment       0x00000059       0x5a src/ASF/sam0/drivers/system/clock/clock_samd20/clock.o
 .comment       0x00000059       0x5a src/ASF/sam0/drivers/system/clock/clock_samd20/gclk.o
 .comment       0x00000059       0x5a src/ASF/sam0/drivers/system/pinmux/pinmux.o
 .comment       0x00000059       0x5a src/ASF/sam0/drivers/system/system.o
 .comment       0x00000059       0x5a src/ASF/sam0/utils/cmsis/samd20/source/gcc/startup_samd20.o
 .comment       0x00000059       0x5a src/main.o

.debug_info     0x00000000    0x2bf74
 .debug_info    0x00000000      0xb8d src/ASF/common2/services/delay/sam0/systick_counter.o
 .debug_info    0x00000b8d     0x3916 src/ASF/sam0/drivers/adc/adc_sam_d_r_h/adc.o
 .debug_info    0x000044a3     0x2660 src/ASF/sam0/drivers/sercom/sercom.o
 .debug_info    0x00006b03     0x2456 src/ASF/sam0/drivers/sercom/sercom_interrupt.o
 .debug_info    0x00008f59     0x5f38 src/ASF/sam0/drivers/sercom/spi/spi.o
 .debug_info    0x0000ee91     0x41bd src/ASF/sam0/drivers/sercom/usart/usart.o
 .debug_info    0x0001304e     0x2881 src/ASF/sam0/drivers/sercom/usart/usart_interrupt.o
 .debug_info    0x000158cf     0x3e81 src/drv_ctrl.o
 .debug_info    0x00019750     0x2be7 src/rprintf.o
 .debug_info    0x0001c337      0xb05 src/ASF/common/utils/interrupt/interrupt_sam_nvic.o
 .debug_info    0x0001ce3c     0x12ac src/ASF/sam0/boards/samd20_xplained_pro/board_init.o
 .debug_info    0x0001e0e8     0x12b6 src/ASF/sam0/drivers/port/port.o
 .debug_info    0x0001f39e     0x3d15 src/ASF/sam0/drivers/system/clock/clock_samd20/clock.o
 .debug_info    0x000230b3     0x1de7 src/ASF/sam0/drivers/system/clock/clock_samd20/gclk.o
 .debug_info    0x00024e9a     0x1374 src/ASF/sam0/drivers/system/pinmux/pinmux.o
 .debug_info    0x0002620e      0xa73 src/ASF/sam0/drivers/system/system.o
 .debug_info    0x00026c81      0x9c9 src/ASF/sam0/utils/cmsis/samd20/source/gcc/startup_samd20.o
 .debug_info    0x0002764a     0x492a src/main.o

.debug_abbrev   0x00000000     0x3ded
 .debug_abbrev  0x00000000      0x24b src/ASF/common2/services/delay/sam0/systick_counter.o
 .debug_abbrev  0x0000024b      0x453 src/ASF/sam0/drivers/adc/adc_sam_d_r_h/adc.o
 .debug_abbrev  0x0000069e      0x378 src/ASF/sam0/drivers/sercom/sercom.o
 .debug_abbrev  0x00000a16      0x2d8 src/ASF/sam0/drivers/sercom/sercom_interrupt.o
 .debug_abbrev  0x00000cee      0x532 src/ASF/sam0/drivers/sercom/spi/spi.o
 .debug_abbrev  0x00001220      0x470 src/ASF/sam0/drivers/sercom/usart/usart.o
 .debug_abbrev  0x00001690      0x416 src/ASF/sam0/drivers/sercom/usart/usart_interrupt.o
 .debug_abbrev  0x00001aa6      0x41c src/drv_ctrl.o
 .debug_abbrev  0x00001ec2      0x412 src/rprintf.o
 .debug_abbrev  0x000022d4      0x23b src/ASF/common/utils/interrupt/interrupt_sam_nvic.o
 .debug_abbrev  0x0000250f      0x2dc src/ASF/sam0/boards/samd20_xplained_pro/board_init.o
 .debug_abbrev  0x000027eb      0x298 src/ASF/sam0/drivers/port/port.o
 .debug_abbrev  0x00002a83      0x4a1 src/ASF/sam0/drivers/system/clock/clock_samd20/clock.o
 .debug_abbrev  0x00002f24      0x40d src/ASF/sam0/drivers/system/clock/clock_samd20/gclk.o
 .debug_abbrev  0x00003331      0x332 src/ASF/sam0/drivers/system/pinmux/pinmux.o
 .debug_abbrev  0x00003663      0x1e1 src/ASF/sam0/drivers/system/system.o
 .debug_abbrev  0x00003844      0x1e4 src/ASF/sam0/utils/cmsis/samd20/source/gcc/startup_samd20.o
 .debug_abbrev  0x00003a28      0x3c5 src/main.o

.debug_loc      0x00000000     0x77ff
 .debug_loc     0x00000000       0xe4 src/ASF/common2/services/delay/sam0/systick_counter.o
 .debug_loc     0x000000e4      0x927 src/ASF/sam0/drivers/adc/adc_sam_d_r_h/adc.o
 .debug_loc     0x00000a0b      0x9d5 src/ASF/sam0/drivers/sercom/sercom.o
 .debug_loc     0x000013e0      0x161 src/ASF/sam0/drivers/sercom/sercom_interrupt.o
 .debug_loc     0x00001541     0x2cde src/ASF/sam0/drivers/sercom/spi/spi.o
 .debug_loc     0x0000421f      0xb8b src/ASF/sam0/drivers/sercom/usart/usart.o
 .debug_loc     0x00004daa      0x6b6 src/ASF/sam0/drivers/sercom/usart/usart_interrupt.o
 .debug_loc     0x00005460      0x4f7 src/drv_ctrl.o
 .debug_loc     0x00005957      0x405 src/rprintf.o
 .debug_loc     0x00005d5c       0x8a src/ASF/sam0/boards/samd20_xplained_pro/board_init.o
 .debug_loc     0x00005de6      0x13d src/ASF/sam0/drivers/port/port.o
 .debug_loc     0x00005f23      0xe1c src/ASF/sam0/drivers/system/clock/clock_samd20/clock.o
 .debug_loc     0x00006d3f      0x504 src/ASF/sam0/drivers/system/clock/clock_samd20/gclk.o
 .debug_loc     0x00007243      0x322 src/ASF/sam0/drivers/system/pinmux/pinmux.o
 .debug_loc     0x00007565       0x20 src/ASF/sam0/drivers/system/system.o
 .debug_loc     0x00007585       0x40 src/ASF/sam0/utils/cmsis/samd20/source/gcc/startup_samd20.o
 .debug_loc     0x000075c5      0x23a src/main.o

.debug_aranges  0x00000000      0x4b8
 .debug_aranges
                0x00000000       0x30 src/ASF/common2/services/delay/sam0/systick_counter.o
 .debug_aranges
                0x00000030       0x38 src/ASF/sam0/drivers/adc/adc_sam_d_r_h/adc.o
 .debug_aranges
                0x00000068       0x48 src/ASF/sam0/drivers/sercom/sercom.o
 .debug_aranges
                0x000000b0       0x60 src/ASF/sam0/drivers/sercom/sercom_interrupt.o
 .debug_aranges
                0x00000110       0x58 src/ASF/sam0/drivers/sercom/spi/spi.o
 .debug_aranges
                0x00000168       0x40 src/ASF/sam0/drivers/sercom/usart/usart.o
 .debug_aranges
                0x000001a8       0x70 src/ASF/sam0/drivers/sercom/usart/usart_interrupt.o
 .debug_aranges
                0x00000218       0x68 src/drv_ctrl.o
 .debug_aranges
                0x00000280       0x30 src/rprintf.o
 .debug_aranges
                0x000002b0       0x28 src/ASF/common/utils/interrupt/interrupt_sam_nvic.o
 .debug_aranges
                0x000002d8       0x20 src/ASF/sam0/boards/samd20_xplained_pro/board_init.o
 .debug_aranges
                0x000002f8       0x28 src/ASF/sam0/drivers/port/port.o
 .debug_aranges
                0x00000320       0x70 src/ASF/sam0/drivers/system/clock/clock_samd20/clock.o
 .debug_aranges
                0x00000390       0x80 src/ASF/sam0/drivers/system/clock/clock_samd20/gclk.o
 .debug_aranges
                0x00000410       0x38 src/ASF/sam0/drivers/system/pinmux/pinmux.o
 .debug_aranges
                0x00000448       0x28 src/ASF/sam0/drivers/system/system.o
 .debug_aranges
                0x00000470       0x28 src/ASF/sam0/utils/cmsis/samd20/source/gcc/startup_samd20.o
 .debug_aranges
                0x00000498       0x20 src/main.o

.debug_ranges   0x00000000      0x9b8
 .debug_ranges  0x00000000       0x50 src/ASF/common2/services/delay/sam0/systick_counter.o
 .debug_ranges  0x00000050       0xb8 src/ASF/sam0/drivers/adc/adc_sam_d_r_h/adc.o
 .debug_ranges  0x00000108       0x50 src/ASF/sam0/drivers/sercom/sercom.o
 .debug_ranges  0x00000158       0x50 src/ASF/sam0/drivers/sercom/sercom_interrupt.o
 .debug_ranges  0x000001a8      0x490 src/ASF/sam0/drivers/sercom/spi/spi.o
 .debug_ranges  0x00000638      0x100 src/ASF/sam0/drivers/sercom/usart/usart.o
 .debug_ranges  0x00000738       0x60 src/ASF/sam0/drivers/sercom/usart/usart_interrupt.o
 .debug_ranges  0x00000798       0x70 src/drv_ctrl.o
 .debug_ranges  0x00000808       0x20 src/rprintf.o
 .debug_ranges  0x00000828       0x18 src/ASF/common/utils/interrupt/interrupt_sam_nvic.o
 .debug_ranges  0x00000840       0x10 src/ASF/sam0/boards/samd20_xplained_pro/board_init.o
 .debug_ranges  0x00000850       0x18 src/ASF/sam0/drivers/port/port.o
 .debug_ranges  0x00000868       0x60 src/ASF/sam0/drivers/system/clock/clock_samd20/clock.o
 .debug_ranges  0x000008c8       0x88 src/ASF/sam0/drivers/system/clock/clock_samd20/gclk.o
 .debug_ranges  0x00000950       0x28 src/ASF/sam0/drivers/system/pinmux/pinmux.o
 .debug_ranges  0x00000978       0x18 src/ASF/sam0/drivers/system/system.o
 .debug_ranges  0x00000990       0x18 src/ASF/sam0/utils/cmsis/samd20/source/gcc/startup_samd20.o
 .debug_ranges  0x000009a8       0x10 src/main.o

.debug_macro    0x00000000    0x14828
 .debug_macro   0x00000000      0x4ed src/ASF/common2/services/delay/sam0/systick_counter.o
 .debug_macro   0x000004ed      0x8ce src/ASF/common2/services/delay/sam0/systick_counter.o
 .debug_macro   0x00000dbb      0x16d src/ASF/common2/services/delay/sam0/systick_counter.o
 .debug_macro   0x00000f28      0x71d src/ASF/common2/services/delay/sam0/systick_counter.o
 .debug_macro   0x00001645       0x22 src/ASF/common2/services/delay/sam0/systick_counter.o
 .debug_macro   0x00001667       0x87 src/ASF/common2/services/delay/sam0/systick_counter.o
 .debug_macro   0x000016ee       0x51 src/ASF/common2/services/delay/sam0/systick_counter.o
 .debug_macro   0x0000173f       0xef src/ASF/common2/services/delay/sam0/systick_counter.o
 .debug_macro   0x0000182e       0x6a src/ASF/common2/services/delay/sam0/systick_counter.o
 .debug_macro   0x00001898      0x1df src/ASF/common2/services/delay/sam0/systick_counter.o
 .debug_macro   0x00001a77       0x10 src/ASF/common2/services/delay/sam0/systick_counter.o
 .debug_macro   0x00001a87       0x76 src/ASF/common2/services/delay/sam0/systick_counter.o
 .debug_macro   0x00001afd       0x16 src/ASF/common2/services/delay/sam0/systick_counter.o
 .debug_macro   0x00001b13      0x6db src/ASF/common2/services/delay/sam0/systick_counter.o
 .debug_macro   0x000021ee      0xdd8 src/ASF/common2/services/delay/sam0/systick_counter.o
 .debug_macro   0x00002fc6       0x22 src/ASF/common2/services/delay/sam0/systick_counter.o
 .debug_macro   0x00002fe8       0x40 src/ASF/common2/services/delay/sam0/systick_counter.o
 .debug_macro   0x00003028       0x1c src/ASF/common2/services/delay/sam0/systick_counter.o
 .debug_macro   0x00003044       0x22 src/ASF/common2/services/delay/sam0/systick_counter.o
 .debug_macro   0x00003066       0xb5 src/ASF/common2/services/delay/sam0/systick_counter.o
 .debug_macro   0x0000311b      0x3ad src/ASF/common2/services/delay/sam0/systick_counter.o
 .debug_macro   0x000034c8      0x682 src/ASF/common2/services/delay/sam0/systick_counter.o
 .debug_macro   0x00003b4a      0x8b8 src/ASF/common2/services/delay/sam0/systick_counter.o
 .debug_macro   0x00004402      0x224 src/ASF/common2/services/delay/sam0/systick_counter.o
 .debug_macro   0x00004626      0x61a src/ASF/common2/services/delay/sam0/systick_counter.o
 .debug_macro   0x00004c40      0x9f8 src/ASF/common2/services/delay/sam0/systick_counter.o
 .debug_macro   0x00005638      0x5ca src/ASF/common2/services/delay/sam0/systick_counter.o
 .debug_macro   0x00005c02      0x4ac src/ASF/common2/services/delay/sam0/systick_counter.o
 .debug_macro   0x000060ae      0x743 src/ASF/common2/services/delay/sam0/systick_counter.o
 .debug_macro   0x000067f1       0x5e src/ASF/common2/services/delay/sam0/systick_counter.o
 .debug_macro   0x0000684f      0x5e0 src/ASF/common2/services/delay/sam0/systick_counter.o
 .debug_macro   0x00006e2f      0x3b6 src/ASF/common2/services/delay/sam0/systick_counter.o
 .debug_macro   0x000071e5      0xc7d src/ASF/common2/services/delay/sam0/systick_counter.o
 .debug_macro   0x00007e62      0xd29 src/ASF/common2/services/delay/sam0/systick_counter.o
 .debug_macro   0x00008b8b      0x7b3 src/ASF/common2/services/delay/sam0/systick_counter.o
 .debug_macro   0x0000933e      0x6ba src/ASF/common2/services/delay/sam0/systick_counter.o
 .debug_macro   0x000099f8      0x347 src/ASF/common2/services/delay/sam0/systick_counter.o
 .debug_macro   0x00009d3f       0x7c src/ASF/common2/services/delay/sam0/systick_counter.o
 .debug_macro   0x00009dbb       0x9a src/ASF/common2/services/delay/sam0/systick_counter.o
 .debug_macro   0x00009e55       0x46 src/ASF/common2/services/delay/sam0/systick_counter.o
 .debug_macro   0x00009e9b       0xb2 src/ASF/common2/services/delay/sam0/systick_counter.o
 .debug_macro   0x00009f4d       0x6a src/ASF/common2/services/delay/sam0/systick_counter.o
 .debug_macro   0x00009fb7      0x27d src/ASF/common2/services/delay/sam0/systick_counter.o
 .debug_macro   0x0000a234       0x7c src/ASF/common2/services/delay/sam0/systick_counter.o
 .debug_macro   0x0000a2b0       0xc4 src/ASF/common2/services/delay/sam0/systick_counter.o
 .debug_macro   0x0000a374       0x1c src/ASF/common2/services/delay/sam0/systick_counter.o
 .debug_macro   0x0000a390       0x1c src/ASF/common2/services/delay/sam0/systick_counter.o
 .debug_macro   0x0000a3ac       0x1c src/ASF/common2/services/delay/sam0/systick_counter.o
 .debug_macro   0x0000a3c8       0x82 src/ASF/common2/services/delay/sam0/systick_counter.o
 .debug_macro   0x0000a44a      0x15a src/ASF/common2/services/delay/sam0/systick_counter.o
 .debug_macro   0x0000a5a4       0xdc src/ASF/common2/services/delay/sam0/systick_counter.o
 .debug_macro   0x0000a680      0x100 src/ASF/common2/services/delay/sam0/systick_counter.o
 .debug_macro   0x0000a780      0x100 src/ASF/common2/services/delay/sam0/systick_counter.o
 .debug_macro   0x0000a880      0x100 src/ASF/common2/services/delay/sam0/systick_counter.o
 .debug_macro   0x0000a980      0x100 src/ASF/common2/services/delay/sam0/systick_counter.o
 .debug_macro   0x0000aa80      0x100 src/ASF/common2/services/delay/sam0/systick_counter.o
 .debug_macro   0x0000ab80      0x100 src/ASF/common2/services/delay/sam0/systick_counter.o
 .debug_macro   0x0000ac80       0xfa src/ASF/common2/services/delay/sam0/systick_counter.o
 .debug_macro   0x0000ad7a       0xbe src/ASF/common2/services/delay/sam0/systick_counter.o
 .debug_macro   0x0000ae38       0xbe src/ASF/common2/services/delay/sam0/systick_counter.o
 .debug_macro   0x0000aef6       0xbe src/ASF/common2/services/delay/sam0/systick_counter.o
 .debug_macro   0x0000afb4       0xbe src/ASF/common2/services/delay/sam0/systick_counter.o
 .debug_macro   0x0000b072       0xbe src/ASF/common2/services/delay/sam0/systick_counter.o
 .debug_macro   0x0000b130       0xbe src/ASF/common2/services/delay/sam0/systick_counter.o
 .debug_macro   0x0000b1ee       0xbe src/ASF/common2/services/delay/sam0/systick_counter.o
 .debug_macro   0x0000b2ac       0xbe src/ASF/common2/services/delay/sam0/systick_counter.o
 .debug_macro   0x0000b36a       0x40 src/ASF/common2/services/delay/sam0/systick_counter.o
 .debug_macro   0x0000b3aa      0x2e3 src/ASF/common2/services/delay/sam0/systick_counter.o
 .debug_macro   0x0000b68d     0x19ba src/ASF/common2/services/delay/sam0/systick_counter.o
 .debug_macro   0x0000d047       0x4a src/ASF/common2/services/delay/sam0/systick_counter.o
 .debug_macro   0x0000d091       0x58 src/ASF/common2/services/delay/sam0/systick_counter.o
 .debug_macro   0x0000d0e9       0x35 src/ASF/common2/services/delay/sam0/systick_counter.o
 .debug_macro   0x0000d11e       0x9c src/ASF/common2/services/delay/sam0/systick_counter.o
 .debug_macro   0x0000d1ba       0x16 src/ASF/common2/services/delay/sam0/systick_counter.o
 .debug_macro   0x0000d1d0       0x35 src/ASF/common2/services/delay/sam0/systick_counter.o
 .debug_macro   0x0000d205      0x34d src/ASF/common2/services/delay/sam0/systick_counter.o
 .debug_macro   0x0000d552       0x10 src/ASF/common2/services/delay/sam0/systick_counter.o
 .debug_macro   0x0000d562       0x58 src/ASF/common2/services/delay/sam0/systick_counter.o
 .debug_macro   0x0000d5ba       0x1f src/ASF/common2/services/delay/sam0/systick_counter.o
 .debug_macro   0x0000d5d9       0x43 src/ASF/common2/services/delay/sam0/systick_counter.o
 .debug_macro   0x0000d61c       0x20 src/ASF/common2/services/delay/sam0/systick_counter.o
 .debug_macro   0x0000d63c      0x187 src/ASF/common2/services/delay/sam0/systick_counter.o
 .debug_macro   0x0000d7c3       0x10 src/ASF/common2/services/delay/sam0/systick_counter.o
 .debug_macro   0x0000d7d3       0x1c src/ASF/common2/services/delay/sam0/systick_counter.o
 .debug_macro   0x0000d7ef       0x52 src/ASF/common2/services/delay/sam0/systick_counter.o
 .debug_macro   0x0000d841       0x40 src/ASF/common2/services/delay/sam0/systick_counter.o
 .debug_macro   0x0000d881       0x10 src/ASF/common2/services/delay/sam0/systick_counter.o
 .debug_macro   0x0000d891       0x40 src/ASF/common2/services/delay/sam0/systick_counter.o
 .debug_macro   0x0000d8d1       0xd7 src/ASF/common2/services/delay/sam0/systick_counter.o
 .debug_macro   0x0000d9a8       0x16 src/ASF/common2/services/delay/sam0/systick_counter.o
 .debug_macro   0x0000d9be      0x18b src/ASF/common2/services/delay/sam0/systick_counter.o
 .debug_macro   0x0000db49       0x16 src/ASF/common2/services/delay/sam0/systick_counter.o
 .debug_macro   0x0000db5f       0x16 src/ASF/common2/services/delay/sam0/systick_counter.o
 .debug_macro   0x0000db75       0x29 src/ASF/common2/services/delay/sam0/systick_counter.o
 .debug_macro   0x0000db9e       0x51 src/ASF/common2/services/delay/sam0/systick_counter.o
 .debug_macro   0x0000dbef       0x3e src/ASF/common2/services/delay/sam0/systick_counter.o
 .debug_macro   0x0000dc2d      0x3df src/ASF/common2/services/delay/sam0/systick_counter.o
 .debug_macro   0x0000e00c       0x16 src/ASF/common2/services/delay/sam0/systick_counter.o
 .debug_macro   0x0000e022       0x16 src/ASF/common2/services/delay/sam0/systick_counter.o
 .debug_macro   0x0000e038      0x51e src/ASF/sam0/drivers/adc/adc_sam_d_r_h/adc.o
 .debug_macro   0x0000e556       0x11 src/ASF/sam0/drivers/adc/adc_sam_d_r_h/adc.o
 .debug_macro   0x0000e567       0x16 src/ASF/sam0/drivers/adc/adc_sam_d_r_h/adc.o
 .debug_macro   0x0000e57d       0x19 src/ASF/sam0/drivers/adc/adc_sam_d_r_h/adc.o
 .debug_macro   0x0000e596      0x53f src/ASF/sam0/drivers/sercom/sercom.o
 .debug_macro   0x0000ead5       0x2e src/ASF/sam0/drivers/sercom/sercom.o
 .debug_macro   0x0000eb03       0xb2 src/ASF/sam0/drivers/sercom/sercom.o
 .debug_macro   0x0000ebb5       0x10 src/ASF/sam0/drivers/sercom/sercom.o
 .debug_macro   0x0000ebc5      0x53c src/ASF/sam0/drivers/sercom/sercom_interrupt.o
 .debug_macro   0x0000f101      0x574 src/ASF/sam0/drivers/sercom/spi/spi.o
 .debug_macro   0x0000f675       0x12 src/ASF/sam0/drivers/sercom/spi/spi.o
 .debug_macro   0x0000f687       0x16 src/ASF/sam0/drivers/sercom/spi/spi.o
 .debug_macro   0x0000f69d       0x16 src/ASF/sam0/drivers/sercom/spi/spi.o
 .debug_macro   0x0000f6b3       0x19 src/ASF/sam0/drivers/sercom/spi/spi.o
 .debug_macro   0x0000f6cc      0x550 src/ASF/sam0/drivers/sercom/usart/usart.o
 .debug_macro   0x0000fc1c       0x19 src/ASF/sam0/drivers/sercom/usart/usart.o
 .debug_macro   0x0000fc35      0x550 src/ASF/sam0/drivers/sercom/usart/usart_interrupt.o
 .debug_macro   0x00010185      0x631 src/drv_ctrl.o
 .debug_macro   0x000107b6       0x1c src/drv_ctrl.o
 .debug_macro   0x000107d2      0x2df src/drv_ctrl.o
 .debug_macro   0x00010ab1      0x804 src/drv_ctrl.o
 .debug_macro   0x000112b5       0x18 src/drv_ctrl.o
 .debug_macro   0x000112cd       0x11 src/drv_ctrl.o
 .debug_macro   0x000112de       0x6c src/drv_ctrl.o
 .debug_macro   0x0001134a       0x6a src/drv_ctrl.o
 .debug_macro   0x000113b4       0x34 src/drv_ctrl.o
 .debug_macro   0x000113e8      0x61c src/rprintf.o
 .debug_macro   0x00011a04      0x4b1 src/ASF/common/utils/interrupt/interrupt_sam_nvic.o
 .debug_macro   0x00011eb5      0x4ed src/ASF/sam0/boards/samd20_xplained_pro/board_init.o
 .debug_macro   0x000123a2      0x4cb src/ASF/sam0/drivers/port/port.o
 .debug_macro   0x0001286d      0x5c6 src/ASF/sam0/drivers/system/clock/clock_samd20/clock.o
 .debug_macro   0x00012e33      0x213 src/ASF/sam0/drivers/system/clock/clock_samd20/clock.o
 .debug_macro   0x00013046      0x4e8 src/ASF/sam0/drivers/system/clock/clock_samd20/gclk.o
 .debug_macro   0x0001352e      0x4c3 src/ASF/sam0/drivers/system/pinmux/pinmux.o
 .debug_macro   0x000139f1      0x4f5 src/ASF/sam0/drivers/system/system.o
 .debug_macro   0x00013ee6      0x298 src/ASF/sam0/utils/cmsis/samd20/source/gcc/startup_samd20.o
 .debug_macro   0x0001417e       0x3a src/ASF/sam0/utils/cmsis/samd20/source/gcc/startup_samd20.o
 .debug_macro   0x000141b8      0x636 src/main.o
 .debug_macro   0x000147ee       0x3a src/main.o

.debug_line     0x00000000     0xccb3
 .debug_line    0x00000000      0x962 src/ASF/common2/services/delay/sam0/systick_counter.o
 .debug_line    0x00000962      0xc25 src/ASF/sam0/drivers/adc/adc_sam_d_r_h/adc.o
 .debug_line    0x00001587      0xb71 src/ASF/sam0/drivers/sercom/sercom.o
 .debug_line    0x000020f8      0xb15 src/ASF/sam0/drivers/sercom/sercom_interrupt.o
 .debug_line    0x00002c0d     0x130c src/ASF/sam0/drivers/sercom/spi/spi.o
 .debug_line    0x00003f19      0xc60 src/ASF/sam0/drivers/sercom/usart/usart.o
 .debug_line    0x00004b79      0xc49 src/ASF/sam0/drivers/sercom/usart/usart_interrupt.o
 .debug_line    0x000057c2      0xe6d src/drv_ctrl.o
 .debug_line    0x0000662f      0xe15 src/rprintf.o
 .debug_line    0x00007444      0x871 src/ASF/common/utils/interrupt/interrupt_sam_nvic.o
 .debug_line    0x00007cb5      0x91e src/ASF/sam0/boards/samd20_xplained_pro/board_init.o
 .debug_line    0x000085d3      0x8a3 src/ASF/sam0/drivers/port/port.o
 .debug_line    0x00008e76      0xbb8 src/ASF/sam0/drivers/system/clock/clock_samd20/clock.o
 .debug_line    0x00009a2e      0xc14 src/ASF/sam0/drivers/system/clock/clock_samd20/gclk.o
 .debug_line    0x0000a642      0x8d3 src/ASF/sam0/drivers/system/pinmux/pinmux.o
 .debug_line    0x0000af15      0x98f src/ASF/sam0/drivers/system/system.o
 .debug_line    0x0000b8a4      0x5ef src/ASF/sam0/utils/cmsis/samd20/source/gcc/startup_samd20.o
 .debug_line    0x0000be93      0xe20 src/main.o

.debug_str      0x00000000    0x64578
 .debug_str     0x00000000    0x596e9 src/ASF/common2/services/delay/sam0/systick_counter.o
                              0x59bd2 (size before relaxing)
 .debug_str     0x000596e9     0x1a85 src/ASF/sam0/drivers/adc/adc_sam_d_r_h/adc.o
                              0x5b58f (size before relaxing)
 .debug_str     0x0005b16e     0x101d src/ASF/sam0/drivers/sercom/sercom.o
                              0x5af06 (size before relaxing)
 .debug_str     0x0005c18b      0x527 src/ASF/sam0/drivers/sercom/sercom_interrupt.o
                              0x5ad3f (size before relaxing)
 .debug_str     0x0005c6b2      0xcd1 src/ASF/sam0/drivers/sercom/spi/spi.o
                              0x5bbd6 (size before relaxing)
 .debug_str     0x0005d383      0x4ca src/ASF/sam0/drivers/sercom/usart/usart.o
                              0x5b906 (size before relaxing)
 .debug_str     0x0005d84d      0x216 src/ASF/sam0/drivers/sercom/usart/usart_interrupt.o
                              0x5ada4 (size before relaxing)
 .debug_str     0x0005da63     0x3c0a src/drv_ctrl.o
                              0x5f11a (size before relaxing)
 .debug_str     0x0006166d      0x143 src/rprintf.o
                              0x5e996 (size before relaxing)
 .debug_str     0x000617b0       0x66 src/ASF/common/utils/interrupt/interrupt_sam_nvic.o
                              0x599dd (size before relaxing)
 .debug_str     0x00061816      0x11d src/ASF/sam0/boards/samd20_xplained_pro/board_init.o
                              0x5cbc1 (size before relaxing)
 .debug_str     0x00061933       0x59 src/ASF/sam0/drivers/port/port.o
                              0x59de3 (size before relaxing)
 .debug_str     0x0006198c     0x2406 src/ASF/sam0/drivers/system/clock/clock_samd20/clock.o
                              0x5cc19 (size before relaxing)
 .debug_str     0x00063d92      0x1d0 src/ASF/sam0/drivers/system/clock/clock_samd20/gclk.o
                              0x5a610 (size before relaxing)
 .debug_str     0x00063f62       0xf4 src/ASF/sam0/drivers/system/pinmux/pinmux.o
                              0x59dd4 (size before relaxing)
 .debug_str     0x00064056       0x47 src/ASF/sam0/drivers/system/system.o
                              0x59a79 (size before relaxing)
 .debug_str     0x0006409d      0x391 src/ASF/sam0/utils/cmsis/samd20/source/gcc/startup_samd20.o
                              0x43dd0 (size before relaxing)
 .debug_str     0x0006442e      0x14a src/main.o
                              0x601af (size before relaxing)

.debug_frame    0x00000000      0xbfc
 .debug_frame   0x00000000       0x64 src/ASF/common2/services/delay/sam0/systick_counter.o
 .debug_frame   0x00000064       0x98 src/ASF/sam0/drivers/adc/adc_sam_d_r_h/adc.o
 .debug_frame   0x000000fc       0xbc src/ASF/sam0/drivers/sercom/sercom.o
 .debug_frame   0x000001b8       0xe8 src/ASF/sam0/drivers/sercom/sercom_interrupt.o
 .debug_frame   0x000002a0      0x120 src/ASF/sam0/drivers/sercom/spi/spi.o
 .debug_frame   0x000003c0       0xac src/ASF/sam0/drivers/sercom/usart/usart.o
 .debug_frame   0x0000046c      0x110 src/ASF/sam0/drivers/sercom/usart/usart_interrupt.o
 .debug_frame   0x0000057c      0x108 src/drv_ctrl.o
 .debug_frame   0x00000684       0x7c src/rprintf.o
 .debug_frame   0x00000700       0x30 src/ASF/common/utils/interrupt/interrupt_sam_nvic.o
 .debug_frame   0x00000730       0x30 src/ASF/sam0/boards/samd20_xplained_pro/board_init.o
 .debug_frame   0x00000760       0x44 src/ASF/sam0/drivers/port/port.o
 .debug_frame   0x000007a4      0x12c src/ASF/sam0/drivers/system/clock/clock_samd20/clock.o
 .debug_frame   0x000008d0      0x148 src/ASF/sam0/drivers/system/clock/clock_samd20/gclk.o
 .debug_frame   0x00000a18       0x74 src/ASF/sam0/drivers/system/pinmux/pinmux.o
 .debug_frame   0x00000a8c       0x38 src/ASF/sam0/drivers/system/system.o
 .debug_frame   0x00000ac4       0x38 src/ASF/sam0/utils/cmsis/samd20/source/gcc/startup_samd20.o
 .debug_frame   0x00000afc       0x38 src/main.o
 .debug_frame   0x00000b34       0x20 c:/program files (x86)/atmel/studio/7.0/toolchain/arm/arm-gnu-toolchain/bin/../lib/gcc/arm-none-eabi/6.3.1/thumb/v6-m\libgcc.a(_udivsi3.o)
 .debug_frame   0x00000b54       0x34 c:/program files (x86)/atmel/studio/7.0/toolchain/arm/arm-gnu-toolchain/bin/../lib/gcc/arm-none-eabi/6.3.1/thumb/v6-m\libgcc.a(_muldi3.o)
 .debug_frame   0x00000b88       0x2c c:/program files (x86)/atmel/studio/7.0/toolchain/arm/arm-gnu-toolchain/bin/../lib/gcc/arm-none-eabi/6.3.1/../../../../arm-none-eabi/lib/thumb/v6-m\libc_nano.a(lib_a-init.o)
 .debug_frame   0x00000bb4       0x28 c:/program files (x86)/atmel/studio/7.0/toolchain/arm/arm-gnu-toolchain/bin/../lib/gcc/arm-none-eabi/6.3.1/../../../../arm-none-eabi/lib/thumb/v6-m\libc_nano.a(lib_a-memcpy-stub.o)
 .debug_frame   0x00000bdc       0x20 c:/program files (x86)/atmel/studio/7.0/toolchain/arm/arm-gnu-toolchain/bin/../lib/gcc/arm-none-eabi/6.3.1/../../../../arm-none-eabi/lib/thumb/v6-m\libc_nano.a(lib_a-memset.o)

Cross Reference Table

Symbol                                            File
AC_Handler                                        src/ASF/sam0/utils/cmsis/samd20/source/gcc/startup_samd20.o
ADC_Handler                                       src/ASF/sam0/utils/cmsis/samd20/source/gcc/startup_samd20.o
DAC_Handler                                       src/ASF/sam0/utils/cmsis/samd20/source/gcc/startup_samd20.o
Dummy_Handler                                     src/ASF/sam0/utils/cmsis/samd20/source/gcc/startup_samd20.o
EIC_Handler                                       src/ASF/sam0/utils/cmsis/samd20/source/gcc/startup_samd20.o
EVSYS_Handler                                     src/ASF/sam0/utils/cmsis/samd20/source/gcc/startup_samd20.o
HardFault_Handler                                 src/ASF/sam0/utils/cmsis/samd20/source/gcc/startup_samd20.o
NMI_Handler                                       src/ASF/sam0/utils/cmsis/samd20/source/gcc/startup_samd20.o
NVMCTRL_Handler                                   src/ASF/sam0/utils/cmsis/samd20/source/gcc/startup_samd20.o
PM_Handler                                        src/ASF/sam0/utils/cmsis/samd20/source/gcc/startup_samd20.o
PTC_Handler                                       src/ASF/sam0/utils/cmsis/samd20/source/gcc/startup_samd20.o
PendSV_Handler                                    src/ASF/sam0/utils/cmsis/samd20/source/gcc/startup_samd20.o
RTC_Handler                                       src/ASF/sam0/utils/cmsis/samd20/source/gcc/startup_samd20.o
Reset_Handler                                     src/ASF/sam0/utils/cmsis/samd20/source/gcc/startup_samd20.o
SERCOM0_Handler                                   src/ASF/sam0/drivers/sercom/sercom_interrupt.o
SERCOM1_Handler                                   src/ASF/sam0/drivers/sercom/sercom_interrupt.o
SERCOM2_Handler                                   src/ASF/sam0/drivers/sercom/sercom_interrupt.o
SERCOM3_Handler                                   src/ASF/sam0/drivers/sercom/sercom_interrupt.o
SERCOM4_Handler                                   src/ASF/sam0/drivers/sercom/sercom_interrupt.o
SERCOM5_Handler                                   src/ASF/sam0/drivers/sercom/sercom_interrupt.o
SVC_Handler                                       src/ASF/sam0/utils/cmsis/samd20/source/gcc/startup_samd20.o
SYSCTRL_Handler                                   src/ASF/sam0/utils/cmsis/samd20/source/gcc/startup_samd20.o
SysTick_Handler                                   src/ASF/sam0/utils/cmsis/samd20/source/gcc/startup_samd20.o
SystemCoreClock                                   src/ASF/sam0/utils/cmsis/samd20/source/system_samd20.o
SystemCoreClockUpdate                             src/ASF/sam0/utils/cmsis/samd20/source/system_samd20.o
SystemInit                                        src/ASF/sam0/utils/cmsis/samd20/source/system_samd20.o
TC0_Handler                                       src/ASF/sam0/utils/cmsis/samd20/source/gcc/startup_samd20.o
TC1_Handler                                       src/ASF/sam0/utils/cmsis/samd20/source/gcc/startup_samd20.o
TC2_Handler                                       src/ASF/sam0/utils/cmsis/samd20/source/gcc/startup_samd20.o
TC3_Handler                                       src/ASF/sam0/utils/cmsis/samd20/source/gcc/startup_samd20.o
TC4_Handler                                       src/ASF/sam0/utils/cmsis/samd20/source/gcc/startup_samd20.o
TC5_Handler                                       src/ASF/sam0/utils/cmsis/samd20/source/gcc/startup_samd20.o
TC6_Handler                                       src/ASF/sam0/utils/cmsis/samd20/source/gcc/startup_samd20.o
TC7_Handler                                       src/ASF/sam0/utils/cmsis/samd20/source/gcc/startup_samd20.o
WDT_Handler                                       src/ASF/sam0/utils/cmsis/samd20/source/gcc/startup_samd20.o
_Jv_RegisterClasses                               c:/program files (x86)/atmel/studio/7.0/toolchain/arm/arm-gnu-toolchain/bin/../lib/gcc/arm-none-eabi/6.3.1/thumb/v6-m/crtbegin.o
_PathLocale                                       c:/program files (x86)/atmel/studio/7.0/toolchain/arm/arm-gnu-toolchain/bin/../lib/gcc/arm-none-eabi/6.3.1/../../../../arm-none-eabi/lib/thumb/v6-m\libc_nano.a(lib_a-locale.o)
__aeabi_idiv0                                     c:/program files (x86)/atmel/studio/7.0/toolchain/arm/arm-gnu-toolchain/bin/../lib/gcc/arm-none-eabi/6.3.1/thumb/v6-m\libgcc.a(_dvmd_tls.o)
                                                  c:/program files (x86)/atmel/studio/7.0/toolchain/arm/arm-gnu-toolchain/bin/../lib/gcc/arm-none-eabi/6.3.1/thumb/v6-m\libgcc.a(_udivsi3.o)
__aeabi_ldiv0                                     c:/program files (x86)/atmel/studio/7.0/toolchain/arm/arm-gnu-toolchain/bin/../lib/gcc/arm-none-eabi/6.3.1/thumb/v6-m\libgcc.a(_dvmd_tls.o)
__aeabi_lmul                                      c:/program files (x86)/atmel/studio/7.0/toolchain/arm/arm-gnu-toolchain/bin/../lib/gcc/arm-none-eabi/6.3.1/thumb/v6-m\libgcc.a(_muldi3.o)
                                                  src/ASF/sam0/drivers/sercom/sercom.o
__aeabi_uidiv                                     c:/program files (x86)/atmel/studio/7.0/toolchain/arm/arm-gnu-toolchain/bin/../lib/gcc/arm-none-eabi/6.3.1/thumb/v6-m\libgcc.a(_udivsi3.o)
                                                  c:/program files (x86)/atmel/studio/7.0/toolchain/arm/arm-gnu-toolchain/bin/../lib/gcc/arm-none-eabi/6.3.1/../../../../arm-none-eabi/lib/thumb/v6-m\libc_nano.a(lib_a-strtol.o)
                                                  src/ASF/sam0/drivers/system/clock/clock_samd20/gclk.o
                                                  src/rprintf.o
                                                  src/ASF/common2/services/delay/sam0/systick_counter.o
__aeabi_uidivmod                                  c:/program files (x86)/atmel/studio/7.0/toolchain/arm/arm-gnu-toolchain/bin/../lib/gcc/arm-none-eabi/6.3.1/thumb/v6-m\libgcc.a(_udivsi3.o)
                                                  c:/program files (x86)/atmel/studio/7.0/toolchain/arm/arm-gnu-toolchain/bin/../lib/gcc/arm-none-eabi/6.3.1/../../../../arm-none-eabi/lib/thumb/v6-m\libc_nano.a(lib_a-strtol.o)
                                                  src/rprintf.o
__ascii_mbtowc                                    c:/program files (x86)/atmel/studio/7.0/toolchain/arm/arm-gnu-toolchain/bin/../lib/gcc/arm-none-eabi/6.3.1/../../../../arm-none-eabi/lib/thumb/v6-m\libc_nano.a(lib_a-mbtowc_r.o)
                                                  c:/program files (x86)/atmel/studio/7.0/toolchain/arm/arm-gnu-toolchain/bin/../lib/gcc/arm-none-eabi/6.3.1/../../../../arm-none-eabi/lib/thumb/v6-m\libc_nano.a(lib_a-locale.o)
__ascii_wctomb                                    c:/program files (x86)/atmel/studio/7.0/toolchain/arm/arm-gnu-toolchain/bin/../lib/gcc/arm-none-eabi/6.3.1/../../../../arm-none-eabi/lib/thumb/v6-m\libc_nano.a(lib_a-wctomb_r.o)
                                                  c:/program files (x86)/atmel/studio/7.0/toolchain/arm/arm-gnu-toolchain/bin/../lib/gcc/arm-none-eabi/6.3.1/../../../../arm-none-eabi/lib/thumb/v6-m\libc_nano.a(lib_a-locale.o)
__bss_end__                                       c:/program files (x86)/atmel/studio/7.0/toolchain/arm/arm-gnu-toolchain/bin/../lib/gcc/arm-none-eabi/6.3.1/../../../../arm-none-eabi/lib/thumb/v6-m/crt0.o
__bss_start__                                     c:/program files (x86)/atmel/studio/7.0/toolchain/arm/arm-gnu-toolchain/bin/../lib/gcc/arm-none-eabi/6.3.1/../../../../arm-none-eabi/lib/thumb/v6-m/crt0.o
__call_exitprocs                                  c:/program files (x86)/atmel/studio/7.0/toolchain/arm/arm-gnu-toolchain/bin/../lib/gcc/arm-none-eabi/6.3.1/../../../../arm-none-eabi/lib/thumb/v6-m\libc_nano.a(lib_a-exit.o)
__deregister_frame_info                           c:/program files (x86)/atmel/studio/7.0/toolchain/arm/arm-gnu-toolchain/bin/../lib/gcc/arm-none-eabi/6.3.1/thumb/v6-m/crtbegin.o
__dso_handle                                      c:/program files (x86)/atmel/studio/7.0/toolchain/arm/arm-gnu-toolchain/bin/../lib/gcc/arm-none-eabi/6.3.1/thumb/v6-m/crtbegin.o
__global_locale                                   c:/program files (x86)/atmel/studio/7.0/toolchain/arm/arm-gnu-toolchain/bin/../lib/gcc/arm-none-eabi/6.3.1/../../../../arm-none-eabi/lib/thumb/v6-m\libc_nano.a(lib_a-locale.o)
                                                  c:/program files (x86)/atmel/studio/7.0/toolchain/arm/arm-gnu-toolchain/bin/../lib/gcc/arm-none-eabi/6.3.1/../../../../arm-none-eabi/lib/thumb/v6-m\libc_nano.a(lib_a-wctomb_r.o)
                                                  c:/program files (x86)/atmel/studio/7.0/toolchain/arm/arm-gnu-toolchain/bin/../lib/gcc/arm-none-eabi/6.3.1/../../../../arm-none-eabi/lib/thumb/v6-m\libc_nano.a(lib_a-strtol.o)
                                                  c:/program files (x86)/atmel/studio/7.0/toolchain/arm/arm-gnu-toolchain/bin/../lib/gcc/arm-none-eabi/6.3.1/../../../../arm-none-eabi/lib/thumb/v6-m\libc_nano.a(lib_a-mbtowc_r.o)
__init_array_end                                  c:/program files (x86)/atmel/studio/7.0/toolchain/arm/arm-gnu-toolchain/bin/../lib/gcc/arm-none-eabi/6.3.1/../../../../arm-none-eabi/lib/thumb/v6-m\libc_nano.a(lib_a-init.o)
__init_array_start                                c:/program files (x86)/atmel/studio/7.0/toolchain/arm/arm-gnu-toolchain/bin/../lib/gcc/arm-none-eabi/6.3.1/../../../../arm-none-eabi/lib/thumb/v6-m\libc_nano.a(lib_a-init.o)
__libc_fini_array                                 c:/program files (x86)/atmel/studio/7.0/toolchain/arm/arm-gnu-toolchain/bin/../lib/gcc/arm-none-eabi/6.3.1/../../../../arm-none-eabi/lib/thumb/v6-m/crt0.o
__libc_init_array                                 c:/program files (x86)/atmel/studio/7.0/toolchain/arm/arm-gnu-toolchain/bin/../lib/gcc/arm-none-eabi/6.3.1/../../../../arm-none-eabi/lib/thumb/v6-m\libc_nano.a(lib_a-init.o)
                                                  src/ASF/sam0/utils/cmsis/samd20/source/gcc/startup_samd20.o
                                                  c:/program files (x86)/atmel/studio/7.0/toolchain/arm/arm-gnu-toolchain/bin/../lib/gcc/arm-none-eabi/6.3.1/../../../../arm-none-eabi/lib/thumb/v6-m/crt0.o
__locale_ctype_ptr                                c:/program files (x86)/atmel/studio/7.0/toolchain/arm/arm-gnu-toolchain/bin/../lib/gcc/arm-none-eabi/6.3.1/../../../../arm-none-eabi/lib/thumb/v6-m\libc_nano.a(lib_a-locale.o)
                                                  src/rscanf.o
__locale_ctype_ptr_l                              c:/program files (x86)/atmel/studio/7.0/toolchain/arm/arm-gnu-toolchain/bin/../lib/gcc/arm-none-eabi/6.3.1/../../../../arm-none-eabi/lib/thumb/v6-m\libc_nano.a(lib_a-locale.o)
                                                  c:/program files (x86)/atmel/studio/7.0/toolchain/arm/arm-gnu-toolchain/bin/../lib/gcc/arm-none-eabi/6.3.1/../../../../arm-none-eabi/lib/thumb/v6-m\libc_nano.a(lib_a-strtol.o)
__locale_mb_cur_max                               c:/program files (x86)/atmel/studio/7.0/toolchain/arm/arm-gnu-toolchain/bin/../lib/gcc/arm-none-eabi/6.3.1/../../../../arm-none-eabi/lib/thumb/v6-m\libc_nano.a(lib_a-locale.o)
__muldi3                                          c:/program files (x86)/atmel/studio/7.0/toolchain/arm/arm-gnu-toolchain/bin/../lib/gcc/arm-none-eabi/6.3.1/thumb/v6-m\libgcc.a(_muldi3.o)
__preinit_array_end                               c:/program files (x86)/atmel/studio/7.0/toolchain/arm/arm-gnu-toolchain/bin/../lib/gcc/arm-none-eabi/6.3.1/../../../../arm-none-eabi/lib/thumb/v6-m\libc_nano.a(lib_a-init.o)
__preinit_array_start                             c:/program files (x86)/atmel/studio/7.0/toolchain/arm/arm-gnu-toolchain/bin/../lib/gcc/arm-none-eabi/6.3.1/../../../../arm-none-eabi/lib/thumb/v6-m\libc_nano.a(lib_a-init.o)
__register_frame_info                             c:/program files (x86)/atmel/studio/7.0/toolchain/arm/arm-gnu-toolchain/bin/../lib/gcc/arm-none-eabi/6.3.1/thumb/v6-m/crtbegin.o
__sf_fake_stderr                                  c:/program files (x86)/atmel/studio/7.0/toolchain/arm/arm-gnu-toolchain/bin/../lib/gcc/arm-none-eabi/6.3.1/../../../../arm-none-eabi/lib/thumb/v6-m\libc_nano.a(lib_a-impure.o)
__sf_fake_stdin                                   c:/program files (x86)/atmel/studio/7.0/toolchain/arm/arm-gnu-toolchain/bin/../lib/gcc/arm-none-eabi/6.3.1/../../../../arm-none-eabi/lib/thumb/v6-m\libc_nano.a(lib_a-impure.o)
__sf_fake_stdout                                  c:/program files (x86)/atmel/studio/7.0/toolchain/arm/arm-gnu-toolchain/bin/../lib/gcc/arm-none-eabi/6.3.1/../../../../arm-none-eabi/lib/thumb/v6-m\libc_nano.a(lib_a-impure.o)
__stack                                           c:/program files (x86)/atmel/studio/7.0/toolchain/arm/arm-gnu-toolchain/bin/../lib/gcc/arm-none-eabi/6.3.1/../../../../arm-none-eabi/lib/thumb/v6-m/crt0.o
__udivsi3                                         c:/program files (x86)/atmel/studio/7.0/toolchain/arm/arm-gnu-toolchain/bin/../lib/gcc/arm-none-eabi/6.3.1/thumb/v6-m\libgcc.a(_udivsi3.o)
_atoi_r                                           c:/program files (x86)/atmel/studio/7.0/toolchain/arm/arm-gnu-toolchain/bin/../lib/gcc/arm-none-eabi/6.3.1/../../../../arm-none-eabi/lib/thumb/v6-m\libc_nano.a(lib_a-atoi.o)
_close                                            src/ASF/sam0/utils/syscalls/gcc/syscalls.o
_ctype_                                           c:/program files (x86)/atmel/studio/7.0/toolchain/arm/arm-gnu-toolchain/bin/../lib/gcc/arm-none-eabi/6.3.1/../../../../arm-none-eabi/lib/thumb/v6-m\libc_nano.a(lib_a-ctype_.o)
                                                  c:/program files (x86)/atmel/studio/7.0/toolchain/arm/arm-gnu-toolchain/bin/../lib/gcc/arm-none-eabi/6.3.1/../../../../arm-none-eabi/lib/thumb/v6-m\libc_nano.a(lib_a-locale.o)
_end                                              src/ASF/sam0/utils/syscalls/gcc/syscalls.o
_erelocate                                        src/ASF/sam0/utils/cmsis/samd20/source/gcc/startup_samd20.o
_estack                                           src/ASF/sam0/utils/cmsis/samd20/source/gcc/startup_samd20.o
_etext                                            src/ASF/sam0/utils/cmsis/samd20/source/gcc/startup_samd20.o
_exit                                             src/ASF/sam0/utils/syscalls/gcc/syscalls.o
                                                  c:/program files (x86)/atmel/studio/7.0/toolchain/arm/arm-gnu-toolchain/bin/../lib/gcc/arm-none-eabi/6.3.1/../../../../arm-none-eabi/lib/thumb/v6-m\libc_nano.a(lib_a-exit.o)
_ezero                                            src/ASF/sam0/utils/cmsis/samd20/source/gcc/startup_samd20.o
_fini                                             c:/program files (x86)/atmel/studio/7.0/toolchain/arm/arm-gnu-toolchain/bin/../lib/gcc/arm-none-eabi/6.3.1/thumb/v6-m/crti.o
_fstat                                            src/ASF/sam0/utils/syscalls/gcc/syscalls.o
_getpid                                           src/ASF/sam0/utils/syscalls/gcc/syscalls.o
_global_impure_ptr                                c:/program files (x86)/atmel/studio/7.0/toolchain/arm/arm-gnu-toolchain/bin/../lib/gcc/arm-none-eabi/6.3.1/../../../../arm-none-eabi/lib/thumb/v6-m\libc_nano.a(lib_a-impure.o)
                                                  c:/program files (x86)/atmel/studio/7.0/toolchain/arm/arm-gnu-toolchain/bin/../lib/gcc/arm-none-eabi/6.3.1/../../../../arm-none-eabi/lib/thumb/v6-m\libc_nano.a(lib_a-exit.o)
_impure_ptr                                       c:/program files (x86)/atmel/studio/7.0/toolchain/arm/arm-gnu-toolchain/bin/../lib/gcc/arm-none-eabi/6.3.1/../../../../arm-none-eabi/lib/thumb/v6-m\libc_nano.a(lib_a-impure.o)
                                                  c:/program files (x86)/atmel/studio/7.0/toolchain/arm/arm-gnu-toolchain/bin/../lib/gcc/arm-none-eabi/6.3.1/../../../../arm-none-eabi/lib/thumb/v6-m\libc_nano.a(lib_a-wctomb_r.o)
                                                  c:/program files (x86)/atmel/studio/7.0/toolchain/arm/arm-gnu-toolchain/bin/../lib/gcc/arm-none-eabi/6.3.1/../../../../arm-none-eabi/lib/thumb/v6-m\libc_nano.a(lib_a-strtol.o)
                                                  c:/program files (x86)/atmel/studio/7.0/toolchain/arm/arm-gnu-toolchain/bin/../lib/gcc/arm-none-eabi/6.3.1/../../../../arm-none-eabi/lib/thumb/v6-m\libc_nano.a(lib_a-mbtowc_r.o)
                                                  c:/program files (x86)/atmel/studio/7.0/toolchain/arm/arm-gnu-toolchain/bin/../lib/gcc/arm-none-eabi/6.3.1/../../../../arm-none-eabi/lib/thumb/v6-m\libc_nano.a(lib_a-locale.o)
_init                                             c:/program files (x86)/atmel/studio/7.0/toolchain/arm/arm-gnu-toolchain/bin/../lib/gcc/arm-none-eabi/6.3.1/thumb/v6-m/crti.o
                                                  c:/program files (x86)/atmel/studio/7.0/toolchain/arm/arm-gnu-toolchain/bin/../lib/gcc/arm-none-eabi/6.3.1/../../../../arm-none-eabi/lib/thumb/v6-m\libc_nano.a(lib_a-init.o)
_isatty                                           src/ASF/sam0/utils/syscalls/gcc/syscalls.o
_kill                                             src/ASF/sam0/utils/syscalls/gcc/syscalls.o
_lseek                                            src/ASF/sam0/utils/syscalls/gcc/syscalls.o
_mainCRTStartup                                   c:/program files (x86)/atmel/studio/7.0/toolchain/arm/arm-gnu-toolchain/bin/../lib/gcc/arm-none-eabi/6.3.1/../../../../arm-none-eabi/lib/thumb/v6-m/crt0.o
_mbtowc_r                                         c:/program files (x86)/atmel/studio/7.0/toolchain/arm/arm-gnu-toolchain/bin/../lib/gcc/arm-none-eabi/6.3.1/../../../../arm-none-eabi/lib/thumb/v6-m\libc_nano.a(lib_a-mbtowc_r.o)
_sbrk                                             src/ASF/sam0/utils/syscalls/gcc/syscalls.o
_sercom_get_async_baud_val                        src/ASF/sam0/drivers/sercom/sercom.o
                                                  src/ASF/sam0/drivers/sercom/usart/usart.o
_sercom_get_default_pad                           src/ASF/sam0/drivers/sercom/sercom.o
                                                  src/ASF/sam0/drivers/sercom/usart/usart.o
                                                  src/ASF/sam0/drivers/sercom/spi/spi.o
_sercom_get_interrupt_vector                      src/ASF/sam0/drivers/sercom/sercom_interrupt.o
                                                  src/rprintf.o
_sercom_get_sercom_inst_index                     src/ASF/sam0/drivers/sercom/sercom.o
                                                  src/ASF/sam0/drivers/sercom/usart/usart.o
                                                  src/ASF/sam0/drivers/sercom/spi/spi.o
                                                  src/ASF/sam0/drivers/sercom/sercom_interrupt.o
_sercom_get_sync_baud_val                         src/ASF/sam0/drivers/sercom/sercom.o
                                                  src/ASF/sam0/drivers/sercom/usart/usart.o
                                                  src/ASF/sam0/drivers/sercom/spi/spi.o
_sercom_instances                                 src/ASF/sam0/drivers/sercom/sercom_interrupt.o
                                                  src/ASF/sam0/drivers/sercom/usart/usart_interrupt.o
                                                  src/ASF/sam0/drivers/sercom/usart/usart.o
_sercom_set_handler                               src/ASF/sam0/drivers/sercom/sercom_interrupt.o
                                                  src/ASF/sam0/drivers/sercom/usart/usart.o
_setlocale_r                                      c:/program files (x86)/atmel/studio/7.0/toolchain/arm/arm-gnu-toolchain/bin/../lib/gcc/arm-none-eabi/6.3.1/../../../../arm-none-eabi/lib/thumb/v6-m\libc_nano.a(lib_a-locale.o)
_sfixed                                           src/ASF/sam0/utils/cmsis/samd20/source/gcc/startup_samd20.o
_srelocate                                        src/ASF/sam0/utils/cmsis/samd20/source/gcc/startup_samd20.o
_start                                            c:/program files (x86)/atmel/studio/7.0/toolchain/arm/arm-gnu-toolchain/bin/../lib/gcc/arm-none-eabi/6.3.1/../../../../arm-none-eabi/lib/thumb/v6-m/crt0.o
_strtol_r                                         c:/program files (x86)/atmel/studio/7.0/toolchain/arm/arm-gnu-toolchain/bin/../lib/gcc/arm-none-eabi/6.3.1/../../../../arm-none-eabi/lib/thumb/v6-m\libc_nano.a(lib_a-strtol.o)
                                                  c:/program files (x86)/atmel/studio/7.0/toolchain/arm/arm-gnu-toolchain/bin/../lib/gcc/arm-none-eabi/6.3.1/../../../../arm-none-eabi/lib/thumb/v6-m\libc_nano.a(lib_a-atoi.o)
_system_divas_init                                src/ASF/sam0/drivers/system/system.o
_system_dummy_init                                src/ASF/sam0/drivers/system/system.o
_system_events_init                               src/ASF/sam0/drivers/system/system.o
_system_extint_init                               src/ASF/sam0/drivers/system/system.o
_szero                                            src/ASF/sam0/utils/cmsis/samd20/source/gcc/startup_samd20.o
_tc_get_inst_index                                src/ASF/sam0/drivers/tc/tc_sam_d_r_h/tc.o
_usart_interrupt_handler                          src/ASF/sam0/drivers/sercom/usart/usart_interrupt.o
                                                  src/ASF/sam0/drivers/sercom/usart/usart.o
_usart_read_buffer                                src/ASF/sam0/drivers/sercom/usart/usart_interrupt.o
_usart_write_buffer                               src/ASF/sam0/drivers/sercom/usart/usart_interrupt.o
_wctomb_r                                         c:/program files (x86)/atmel/studio/7.0/toolchain/arm/arm-gnu-toolchain/bin/../lib/gcc/arm-none-eabi/6.3.1/../../../../arm-none-eabi/lib/thumb/v6-m\libc_nano.a(lib_a-wctomb_r.o)
adc_get_config_defaults                           src/ASF/sam0/drivers/adc/adc_sam_d_r_h/adc.o
                                                  src/main.o
adc_init                                          src/ASF/sam0/drivers/adc/adc_sam_d_r_h/adc.o
                                                  src/main.o
adc_instance                                      src/main.o
                                                  src/force_sense.o
adc_regular_ain_channel                           src/ASF/sam0/drivers/adc/adc_sam_d_r_h/adc.o
adc_set_window_mode                               src/ASF/sam0/drivers/adc/adc_sam_d_r_h/adc.o
atexit                                            c:/program files (x86)/atmel/studio/7.0/toolchain/arm/arm-gnu-toolchain/bin/../lib/gcc/arm-none-eabi/6.3.1/../../../../arm-none-eabi/lib/thumb/v6-m/crt0.o
atoi                                              c:/program files (x86)/atmel/studio/7.0/toolchain/arm/arm-gnu-toolchain/bin/../lib/gcc/arm-none-eabi/6.3.1/../../../../arm-none-eabi/lib/thumb/v6-m\libc_nano.a(lib_a-atoi.o)
                                                  src/rscanf.o
board_init                                        src/ASF/sam0/boards/samd20_xplained_pro/board_init.o
check                                             src/rscanf.o
cpu_irq_enter_critical                            src/ASF/common/utils/interrupt/interrupt_sam_nvic.o
                                                  src/ASF/sam0/drivers/system/clock/clock_samd20/gclk.o
                                                  src/ASF/sam0/drivers/sercom/usart/usart_interrupt.o
cpu_irq_leave_critical                            src/ASF/common/utils/interrupt/interrupt_sam_nvic.o
                                                  src/ASF/sam0/drivers/system/clock/clock_samd20/gclk.o
                                                  src/ASF/sam0/drivers/sercom/usart/usart_interrupt.o
delay_cycles_ms                                   src/ASF/common2/services/delay/sam0/systick_counter.o
                                                  src/main.o
delay_cycles_us                                   src/ASF/common2/services/delay/sam0/systick_counter.o
                                                  src/drv_ctrl.o
delay_init                                        src/ASF/common2/services/delay/sam0/systick_counter.o
                                                  src/main.o
drv_ctrl_disable                                  src/drv_ctrl.o
drv_ctrl_enable                                   src/drv_ctrl.o
                                                  src/main.o
drv_ctrl_getpos                                   src/drv_ctrl.o
drv_ctrl_home                                     src/drv_ctrl.o
drv_ctrl_init                                     src/drv_ctrl.o
                                                  src/main.o
drv_ctrl_move_till_force                          src/drv_ctrl.o
drv_ctrl_moveto                                   src/drv_ctrl.o
                                                  src/main.o
drv_ctrl_read_cmd                                 src/drv_ctrl.o
                                                  src/main.o
exception_table                                   src/ASF/sam0/utils/cmsis/samd20/source/gcc/startup_samd20.o
exit                                              c:/program files (x86)/atmel/studio/7.0/toolchain/arm/arm-gnu-toolchain/bin/../lib/gcc/arm-none-eabi/6.3.1/../../../../arm-none-eabi/lib/thumb/v6-m\libc_nano.a(lib_a-exit.o)
                                                  c:/program files (x86)/atmel/studio/7.0/toolchain/arm/arm-gnu-toolchain/bin/../lib/gcc/arm-none-eabi/6.3.1/../../../../arm-none-eabi/lib/thumb/v6-m/crt0.o
fillbuff                                          src/rscanf.o
force_sense_calibrate                             src/force_sense.o
force_sense_get_gramm                             src/force_sense.o
force_sense_get_newton                            src/force_sense.o
g_interrupt_enabled                               src/ASF/common/utils/interrupt/interrupt_sam_nvic.o
hardware_init_hook                                c:/program files (x86)/atmel/studio/7.0/toolchain/arm/arm-gnu-toolchain/bin/../lib/gcc/arm-none-eabi/6.3.1/../../../../arm-none-eabi/lib/thumb/v6-m/crt0.o
link                                              src/ASF/sam0/utils/syscalls/gcc/syscalls.o
main                                              src/main.o
                                                  src/ASF/sam0/utils/cmsis/samd20/source/gcc/startup_samd20.o
                                                  c:/program files (x86)/atmel/studio/7.0/toolchain/arm/arm-gnu-toolchain/bin/../lib/gcc/arm-none-eabi/6.3.1/../../../../arm-none-eabi/lib/thumb/v6-m/crt0.o
memcpy                                            c:/program files (x86)/atmel/studio/7.0/toolchain/arm/arm-gnu-toolchain/bin/../lib/gcc/arm-none-eabi/6.3.1/../../../../arm-none-eabi/lib/thumb/v6-m\libc_nano.a(lib_a-memcpy-stub.o)
                                                  src/drv_ctrl.o
                                                  src/ASF/sam0/drivers/adc/adc_sam_d_r_h/adc.o
memset                                            c:/program files (x86)/atmel/studio/7.0/toolchain/arm/arm-gnu-toolchain/bin/../lib/gcc/arm-none-eabi/6.3.1/../../../../arm-none-eabi/lib/thumb/v6-m\libc_nano.a(lib_a-memset.o)
                                                  src/main.o
                                                  c:/program files (x86)/atmel/studio/7.0/toolchain/arm/arm-gnu-toolchain/bin/../lib/gcc/arm-none-eabi/6.3.1/../../../../arm-none-eabi/lib/thumb/v6-m/crt0.o
my_usart_instance                                 src/rprintf.o
                                                  src/rscanf.o
plc_com_plc_to_state                              src/plc_com.o
plc_com_receive_cmd                               src/plc_com.o
plc_com_send_cmd                                  src/plc_com.o
plc_com_state_to_plc                              src/plc_com.o
port_group_set_config                             src/ASF/sam0/drivers/port/port.o
port_pin_set_config                               src/ASF/sam0/drivers/port/port.o
                                                  src/main.o
                                                  src/ASF/sam0/boards/samd20_xplained_pro/board_init.o
rgets                                             src/rscanf.o
rprintf                                           src/rprintf.o
                                                  src/main.o
rprintf_init                                      src/rprintf.o
                                                  src/main.o
rscanf                                            src/rscanf.o
sercom_set_gclk_generator                         src/ASF/sam0/drivers/sercom/sercom.o
                                                  src/ASF/sam0/drivers/sercom/usart/usart.o
                                                  src/ASF/sam0/drivers/sercom/spi/spi.o
setlocale                                         c:/program files (x86)/atmel/studio/7.0/toolchain/arm/arm-gnu-toolchain/bin/../lib/gcc/arm-none-eabi/6.3.1/../../../../arm-none-eabi/lib/thumb/v6-m\libc_nano.a(lib_a-locale.o)
software_init_hook                                c:/program files (x86)/atmel/studio/7.0/toolchain/arm/arm-gnu-toolchain/bin/../lib/gcc/arm-none-eabi/6.3.1/../../../../arm-none-eabi/lib/thumb/v6-m/crt0.o
spi_init                                          src/ASF/sam0/drivers/sercom/spi/spi.o
                                                  src/main.o
spi_master_instance                               src/main.o
                                                  src/drv_ctrl.o
spi_motor_controller                              src/main.o
spi_read_buffer_wait                              src/ASF/sam0/drivers/sercom/spi/spi.o
                                                  src/drv_ctrl.o
spi_reset                                         src/ASF/sam0/drivers/sercom/spi/spi.o
spi_select_slave                                  src/ASF/sam0/drivers/sercom/spi/spi.o
spi_set_baudrate                                  src/ASF/sam0/drivers/sercom/spi/spi.o
spi_transceive_buffer_wait                        src/ASF/sam0/drivers/sercom/spi/spi.o
spi_transceive_wait                               src/ASF/sam0/drivers/sercom/spi/spi.o
spi_write_buffer_wait                             src/ASF/sam0/drivers/sercom/spi/spi.o
                                                  src/drv_ctrl.o
strcmp                                            c:/program files (x86)/atmel/studio/7.0/toolchain/arm/arm-gnu-toolchain/bin/../lib/gcc/arm-none-eabi/6.3.1/../../../../arm-none-eabi/lib/thumb/v6-m\libc_nano.a(lib_a-strcmp.o)
                                                  c:/program files (x86)/atmel/studio/7.0/toolchain/arm/arm-gnu-toolchain/bin/../lib/gcc/arm-none-eabi/6.3.1/../../../../arm-none-eabi/lib/thumb/v6-m\libc_nano.a(lib_a-locale.o)
strcspn                                           c:/program files (x86)/atmel/studio/7.0/toolchain/arm/arm-gnu-toolchain/bin/../lib/gcc/arm-none-eabi/6.3.1/../../../../arm-none-eabi/lib/thumb/v6-m\libc_nano.a(lib_a-strcspn.o)
                                                  src/rscanf.o
strncpy                                           c:/program files (x86)/atmel/studio/7.0/toolchain/arm/arm-gnu-toolchain/bin/../lib/gcc/arm-none-eabi/6.3.1/../../../../arm-none-eabi/lib/thumb/v6-m\libc_nano.a(lib_a-strncpy.o)
                                                  src/rscanf.o
strtol                                            c:/program files (x86)/atmel/studio/7.0/toolchain/arm/arm-gnu-toolchain/bin/../lib/gcc/arm-none-eabi/6.3.1/../../../../arm-none-eabi/lib/thumb/v6-m\libc_nano.a(lib_a-strtol.o)
                                                  c:/program files (x86)/atmel/studio/7.0/toolchain/arm/arm-gnu-toolchain/bin/../lib/gcc/arm-none-eabi/6.3.1/../../../../arm-none-eabi/lib/thumb/v6-m\libc_nano.a(lib_a-atoi.o)
strtol_l                                          c:/program files (x86)/atmel/studio/7.0/toolchain/arm/arm-gnu-toolchain/bin/../lib/gcc/arm-none-eabi/6.3.1/../../../../arm-none-eabi/lib/thumb/v6-m\libc_nano.a(lib_a-strtol.o)
system_board_init                                 src/ASF/sam0/boards/samd20_xplained_pro/board_init.o
system_clock_init                                 src/ASF/sam0/drivers/system/clock/clock_samd20/clock.o
system_clock_source_dfll_set_config               src/ASF/sam0/drivers/system/clock/clock_samd20/clock.o
system_clock_source_disable                       src/ASF/sam0/drivers/system/clock/clock_samd20/clock.o
system_clock_source_enable                        src/ASF/sam0/drivers/system/clock/clock_samd20/clock.o
system_clock_source_get_hz                        src/ASF/sam0/drivers/system/clock/clock_samd20/clock.o
                                                  src/ASF/sam0/drivers/system/clock/clock_samd20/gclk.o
system_clock_source_is_ready                      src/ASF/sam0/drivers/system/clock/clock_samd20/clock.o
system_clock_source_osc32k_set_config             src/ASF/sam0/drivers/system/clock/clock_samd20/clock.o
system_clock_source_osc8m_set_config              src/ASF/sam0/drivers/system/clock/clock_samd20/clock.o
system_clock_source_write_calibration             src/ASF/sam0/drivers/system/clock/clock_samd20/clock.o
system_clock_source_xosc32k_set_config            src/ASF/sam0/drivers/system/clock/clock_samd20/clock.o
system_clock_source_xosc_set_config               src/ASF/sam0/drivers/system/clock/clock_samd20/clock.o
system_gclk_chan_disable                          src/ASF/sam0/drivers/system/clock/clock_samd20/gclk.o
system_gclk_chan_enable                           src/ASF/sam0/drivers/system/clock/clock_samd20/gclk.o
                                                  src/ASF/sam0/drivers/tc/tc_sam_d_r_h/tc.o
                                                  src/ASF/sam0/drivers/sercom/usart/usart.o
                                                  src/ASF/sam0/drivers/sercom/spi/spi.o
                                                  src/ASF/sam0/drivers/sercom/sercom.o
                                                  src/ASF/sam0/drivers/adc/adc_sam_d_r_h/adc.o
system_gclk_chan_get_hz                           src/ASF/sam0/drivers/system/clock/clock_samd20/gclk.o
                                                  src/ASF/sam0/drivers/system/clock/clock_samd20/clock.o
                                                  src/ASF/sam0/drivers/sercom/usart/usart.o
                                                  src/ASF/sam0/drivers/sercom/spi/spi.o
system_gclk_chan_is_enabled                       src/ASF/sam0/drivers/system/clock/clock_samd20/gclk.o
system_gclk_chan_is_locked                        src/ASF/sam0/drivers/system/clock/clock_samd20/gclk.o
system_gclk_chan_lock                             src/ASF/sam0/drivers/system/clock/clock_samd20/gclk.o
system_gclk_chan_set_config                       src/ASF/sam0/drivers/system/clock/clock_samd20/gclk.o
                                                  src/ASF/sam0/drivers/system/clock/clock_samd20/clock.o
                                                  src/ASF/sam0/drivers/tc/tc_sam_d_r_h/tc.o
                                                  src/ASF/sam0/drivers/sercom/usart/usart.o
                                                  src/ASF/sam0/drivers/sercom/spi/spi.o
                                                  src/ASF/sam0/drivers/sercom/sercom.o
                                                  src/ASF/sam0/drivers/adc/adc_sam_d_r_h/adc.o
system_gclk_gen_disable                           src/ASF/sam0/drivers/system/clock/clock_samd20/gclk.o
system_gclk_gen_enable                            src/ASF/sam0/drivers/system/clock/clock_samd20/gclk.o
                                                  src/ASF/sam0/drivers/system/clock/clock_samd20/clock.o
system_gclk_gen_get_hz                            src/ASF/sam0/drivers/system/clock/clock_samd20/gclk.o
                                                  src/ASF/common2/services/delay/sam0/systick_counter.o
system_gclk_gen_is_enabled                        src/ASF/sam0/drivers/system/clock/clock_samd20/gclk.o
system_gclk_gen_set_config                        src/ASF/sam0/drivers/system/clock/clock_samd20/gclk.o
                                                  src/ASF/sam0/drivers/system/clock/clock_samd20/clock.o
system_gclk_init                                  src/ASF/sam0/drivers/system/clock/clock_samd20/gclk.o
                                                  src/ASF/sam0/drivers/system/clock/clock_samd20/clock.o
system_init                                       src/ASF/sam0/drivers/system/system.o
                                                  src/main.o
system_interrupt_clear_pending                    src/ASF/sam0/drivers/system/interrupt/system_interrupt.o
system_interrupt_get_priority                     src/ASF/sam0/drivers/system/interrupt/system_interrupt.o
system_interrupt_is_pending                       src/ASF/sam0/drivers/system/interrupt/system_interrupt.o
system_interrupt_set_pending                      src/ASF/sam0/drivers/system/interrupt/system_interrupt.o
system_interrupt_set_priority                     src/ASF/sam0/drivers/system/interrupt/system_interrupt.o
system_pinmux_group_set_config                    src/ASF/sam0/drivers/system/pinmux/pinmux.o
                                                  src/ASF/sam0/drivers/port/port.o
system_pinmux_group_set_input_sample_mode         src/ASF/sam0/drivers/system/pinmux/pinmux.o
system_pinmux_pin_set_config                      src/ASF/sam0/drivers/system/pinmux/pinmux.o
                                                  src/main.o
                                                  src/ASF/sam0/drivers/port/port.o
                                                  src/ASF/sam0/drivers/tc/tc_sam_d_r_h/tc.o
                                                  src/ASF/sam0/drivers/sercom/usart/usart.o
                                                  src/ASF/sam0/drivers/sercom/spi/spi.o
                                                  src/ASF/sam0/drivers/adc/adc_sam_d_r_h/adc.o
tc_get_capture_value                              src/ASF/sam0/drivers/tc/tc_sam_d_r_h/tc.o
tc_get_count_value                                src/ASF/sam0/drivers/tc/tc_sam_d_r_h/tc.o
tc_init                                           src/ASF/sam0/drivers/tc/tc_sam_d_r_h/tc.o
tc_reset                                          src/ASF/sam0/drivers/tc/tc_sam_d_r_h/tc.o
tc_set_compare_value                              src/ASF/sam0/drivers/tc/tc_sam_d_r_h/tc.o
tc_set_count_value                                src/ASF/sam0/drivers/tc/tc_sam_d_r_h/tc.o
tc_set_top_value                                  src/ASF/sam0/drivers/tc/tc_sam_d_r_h/tc.o
usart_abort_job                                   src/ASF/sam0/drivers/sercom/usart/usart_interrupt.o
usart_get_job_status                              src/ASF/sam0/drivers/sercom/usart/usart_interrupt.o
usart_init                                        src/ASF/sam0/drivers/sercom/usart/usart.o
                                                  src/rprintf.o