Archive member included to satisfy reference by file (symbol)

c:/program files (x86)/atmel/studio/7.0/toolchain/arm/arm-gnu-toolchain/bin/../lib/gcc/arm-none-eabi/6.3.1/thumb/v6-m\libgcc.a(_udivsi3.o)
                              src/ASF/common2/services/delay/sam0/systick_counter.o (__aeabi_uidiv)
c:/program files (x86)/atmel/studio/7.0/toolchain/arm/arm-gnu-toolchain/bin/../lib/gcc/arm-none-eabi/6.3.1/thumb/v6-m\libgcc.a(_divsi3.o)
                              src/force_sense.o (__aeabi_idiv)
c:/program files (x86)/atmel/studio/7.0/toolchain/arm/arm-gnu-toolchain/bin/../lib/gcc/arm-none-eabi/6.3.1/thumb/v6-m\libgcc.a(_dvmd_tls.o)
                              c:/program files (x86)/atmel/studio/7.0/toolchain/arm/arm-gnu-toolchain/bin/../lib/gcc/arm-none-eabi/6.3.1/thumb/v6-m\libgcc.a(_udivsi3.o) (__aeabi_idiv0)
c:/program files (x86)/atmel/studio/7.0/toolchain/arm/arm-gnu-toolchain/bin/../lib/gcc/arm-none-eabi/6.3.1/thumb/v6-m\libgcc.a(_muldi3.o)
                              src/ASF/sam0/drivers/sercom/sercom.o (__aeabi_lmul)
c:/program files (x86)/atmel/studio/7.0/toolchain/arm/arm-gnu-toolchain/bin/../lib/gcc/arm-none-eabi/6.3.1/../../../../arm-none-eabi/lib/thumb/v6-m\libc_nano.a(lib_a-exit.o)
                              c:/program files (x86)/atmel/studio/7.0/toolchain/arm/arm-gnu-toolchain/bin/../lib/gcc/arm-none-eabi/6.3.1/../../../../arm-none-eabi/lib/thumb/v6-m/crt0.o (exit)
c:/program files (x86)/atmel/studio/7.0/toolchain/arm/arm-gnu-toolchain/bin/../lib/gcc/arm-none-eabi/6.3.1/../../../../arm-none-eabi/lib/thumb/v6-m\libc_nano.a(lib_a-impure.o)
                              c:/program files (x86)/atmel/studio/7.0/toolchain/arm/arm-gnu-toolchain/bin/../lib/gcc/arm-none-eabi/6.3.1/../../../../arm-none-eabi/lib/thumb/v6-m\libc_nano.a(lib_a-exit.o) (_global_impure_ptr)
c:/program files (x86)/atmel/studio/7.0/toolchain/arm/arm-gnu-toolchain/bin/../lib/gcc/arm-none-eabi/6.3.1/../../../../arm-none-eabi/lib/thumb/v6-m\libc_nano.a(lib_a-init.o)
                              c:/program files (x86)/atmel/studio/7.0/toolchain/arm/arm-gnu-toolchain/bin/../lib/gcc/arm-none-eabi/6.3.1/../../../../arm-none-eabi/lib/thumb/v6-m/crt0.o (__libc_init_array)
c:/program files (x86)/atmel/studio/7.0/toolchain/arm/arm-gnu-toolchain/bin/../lib/gcc/arm-none-eabi/6.3.1/../../../../arm-none-eabi/lib/thumb/v6-m\libc_nano.a(lib_a-memcpy-stub.o)
                              src/ASF/sam0/drivers/adc/adc_sam_d_r_h/adc.o (memcpy)
c:/program files (x86)/atmel/studio/7.0/toolchain/arm/arm-gnu-toolchain/bin/../lib/gcc/arm-none-eabi/6.3.1/../../../../arm-none-eabi/lib/thumb/v6-m\libc_nano.a(lib_a-memset.o)
                              c:/program files (x86)/atmel/studio/7.0/toolchain/arm/arm-gnu-toolchain/bin/../lib/gcc/arm-none-eabi/6.3.1/../../../../arm-none-eabi/lib/thumb/v6-m/crt0.o (memset)

Allocating common symbols
Common symbol       size              file

gUsartInstance      0x24              src/main.o
gSpiMotorController
                    0x3               src/main.o
_sercom_instances   0x18              src/ASF/sam0/drivers/sercom/sercom_interrupt.o
gSpiMasterInstance  0x8               src/main.o
my_usart_instance   0x24              src/rprintf.o
gAdcInstance        0x8               src/main.o

Discarded input sections

 .text          0x00000000        0x0 c:/program files (x86)/atmel/studio/7.0/toolchain/arm/arm-gnu-toolchain/bin/../lib/gcc/arm-none-eabi/6.3.1/thumb/v6-m/crti.o
 .data          0x00000000        0x0 c:/program files (x86)/atmel/studio/7.0/toolchain/arm/arm-gnu-toolchain/bin/../lib/gcc/arm-none-eabi/6.3.1/thumb/v6-m/crti.o
 .bss           0x00000000        0x0 c:/program files (x86)/atmel/studio/7.0/toolchain/arm/arm-gnu-toolchain/bin/../lib/gcc/arm-none-eabi/6.3.1/thumb/v6-m/crti.o
 .data          0x00000000        0x4 c:/program files (x86)/atmel/studio/7.0/toolchain/arm/arm-gnu-toolchain/bin/../lib/gcc/arm-none-eabi/6.3.1/thumb/v6-m/crtbegin.o
 .text          0x00000000       0x78 c:/program files (x86)/atmel/studio/7.0/toolchain/arm/arm-gnu-toolchain/bin/../lib/gcc/arm-none-eabi/6.3.1/../../../../arm-none-eabi/lib/thumb/v6-m/crt0.o
 .data          0x00000000        0x0 c:/program files (x86)/atmel/studio/7.0/toolchain/arm/arm-gnu-toolchain/bin/../lib/gcc/arm-none-eabi/6.3.1/../../../../arm-none-eabi/lib/thumb/v6-m/crt0.o
 .bss           0x00000000        0x0 c:/program files (x86)/atmel/studio/7.0/toolchain/arm/arm-gnu-toolchain/bin/../lib/gcc/arm-none-eabi/6.3.1/../../../../arm-none-eabi/lib/thumb/v6-m/crt0.o
 .ARM.extab     0x00000000        0x0 c:/program files (x86)/atmel/studio/7.0/toolchain/arm/arm-gnu-toolchain/bin/../lib/gcc/arm-none-eabi/6.3.1/../../../../arm-none-eabi/lib/thumb/v6-m/crt0.o
 .ARM.exidx     0x00000000        0x8 c:/program files (x86)/atmel/studio/7.0/toolchain/arm/arm-gnu-toolchain/bin/../lib/gcc/arm-none-eabi/6.3.1/../../../../arm-none-eabi/lib/thumb/v6-m/crt0.o
 .ARM.attributes
[...]
Memory Configuration

Name             Origin             Length             Attributes
rom              0x00000000         0x00040000         xr
ram              0x20000000         0x00008000         xrw
*default*        0x00000000         0xffffffff

Linker script and memory map

LOAD c:/program files (x86)/atmel/studio/7.0/toolchain/arm/arm-gnu-toolchain/bin/../lib/gcc/arm-none-eabi/6.3.1/thumb/v6-m/crti.o
LOAD c:/program files (x86)/atmel/studio/7.0/toolchain/arm/arm-gnu-toolchain/bin/../lib/gcc/arm-none-eabi/6.3.1/thumb/v6-m/crtbegin.o
LOAD c:/program files (x86)/atmel/studio/7.0/toolchain/arm/arm-gnu-toolchain/bin/../lib/gcc/arm-none-eabi/6.3.1/../../../../arm-none-eabi/lib/thumb/v6-m/crt0.o
LOAD src/ASF/common2/services/delay/sam0/systick_counter.o
LOAD src/ASF/sam0/drivers/adc/adc_sam_d_r_h/adc.o
LOAD src/ASF/sam0/drivers/sercom/sercom.o
LOAD src/ASF/sam0/drivers/sercom/sercom_interrupt.o
LOAD src/ASF/sam0/drivers/sercom/spi/spi.o
LOAD src/ASF/sam0/drivers/sercom/usart/usart.o
LOAD src/ASF/sam0/drivers/sercom/usart/usart_interrupt.o
LOAD src/ASF/sam0/drivers/tc/tc_sam_d_r_h/tc.o
LOAD src/drv_ctrl.o
LOAD src/force_sense.o
LOAD src/plc_com.o
LOAD src/rprintf.o
LOAD src/stepper_music.o
LOAD src/z_axis.o
LOAD src/ASF/common/utils/interrupt/interrupt_sam_nvic.o
LOAD src/ASF/sam0/boards/samd20_xplained_pro/board_init.o
LOAD src/ASF/sam0/drivers/port/port.o
LOAD src/ASF/sam0/drivers/system/clock/clock_samd20/clock.o
LOAD src/ASF/sam0/drivers/system/clock/clock_samd20/gclk.o
LOAD src/ASF/sam0/drivers/system/interrupt/system_interrupt.o
LOAD src/ASF/sam0/drivers/system/pinmux/pinmux.o
LOAD src/ASF/sam0/drivers/system/system.o
LOAD src/ASF/sam0/utils/cmsis/samd20/source/gcc/startup_samd20.o
LOAD src/ASF/sam0/utils/cmsis/samd20/source/system_samd20.o
LOAD src/ASF/sam0/utils/syscalls/gcc/syscalls.o
LOAD src/main.o
START GROUP
LOAD ../src/ASF/thirdparty/CMSIS/Lib/GCC\libarm_cortexM0l_math.a
LOAD c:/program files (x86)/atmel/studio/7.0/toolchain/arm/arm-gnu-toolchain/bin/../lib/gcc/arm-none-eabi/6.3.1/../../../../arm-none-eabi/lib/thumb/v6-m\libm.a
END GROUP
START GROUP
LOAD c:/program files (x86)/atmel/studio/7.0/toolchain/arm/arm-gnu-toolchain/bin/../lib/gcc/arm-none-eabi/6.3.1/thumb/v6-m\libgcc.a
LOAD c:/program files (x86)/atmel/studio/7.0/toolchain/arm/arm-gnu-toolchain/bin/../lib/gcc/arm-none-eabi/6.3.1/../../../../arm-none-eabi/lib/thumb/v6-m\libc_nano.a
END GROUP
START GROUP
LOAD c:/program files (x86)/atmel/studio/7.0/toolchain/arm/arm-gnu-toolchain/bin/../lib/gcc/arm-none-eabi/6.3.1/thumb/v6-m\libgcc.a
LOAD c:/program files (x86)/atmel/studio/7.0/toolchain/arm/arm-gnu-toolchain/bin/../lib/gcc/arm-none-eabi/6.3.1/../../../../arm-none-eabi/lib/thumb/v6-m\libc_nano.a
END GROUP
LOAD c:/program files (x86)/atmel/studio/7.0/toolchain/arm/arm-gnu-toolchain/bin/../lib/gcc/arm-none-eabi/6.3.1/thumb/v6-m/crtend.o
LOAD c:/program files (x86)/atmel/studio/7.0/toolchain/arm/arm-gnu-toolchain/bin/../lib/gcc/arm-none-eabi/6.3.1/thumb/v6-m/crtn.o
                0x00002000                STACK_SIZE = DEFINED (STACK_SIZE)?STACK_SIZE:DEFINED (__stack_size__)?__stack_size__:0x2000

.text           0x00000000     0x2fbc
                0x00000000                . = ALIGN (0x4)
                0x00000000                _sfixed = .
 *(.vectors .vectors.*)
 .vectors       0x00000000       0xa4 src/ASF/sam0/utils/cmsis/samd20/source/gcc/startup_samd20.o
                0x00000000                exception_table
 *(.text .text.* .gnu.linkonce.t.*)
 .text          0x000000a4       0x60 c:/program files (x86)/atmel/studio/7.0/toolchain/arm/arm-gnu-toolchain/bin/../lib/gcc/arm-none-eabi/6.3.1/thumb/v6-m/crtbegin.o
 .text.delay_init
                0x00000104       0x40 src/ASF/common2/services/delay/sam0/systick_counter.o
                0x00000104                delay_init
 .text.delay_cycles_us
                0x00000144       0x2c src/ASF/common2/services/delay/sam0/systick_counter.o
                0x00000144                delay_cycles_us
 .text.delay_cycles_ms
                0x00000170       0x2c src/ASF/common2/services/delay/sam0/systick_counter.o
                0x00000170                delay_cycles_ms
 .text.adc_get_config_defaults
                0x0000019c       0x46 src/ASF/sam0/drivers/adc/adc_sam_d_r_h/adc.o
                0x0000019c                adc_get_config_defaults
 *fill*         0x000001e2        0x2 
 .text.adc_init
                0x000001e4      0x438 src/ASF/sam0/drivers/adc/adc_sam_d_r_h/adc.o
                0x000001e4                adc_init
 .text.long_division
                0x0000061c       0xba src/ASF/sam0/drivers/sercom/sercom.o
 .text._sercom_get_sync_baud_val
                0x000006d6       0x28 src/ASF/sam0/drivers/sercom/sercom.o
                0x000006d6                _sercom_get_sync_baud_val
 *fill*         0x000006fe        0x2 
 .text._sercom_get_async_baud_val
                0x00000700       0x94 src/ASF/sam0/drivers/sercom/sercom.o
                0x00000700                _sercom_get_async_baud_val
 .text.sercom_set_gclk_generator
                0x00000794       0x4c src/ASF/sam0/drivers/sercom/sercom.o
                0x00000794                sercom_set_gclk_generator
 .text._sercom_get_default_pad
                0x000007e0      0x178 src/ASF/sam0/drivers/sercom/sercom.o
                0x000007e0                _sercom_get_default_pad
 .text._sercom_get_sercom_inst_index
                0x00000958       0x38 src/ASF/sam0/drivers/sercom/sercom.o
                0x00000958                _sercom_get_sercom_inst_index
 .text._sercom_default_handler
                0x00000990        0x2 src/ASF/sam0/drivers/sercom/sercom_interrupt.o
 *fill*         0x00000992        0x2 
 .text._sercom_set_handler
                0x00000994       0x3c src/ASF/sam0/drivers/sercom/sercom_interrupt.o
                0x00000994                _sercom_set_handler
 .text._sercom_get_interrupt_vector
                0x000009d0       0x30 src/ASF/sam0/drivers/sercom/sercom_interrupt.o
                0x000009d0                _sercom_get_interrupt_vector
 .text.SERCOM0_Handler
                0x00000a00       0x10 src/ASF/sam0/drivers/sercom/sercom_interrupt.o
                0x00000a00                SERCOM0_Handler
 .text.SERCOM1_Handler
                0x00000a10       0x10 src/ASF/sam0/drivers/sercom/sercom_interrupt.o
                0x00000a10                SERCOM1_Handler
 .text.SERCOM2_Handler
                0x00000a20       0x10 src/ASF/sam0/drivers/sercom/sercom_interrupt.o
                0x00000a20                SERCOM2_Handler
 .text.SERCOM3_Handler
                0x00000a30       0x10 src/ASF/sam0/drivers/sercom/sercom_interrupt.o
                0x00000a30                SERCOM3_Handler
 .text.SERCOM4_Handler
                0x00000a40       0x10 src/ASF/sam0/drivers/sercom/sercom_interrupt.o
                0x00000a40                SERCOM4_Handler
 .text.SERCOM5_Handler
                0x00000a50       0x10 src/ASF/sam0/drivers/sercom/sercom_interrupt.o
                0x00000a50                SERCOM5_Handler
 .text.spi_init
                0x00000a60      0x2fc src/ASF/sam0/drivers/sercom/spi/spi.o
                0x00000a60                spi_init
 .text.spi_write_buffer_wait
                0x00000d5c      0x204 src/ASF/sam0/drivers/sercom/spi/spi.o
                0x00000d5c                spi_write_buffer_wait
 .text.usart_init
                0x00000f60      0x24c src/ASF/sam0/drivers/sercom/usart/usart.o
                0x00000f60                usart_init
 .text.usart_write_wait
                0x000011ac       0x26 src/ASF/sam0/drivers/sercom/usart/usart.o
                0x000011ac                usart_write_wait
 *fill*         0x000011d2        0x2 
 .text.usart_write_buffer_wait
                0x000011d4       0xbc src/ASF/sam0/drivers/sercom/usart/usart.o
                0x000011d4                usart_write_buffer_wait
 .text._usart_read_buffer
                0x00001290       0x3c src/ASF/sam0/drivers/sercom/usart/usart_interrupt.o
                0x00001290                _usart_read_buffer
 .text.usart_register_callback
                0x000012cc       0x16 src/ASF/sam0/drivers/sercom/usart/usart_interrupt.o
                0x000012cc                usart_register_callback
 *fill*         0x000012e2        0x2 
 .text.usart_read_job
                0x000012e4       0x10 src/ASF/sam0/drivers/sercom/usart/usart_interrupt.o
                0x000012e4                usart_read_job
 .text._usart_interrupt_handler
                0x000012f4      0x124 src/ASF/sam0/drivers/sercom/usart/usart_interrupt.o
                0x000012f4                _usart_interrupt_handler
 .text.drv_ctrl_write_cmd
                0x00001418       0x34 src/drv_ctrl.o
 .text.drv_ctrl_write_ctrl
                0x0000144c       0x2c src/drv_ctrl.o
 .text.drv_ctrl_init
                0x00001478       0x78 src/drv_ctrl.o
                0x00001478                drv_ctrl_init
 .text.drv_ctrl_enable
                0x000014f0       0x18 src/drv_ctrl.o
                0x000014f0                drv_ctrl_enable
 .text.drv_ctrl_set_microsteps
                0x00001508       0x74 src/drv_ctrl.o
                0x00001508                drv_ctrl_set_microsteps
 .text.force_sense_read_sense
                0x0000157c       0x7c src/force_sense.o
 .text.force_sense_get_millinewton
                0x000015f8       0x2c src/force_sense.o
                0x000015f8                force_sense_get_millinewton
 .text.plc_com_transmit_status
                0x00001624       0x40 src/plc_com.o
 .text.plc_com_success
                0x00001664       0x1c src/plc_com.o
                0x00001664                plc_com_success
 .text.plc_com_transmit_force
                0x00001680       0xa8 src/plc_com.o
                0x00001680                plc_com_transmit_force
 .text.plc_com_arm_receiver
                0x00001728       0x18 src/plc_com.o
                0x00001728                plc_com_arm_receiver
 .text.plc_com_receive_callback
                0x00001740      0x210 src/plc_com.o
                0x00001740                plc_com_receive_callback
 .text.iputc    0x00001950       0x1c src/rprintf.o
 .text.rprintf_init
                0x0000196c       0x94 src/rprintf.o
                0x0000196c                rprintf_init
 .text.rprintf  0x00001a00      0x180 src/rprintf.o
                0x00001a00                rprintf
 .text.stepper_music_play
                0x00001b80       0xf0 src/stepper_music.o
                0x00001b80                stepper_music_play
 .text.cpu_irq_enter_critical
                0x00001c70       0x40 src/ASF/common/utils/interrupt/interrupt_sam_nvic.o
                0x00001c70                cpu_irq_enter_critical
 .text.cpu_irq_leave_critical
                0x00001cb0       0x30 src/ASF/common/utils/interrupt/interrupt_sam_nvic.o
                0x00001cb0                cpu_irq_leave_critical
 .text.system_board_init
                0x00001ce0       0x38 src/ASF/sam0/boards/samd20_xplained_pro/board_init.o
                0x00001ce0                board_init
                0x00001ce0                system_board_init
 .text.port_pin_set_config
                0x00001d18       0x24 src/ASF/sam0/drivers/port/port.o
                0x00001d18                port_pin_set_config
 .text.system_clock_source_get_hz
                0x00001d3c       0x7c src/ASF/sam0/drivers/system/clock/clock_samd20/clock.o
                0x00001d3c                system_clock_source_get_hz
 .text.system_clock_source_osc8m_set_config
                0x00001db8       0x3c src/ASF/sam0/drivers/system/clock/clock_samd20/clock.o
                0x00001db8                system_clock_source_osc8m_set_config
 .text.system_clock_source_enable
                0x00001df4       0x90 src/ASF/sam0/drivers/system/clock/clock_samd20/clock.o
                0x00001df4                system_clock_source_enable
 .text.system_clock_init
                0x00001e84       0x98 src/ASF/sam0/drivers/system/clock/clock_samd20/clock.o
                0x00001e84                system_clock_init
 .text.system_gclk_init
                0x00001f1c       0x24 src/ASF/sam0/drivers/system/clock/clock_samd20/gclk.o
                0x00001f1c                system_gclk_init
 .text.system_gclk_gen_set_config
                0x00001f40       0xb8 src/ASF/sam0/drivers/system/clock/clock_samd20/gclk.o
                0x00001f40                system_gclk_gen_set_config
 .text.system_gclk_gen_enable
                0x00001ff8       0x44 src/ASF/sam0/drivers/system/clock/clock_samd20/gclk.o
                0x00001ff8                system_gclk_gen_enable
 .text.system_gclk_gen_get_hz
                0x0000203c       0x8c src/ASF/sam0/drivers/system/clock/clock_samd20/gclk.o
                0x0000203c                system_gclk_gen_get_hz
 .text.system_gclk_chan_enable
                0x000020c8       0x30 src/ASF/sam0/drivers/system/clock/clock_samd20/gclk.o
                0x000020c8                system_gclk_chan_enable
 .text.system_gclk_chan_disable
                0x000020f8       0x5c src/ASF/sam0/drivers/system/clock/clock_samd20/gclk.o
                0x000020f8                system_gclk_chan_disable
 .text.system_gclk_chan_set_config
                0x00002154       0x1c src/ASF/sam0/drivers/system/clock/clock_samd20/gclk.o
                0x00002154                system_gclk_chan_set_config
 .text.system_gclk_chan_get_hz
                0x00002170       0x34 src/ASF/sam0/drivers/system/clock/clock_samd20/gclk.o
                0x00002170                system_gclk_chan_get_hz
 .text._system_pinmux_config
                0x000021a4       0xa8 src/ASF/sam0/drivers/system/pinmux/pinmux.o
 .text.system_pinmux_pin_set_config
                0x0000224c       0x30 src/ASF/sam0/drivers/system/pinmux/pinmux.o
                0x0000224c                system_pinmux_pin_set_config
 .text._system_dummy_init
                0x0000227c        0x2 src/ASF/sam0/drivers/system/system.o
                0x0000227c                _system_extint_init
                0x0000227c                _system_events_init
                0x0000227c                _system_dummy_init
                0x0000227c                _system_divas_init
 *fill*         0x0000227e        0x2 
 .text.system_init
                0x00002280       0x2c src/ASF/sam0/drivers/system/system.o
                0x00002280                system_init
 .text.Dummy_Handler
                0x000022ac        0x2 src/ASF/sam0/utils/cmsis/samd20/source/gcc/startup_samd20.o
                0x000022ac                HardFault_Handler
                0x000022ac                TC2_Handler
                0x000022ac                AC_Handler
                0x000022ac                SysTick_Handler
                0x000022ac                PendSV_Handler
                0x000022ac                NMI_Handler
                0x000022ac                TC7_Handler
                0x000022ac                ADC_Handler
                0x000022ac                RTC_Handler
                0x000022ac                EIC_Handler
                0x000022ac                TC6_Handler
                0x000022ac                WDT_Handler
                0x000022ac                TC4_Handler
                0x000022ac                TC1_Handler
                0x000022ac                TC3_Handler
                0x000022ac                Dummy_Handler
                0x000022ac                PM_Handler
                0x000022ac                SVC_Handler
                0x000022ac                EVSYS_Handler
                0x000022ac                NVMCTRL_Handler
                0x000022ac                DAC_Handler
                0x000022ac                PTC_Handler
                0x000022ac                TC0_Handler
                0x000022ac                TC5_Handler
                0x000022ac                SYSCTRL_Handler
 *fill*         0x000022ae        0x2 
 .text.Reset_Handler
                0x000022b0       0x98 src/ASF/sam0/utils/cmsis/samd20/source/gcc/startup_samd20.o
                0x000022b0                Reset_Handler
 .text.set_state
                0x00002348       0x38 src/main.o
                0x00002348                set_state
 .text.get_state
                0x00002380        0xc src/main.o
                0x00002380                get_state
 .text.test_loop
                0x0000238c      0x13c src/main.o
                0x0000238c                test_loop
 .text.main     0x000024c8      0x2fc src/main.o
                0x000024c8                main
 .text          0x000027c4      0x114 c:/program files (x86)/atmel/studio/7.0/toolchain/arm/arm-gnu-toolchain/bin/../lib/gcc/arm-none-eabi/6.3.1/thumb/v6-m\libgcc.a(_udivsi3.o)
                0x000027c4                __aeabi_uidiv
                0x000027c4                __udivsi3
                0x000028d0                __aeabi_uidivmod
 .text          0x000028d8      0x1d4 c:/program files (x86)/atmel/studio/7.0/toolchain/arm/arm-gnu-toolchain/bin/../lib/gcc/arm-none-eabi/6.3.1/thumb/v6-m\libgcc.a(_divsi3.o)
                0x000028d8                __divsi3
                0x000028d8                __aeabi_idiv
                0x00002aa4                __aeabi_idivmod
 .text          0x00002aac        0x4 c:/program files (x86)/atmel/studio/7.0/toolchain/arm/arm-gnu-toolchain/bin/../lib/gcc/arm-none-eabi/6.3.1/thumb/v6-m\libgcc.a(_dvmd_tls.o)
                0x00002aac                __aeabi_idiv0
                0x00002aac                __aeabi_ldiv0
 .text          0x00002ab0       0x54 c:/program files (x86)/atmel/studio/7.0/toolchain/arm/arm-gnu-toolchain/bin/../lib/gcc/arm-none-eabi/6.3.1/thumb/v6-m\libgcc.a(_muldi3.o)
                0x00002ab0                __muldi3
                0x00002ab0                __aeabi_lmul
 .text.__libc_init_array
                0x00002b04       0x48 c:/program files (x86)/atmel/studio/7.0/toolchain/arm/arm-gnu-toolchain/bin/../lib/gcc/arm-none-eabi/6.3.1/../../../../arm-none-eabi/lib/thumb/v6-m\libc_nano.a(lib_a-init.o)
                0x00002b04                __libc_init_array
 .text.memcpy   0x00002b4c       0x12 c:/program files (x86)/atmel/studio/7.0/toolchain/arm/arm-gnu-toolchain/bin/../lib/gcc/arm-none-eabi/6.3.1/../../../../arm-none-eabi/lib/thumb/v6-m\libc_nano.a(lib_a-memcpy-stub.o)
                0x00002b4c                memcpy
 .text.memset   0x00002b5e       0x10 c:/program files (x86)/atmel/studio/7.0/toolchain/arm/arm-gnu-toolchain/bin/../lib/gcc/arm-none-eabi/6.3.1/../../../../arm-none-eabi/lib/thumb/v6-m\libc_nano.a(lib_a-memset.o)
                0x00002b5e                memset
 *(.glue_7t)
 .glue_7t       0x00002b6e        0x0 linker stubs
 *(.glue_7)
 .glue_7        0x00002b6e        0x0 linker stubs
 *(.rodata .rodata* .gnu.linkonce.r.*)
 *fill*         0x00002b6e        0x2 
 .rodata.adc_init
                0x00002b70       0xd4 src/ASF/sam0/drivers/adc/adc_sam_d_r_h/adc.o
 .rodata        0x00002c44       0x50 src/ASF/sam0/drivers/adc/adc_sam_d_r_h/adc.o
 .rodata        0x00002c94       0x18 src/ASF/sam0/drivers/sercom/sercom.o
 .rodata.drv_ctrl_set_microsteps
                0x00002cac      0x104 src/drv_ctrl.o
 .rodata.plc_com_receive_callback
                0x00002db0       0x98 src/plc_com.o
 .rodata.rprintf.str1.4
                0x00002e48       0x11 src/rprintf.o
 *fill*         0x00002e59        0x3 
 .rodata.system_clock_source_get_hz
                0x00002e5c       0x20 src/ASF/sam0/drivers/system/clock/clock_samd20/clock.o
 .rodata.system_clock_source_enable
                0x00002e7c       0x20 src/ASF/sam0/drivers/system/clock/clock_samd20/clock.o
 .rodata.test_loop
                0x00002e9c       0x34 src/main.o
 .rodata.set_state.str1.4
                0x00002ed0       0x38 src/main.o
 .rodata.test_loop.str1.4
                0x00002f08       0x94 src/main.o
                                 0x93 (size before relaxing)
 *(.ARM.extab* .gnu.linkonce.armextab.*)
                0x00002f9c                . = ALIGN (0x4)
 *(.init)
 .init          0x00002f9c        0x4 c:/program files (x86)/atmel/studio/7.0/toolchain/arm/arm-gnu-toolchain/bin/../lib/gcc/arm-none-eabi/6.3.1/thumb/v6-m/crti.o
                0x00002f9c                _init
 .init          0x00002fa0        0x8 c:/program files (x86)/atmel/studio/7.0/toolchain/arm/arm-gnu-toolchain/bin/../lib/gcc/arm-none-eabi/6.3.1/thumb/v6-m/crtn.o
                0x00002fa8                . = ALIGN (0x4)
                0x00002fa8                __preinit_array_start = .
 *(.preinit_array)
                0x00002fa8                __preinit_array_end = .
                0x00002fa8                . = ALIGN (0x4)
                0x00002fa8                __init_array_start = .
 *(SORT(.init_array.*))
 *(.init_array)
 .init_array    0x00002fa8        0x4 c:/program files (x86)/atmel/studio/7.0/toolchain/arm/arm-gnu-toolchain/bin/../lib/gcc/arm-none-eabi/6.3.1/thumb/v6-m/crtbegin.o
                0x00002fac                __init_array_end = .
                0x00002fac                . = ALIGN (0x4)
 *crtbegin.o(.ctors)
 *(EXCLUDE_FILE(*crtend.o) .ctors)
 *(SORT(.ctors.*))
 *crtend.o(.ctors)
                0x00002fac                . = ALIGN (0x4)
 *(.fini)
 .fini          0x00002fac        0x4 c:/program files (x86)/atmel/studio/7.0/toolchain/arm/arm-gnu-toolchain/bin/../lib/gcc/arm-none-eabi/6.3.1/thumb/v6-m/crti.o
                0x00002fac                _fini
 .fini          0x00002fb0        0x8 c:/program files (x86)/atmel/studio/7.0/toolchain/arm/arm-gnu-toolchain/bin/../lib/gcc/arm-none-eabi/6.3.1/thumb/v6-m/crtn.o
                0x00002fb8                . = ALIGN (0x4)
                0x00002fb8                __fini_array_start = .
 *(.fini_array)
 .fini_array    0x00002fb8        0x4 c:/program files (x86)/atmel/studio/7.0/toolchain/arm/arm-gnu-toolchain/bin/../lib/gcc/arm-none-eabi/6.3.1/thumb/v6-m/crtbegin.o
 *(SORT(.fini_array.*))
                0x00002fbc                __fini_array_end = .
 *crtbegin.o(.dtors)
 *(EXCLUDE_FILE(*crtend.o) .dtors)
 *(SORT(.dtors.*))
 *crtend.o(.dtors)
                0x00002fbc                . = ALIGN (0x4)
                0x00002fbc                _efixed = .
                [!provide]                PROVIDE (__exidx_start, .)

.vfp11_veneer   0x00002fbc        0x0
 .vfp11_veneer  0x00002fbc        0x0 linker stubs

.v4_bx          0x00002fbc        0x0
 .v4_bx         0x00002fbc        0x0 linker stubs

.iplt           0x00002fbc        0x0
 .iplt          0x00002fbc        0x0 c:/program files (x86)/atmel/studio/7.0/toolchain/arm/arm-gnu-toolchain/bin/../lib/gcc/arm-none-eabi/6.3.1/thumb/v6-m/crtbegin.o

.eh_frame       0x00002fbc        0x0
 .eh_frame      0x00002fbc        0x0 c:/program files (x86)/atmel/studio/7.0/toolchain/arm/arm-gnu-toolchain/bin/../lib/gcc/arm-none-eabi/6.3.1/thumb/v6-m/crtbegin.o

.rel.dyn        0x00002fbc        0x0
 .rel.iplt      0x00002fbc        0x0 c:/program files (x86)/atmel/studio/7.0/toolchain/arm/arm-gnu-toolchain/bin/../lib/gcc/arm-none-eabi/6.3.1/thumb/v6-m/crtbegin.o

.jcr            0x00002fbc        0x0
 .jcr           0x00002fbc        0x0 c:/program files (x86)/atmel/studio/7.0/toolchain/arm/arm-gnu-toolchain/bin/../lib/gcc/arm-none-eabi/6.3.1/thumb/v6-m/crtbegin.o

.igot.plt       0x00002fbc        0x0
 .igot.plt      0x00002fbc        0x0 c:/program files (x86)/atmel/studio/7.0/toolchain/arm/arm-gnu-toolchain/bin/../lib/gcc/arm-none-eabi/6.3.1/thumb/v6-m/crtbegin.o

.ARM.exidx
 *(.ARM.exidx* .gnu.linkonce.armexidx.*)
                [!provide]                PROVIDE (__exidx_end, .)
                0x00002fbc                . = ALIGN (0x4)
                0x00002fbc                _etext = .

.relocate       0x20000000       0x2c load address 0x00002fbc
                0x20000000                . = ALIGN (0x4)
                0x20000000                _srelocate = .
 *(.ramfunc .ramfunc.*)
 *(.data .data.*)
 .data.cycles_per_ms
                0x20000000        0x4 src/ASF/common2/services/delay/sam0/systick_counter.o
 .data.cycles_per_us
                0x20000004        0x4 src/ASF/common2/services/delay/sam0/systick_counter.o
 .data.g_interrupt_enabled
                0x20000008        0x1 src/ASF/common/utils/interrupt/interrupt_sam_nvic.o
                0x20000008                g_interrupt_enabled
 *fill*         0x20000009        0x3 
 .data.notes1   0x2000000c       0x1e src/main.o
                0x2000000c                notes1
                0x2000002c                . = ALIGN (0x4)
 *fill*         0x2000002a        0x2 
                0x2000002c                _erelocate = .

.bss            0x2000002c      0x100 load address 0x00002fe8
                0x2000002c                . = ALIGN (0x4)
                0x2000002c                _sbss = .
                0x2000002c                _szero = .
 *(.bss .bss.*)
 .bss           0x2000002c       0x1c c:/program files (x86)/atmel/studio/7.0/toolchain/arm/arm-gnu-toolchain/bin/../lib/gcc/arm-none-eabi/6.3.1/thumb/v6-m/crtbegin.o
 .bss._sercom_config
                0x20000048        0x2 src/ASF/sam0/drivers/sercom/sercom.o
 .bss._handler_table_initialized
                0x2000004a        0x1 src/ASF/sam0/drivers/sercom/sercom_interrupt.o
 *fill*         0x2000004b        0x1 
 .bss._sercom_interrupt_handlers
                0x2000004c       0x18 src/ASF/sam0/drivers/sercom/sercom_interrupt.o
 .bss.sDrvConfig
                0x20000064       0x26 src/drv_ctrl.o
 .bss.sStepDivider
                0x2000008a        0x2 src/drv_ctrl.o
 .bss.sForceSenseLastReadout
                0x2000008c        0x2 src/force_sense.o
 .bss.sForceSenseZeroValue
                0x2000008e        0x2 src/force_sense.o
 .bss.awaitEtx.10972
                0x20000090        0x1 src/plc_com.o
 .bss.command.10970
                0x20000091        0x1 src/plc_com.o
 .bss.sRxBuffer
                0x20000092        0x2 src/plc_com.o
 .bss.sSymbolCounter.10969
                0x20000094        0x1 src/plc_com.o
 .bss.specifier.10971
                0x20000095        0x1 src/plc_com.o
 *fill*         0x20000096        0x2 
 .bss.cpu_irq_critical_section_counter
                0x20000098        0x4 src/ASF/common/utils/interrupt/interrupt_sam_nvic.o
 .bss.cpu_irq_prev_interrupt_state
                0x2000009c        0x1 src/ASF/common/utils/interrupt/interrupt_sam_nvic.o
 *fill*         0x2000009d        0x3 
 .bss._system_clock_inst
                0x200000a0       0x14 src/ASF/sam0/drivers/system/clock/clock_samd20/clock.o
 .bss.sSystemState
                0x200000b4        0x1 src/main.o
 *(COMMON)
 *fill*         0x200000b5        0x3 
 COMMON         0x200000b8       0x18 src/ASF/sam0/drivers/sercom/sercom_interrupt.o
                0x200000b8                _sercom_instances
 COMMON         0x200000d0       0x24 src/rprintf.o
                0x200000d0                my_usart_instance
 COMMON         0x200000f4       0x38 src/main.o
                0x200000f4                gUsartInstance
                0x20000118                gSpiMotorController
                0x2000011c                gSpiMasterInstance
                0x20000124                gAdcInstance
                0x2000012c                . = ALIGN (0x4)
                0x2000012c                _ebss = .
                0x2000012c                _ezero = .

.stack          0x2000012c     0x2004 load address 0x000030e8
                0x20000130                . = ALIGN (0x8)
 *fill*         0x2000012c        0x4 
                0x20000130                _sstack = .
                0x20002130                . = (. + STACK_SIZE)
 *fill*         0x20000130     0x2000 
                0x20002130                . = ALIGN (0x8)
                0x20002130                _estack = .
                0x20002130                . = ALIGN (0x4)
                0x20002130                _end = .
OUTPUT(PickNPlace.elf elf32-littlearm)

.ARM.attributes
                0x00000000       0x28
 .ARM.attributes
                0x00000000       0x1e c:/program files (x86)/atmel/studio/7.0/toolchain/arm/arm-gnu-toolchain/bin/../lib/gcc/arm-none-eabi/6.3.1/thumb/v6-m/crti.o
 .ARM.attributes
                0x0000001e       0x2c c:/program files (x86)/atmel/studio/7.0/toolchain/arm/arm-gnu-toolchain/bin/../lib/gcc/arm-none-eabi/6.3.1/thumb/v6-m/crtbegin.o
 .ARM.attributes
                0x0000004a       0x32 src/ASF/common2/services/delay/sam0/systick_counter.o
 .ARM.attributes
                0x0000007c       0x32 src/ASF/sam0/drivers/adc/adc_sam_d_r_h/adc.o
 .ARM.attributes
                0x000000ae       0x32 src/ASF/sam0/drivers/sercom/sercom.o
 .ARM.attributes
                0x000000e0       0x32 src/ASF/sam0/drivers/sercom/sercom_interrupt.o
 .ARM.attributes
                0x00000112       0x32 src/ASF/sam0/drivers/sercom/spi/spi.o
 .ARM.attributes
                0x00000144       0x32 src/ASF/sam0/drivers/sercom/usart/usart.o
 .ARM.attributes
                0x00000176       0x32 src/ASF/sam0/drivers/sercom/usart/usart_interrupt.o
 .ARM.attributes
                0x000001a8       0x32 src/drv_ctrl.o
 .ARM.attributes
                0x000001da       0x32 src/force_sense.o
 .ARM.attributes
                0x0000020c       0x32 src/plc_com.o
 .ARM.attributes
                0x0000023e       0x32 src/rprintf.o
 .ARM.attributes
                0x00000270       0x32 src/stepper_music.o
 .ARM.attributes
                0x000002a2       0x32 src/ASF/common/utils/interrupt/interrupt_sam_nvic.o
 .ARM.attributes
                0x000002d4       0x32 src/ASF/sam0/boards/samd20_xplained_pro/board_init.o
 .ARM.attributes
                0x00000306       0x32 src/ASF/sam0/drivers/port/port.o
 .ARM.attributes
                0x00000338       0x32 src/ASF/sam0/drivers/system/clock/clock_samd20/clock.o
 .ARM.attributes
                0x0000036a       0x32 src/ASF/sam0/drivers/system/clock/clock_samd20/gclk.o
 .ARM.attributes
                0x0000039c       0x32 src/ASF/sam0/drivers/system/pinmux/pinmux.o
 .ARM.attributes
                0x000003ce       0x32 src/ASF/sam0/drivers/system/system.o
 .ARM.attributes
                0x00000400       0x32 src/ASF/sam0/utils/cmsis/samd20/source/gcc/startup_samd20.o
 .ARM.attributes
                0x00000432       0x32 src/main.o
 .ARM.attributes
                0x00000464       0x1e c:/program files (x86)/atmel/studio/7.0/toolchain/arm/arm-gnu-toolchain/bin/../lib/gcc/arm-none-eabi/6.3.1/thumb/v6-m\libgcc.a(_udivsi3.o)
 .ARM.attributes
                0x00000482       0x1e c:/program files (x86)/atmel/studio/7.0/toolchain/arm/arm-gnu-toolchain/bin/../lib/gcc/arm-none-eabi/6.3.1/thumb/v6-m\libgcc.a(_divsi3.o)
 .ARM.attributes
                0x000004a0       0x1e c:/program files (x86)/atmel/studio/7.0/toolchain/arm/arm-gnu-toolchain/bin/../lib/gcc/arm-none-eabi/6.3.1/thumb/v6-m\libgcc.a(_dvmd_tls.o)
 .ARM.attributes
                0x000004be       0x2c c:/program files (x86)/atmel/studio/7.0/toolchain/arm/arm-gnu-toolchain/bin/../lib/gcc/arm-none-eabi/6.3.1/thumb/v6-m\libgcc.a(_muldi3.o)
 .ARM.attributes
                0x000004ea       0x2c c:/program files (x86)/atmel/studio/7.0/toolchain/arm/arm-gnu-toolchain/bin/../lib/gcc/arm-none-eabi/6.3.1/../../../../arm-none-eabi/lib/thumb/v6-m\libc_nano.a(lib_a-init.o)
 .ARM.attributes
                0x00000516       0x2c c:/program files (x86)/atmel/studio/7.0/toolchain/arm/arm-gnu-toolchain/bin/../lib/gcc/arm-none-eabi/6.3.1/../../../../arm-none-eabi/lib/thumb/v6-m\libc_nano.a(lib_a-memcpy-stub.o)
 .ARM.attributes
                0x00000542       0x2c c:/program files (x86)/atmel/studio/7.0/toolchain/arm/arm-gnu-toolchain/bin/../lib/gcc/arm-none-eabi/6.3.1/../../../../arm-none-eabi/lib/thumb/v6-m\libc_nano.a(lib_a-memset.o)
 .ARM.attributes
                0x0000056e       0x1e c:/program files (x86)/atmel/studio/7.0/toolchain/arm/arm-gnu-toolchain/bin/../lib/gcc/arm-none-eabi/6.3.1/thumb/v6-m/crtn.o

.comment        0x00000000       0x59
 .comment       0x00000000       0x59 src/ASF/common2/services/delay/sam0/systick_counter.o
                                 0x5a (size before relaxing)
 .comment       0x00000059       0x5a src/ASF/sam0/drivers/adc/adc_sam_d_r_h/adc.o
 .comment       0x00000059       0x5a src/ASF/sam0/drivers/sercom/sercom.o
 .comment       0x00000059       0x5a src/ASF/sam0/drivers/sercom/sercom_interrupt.o
 .comment       0x00000059       0x5a src/ASF/sam0/drivers/sercom/spi/spi.o
 .comment       0x00000059       0x5a src/ASF/sam0/drivers/sercom/usart/usart.o
 .comment       0x00000059       0x5a src/ASF/sam0/drivers/sercom/usart/usart_interrupt.o
 .comment       0x00000059       0x5a src/drv_ctrl.o
 .comment       0x00000059       0x5a src/force_sense.o
 .comment       0x00000059       0x5a src/plc_com.o
 .comment       0x00000059       0x5a src/rprintf.o
 .comment       0x00000059       0x5a src/stepper_music.o
 .comment       0x00000059       0x5a src/ASF/common/utils/interrupt/interrupt_sam_nvic.o
 .comment       0x00000059       0x5a src/ASF/sam0/boards/samd20_xplained_pro/board_init.o
 .comment       0x00000059       0x5a src/ASF/sam0/drivers/port/port.o
 .comment       0x00000059       0x5a src/ASF/sam0/drivers/system/clock/clock_samd20/clock.o
 .comment       0x00000059       0x5a src/ASF/sam0/drivers/system/clock/clock_samd20/gclk.o
 .comment       0x00000059       0x5a src/ASF/sam0/drivers/system/pinmux/pinmux.o
 .comment       0x00000059       0x5a src/ASF/sam0/drivers/system/system.o
 .comment       0x00000059       0x5a src/ASF/sam0/utils/cmsis/samd20/source/gcc/startup_samd20.o
 .comment       0x00000059       0x5a src/main.o

.debug_info     0x00000000    0x37063
 .debug_info    0x00000000      0xb8d src/ASF/common2/services/delay/sam0/systick_counter.o
 .debug_info    0x00000b8d     0x3916 src/ASF/sam0/drivers/adc/adc_sam_d_r_h/adc.o
 .debug_info    0x000044a3     0x2660 src/ASF/sam0/drivers/sercom/sercom.o
 .debug_info    0x00006b03     0x2456 src/ASF/sam0/drivers/sercom/sercom_interrupt.o
 .debug_info    0x00008f59     0x5f38 src/ASF/sam0/drivers/sercom/spi/spi.o
 .debug_info    0x0000ee91     0x41bd src/ASF/sam0/drivers/sercom/usart/usart.o
 .debug_info    0x0001304e     0x2881 src/ASF/sam0/drivers/sercom/usart/usart_interrupt.o
 .debug_info    0x000158cf     0x4270 src/drv_ctrl.o
 .debug_info    0x00019b3f     0x32b7 src/force_sense.o
 .debug_info    0x0001cdf6     0x34f0 src/plc_com.o
 .debug_info    0x000202e6     0x2be7 src/rprintf.o
 .debug_info    0x00022ecd     0x3901 src/stepper_music.o
 .debug_info    0x000267ce      0xb05 src/ASF/common/utils/interrupt/interrupt_sam_nvic.o
 .debug_info    0x000272d3     0x12ac src/ASF/sam0/boards/samd20_xplained_pro/board_init.o
 .debug_info    0x0002857f     0x12b6 src/ASF/sam0/drivers/port/port.o
 .debug_info    0x00029835     0x3d15 src/ASF/sam0/drivers/system/clock/clock_samd20/clock.o
 .debug_info    0x0002d54a     0x1de7 src/ASF/sam0/drivers/system/clock/clock_samd20/gclk.o
 .debug_info    0x0002f331     0x1374 src/ASF/sam0/drivers/system/pinmux/pinmux.o
 .debug_info    0x000306a5      0xa73 src/ASF/sam0/drivers/system/system.o
 .debug_info    0x00031118      0x9c9 src/ASF/sam0/utils/cmsis/samd20/source/gcc/startup_samd20.o
 .debug_info    0x00031ae1     0x5582 src/main.o

.debug_abbrev   0x00000000     0x4917
 .debug_abbrev  0x00000000      0x24b src/ASF/common2/services/delay/sam0/systick_counter.o
 .debug_abbrev  0x0000024b      0x453 src/ASF/sam0/drivers/adc/adc_sam_d_r_h/adc.o
 .debug_abbrev  0x0000069e      0x378 src/ASF/sam0/drivers/sercom/sercom.o
 .debug_abbrev  0x00000a16      0x2d8 src/ASF/sam0/drivers/sercom/sercom_interrupt.o
 .debug_abbrev  0x00000cee      0x532 src/ASF/sam0/drivers/sercom/spi/spi.o
 .debug_abbrev  0x00001220      0x470 src/ASF/sam0/drivers/sercom/usart/usart.o
 .debug_abbrev  0x00001690      0x416 src/ASF/sam0/drivers/sercom/usart/usart_interrupt.o
 .debug_abbrev  0x00001aa6      0x438 src/drv_ctrl.o
 .debug_abbrev  0x00001ede      0x37f src/force_sense.o
 .debug_abbrev  0x0000225d      0x368 src/plc_com.o
 .debug_abbrev  0x000025c5      0x412 src/rprintf.o
 .debug_abbrev  0x000029d7      0x39a src/stepper_music.o
 .debug_abbrev  0x00002d71      0x23b src/ASF/common/utils/interrupt/interrupt_sam_nvic.o
 .debug_abbrev  0x00002fac      0x2dc src/ASF/sam0/boards/samd20_xplained_pro/board_init.o
 .debug_abbrev  0x00003288      0x298 src/ASF/sam0/drivers/port/port.o
 .debug_abbrev  0x00003520      0x4a1 src/ASF/sam0/drivers/system/clock/clock_samd20/clock.o
 .debug_abbrev  0x000039c1      0x40d src/ASF/sam0/drivers/system/clock/clock_samd20/gclk.o
 .debug_abbrev  0x00003dce      0x332 src/ASF/sam0/drivers/system/pinmux/pinmux.o
 .debug_abbrev  0x00004100      0x1e1 src/ASF/sam0/drivers/system/system.o
 .debug_abbrev  0x000042e1      0x1e4 src/ASF/sam0/utils/cmsis/samd20/source/gcc/startup_samd20.o
 .debug_abbrev  0x000044c5      0x452 src/main.o

.debug_loc      0x00000000     0x83d2
 .debug_loc     0x00000000       0xe4 src/ASF/common2/services/delay/sam0/systick_counter.o
 .debug_loc     0x000000e4      0x927 src/ASF/sam0/drivers/adc/adc_sam_d_r_h/adc.o
 .debug_loc     0x00000a0b      0x9d5 src/ASF/sam0/drivers/sercom/sercom.o
 .debug_loc     0x000013e0      0x161 src/ASF/sam0/drivers/sercom/sercom_interrupt.o
 .debug_loc     0x00001541     0x2cde src/ASF/sam0/drivers/sercom/spi/spi.o
 .debug_loc     0x0000421f      0xb8b src/ASF/sam0/drivers/sercom/usart/usart.o
 .debug_loc     0x00004daa      0x6b6 src/ASF/sam0/drivers/sercom/usart/usart_interrupt.o
 .debug_loc     0x00005460      0x630 src/drv_ctrl.o
 .debug_loc     0x00005a90      0x230 src/force_sense.o
 .debug_loc     0x00005cc0      0x43d src/plc_com.o
 .debug_loc     0x000060fd      0x405 src/rprintf.o
 .debug_loc     0x00006502      0x237 src/stepper_music.o
 .debug_loc     0x00006739       0x8a src/ASF/sam0/boards/samd20_xplained_pro/board_init.o
 .debug_loc     0x000067c3      0x13d src/ASF/sam0/drivers/port/port.o
 .debug_loc     0x00006900      0xe1c src/ASF/sam0/drivers/system/clock/clock_samd20/clock.o
 .debug_loc     0x0000771c      0x504 src/ASF/sam0/drivers/system/clock/clock_samd20/gclk.o
 .debug_loc     0x00007c20      0x322 src/ASF/sam0/drivers/system/pinmux/pinmux.o
 .debug_loc     0x00007f42       0x20 src/ASF/sam0/drivers/system/system.o
 .debug_loc     0x00007f62       0x40 src/ASF/sam0/utils/cmsis/samd20/source/gcc/startup_samd20.o
 .debug_loc     0x00007fa2      0x430 src/main.o

.debug_aranges  0x00000000      0x568
 .debug_aranges
                0x00000000       0x30 src/ASF/common2/services/delay/sam0/systick_counter.o
 .debug_aranges
                0x00000030       0x38 src/ASF/sam0/drivers/adc/adc_sam_d_r_h/adc.o
 .debug_aranges
                0x00000068       0x48 src/ASF/sam0/drivers/sercom/sercom.o
 .debug_aranges
                0x000000b0       0x60 src/ASF/sam0/drivers/sercom/sercom_interrupt.o
 .debug_aranges
                0x00000110       0x58 src/ASF/sam0/drivers/sercom/spi/spi.o
 .debug_aranges
                0x00000168       0x40 src/ASF/sam0/drivers/sercom/usart/usart.o
 .debug_aranges
                0x000001a8       0x70 src/ASF/sam0/drivers/sercom/usart/usart_interrupt.o
 .debug_aranges
                0x00000218       0x60 src/drv_ctrl.o
 .debug_aranges
                0x00000278       0x38 src/force_sense.o
 .debug_aranges
                0x000002b0       0x48 src/plc_com.o
 .debug_aranges
                0x000002f8       0x30 src/rprintf.o
 .debug_aranges
                0x00000328       0x20 src/stepper_music.o
 .debug_aranges
                0x00000348       0x28 src/ASF/common/utils/interrupt/interrupt_sam_nvic.o
 .debug_aranges
                0x00000370       0x20 src/ASF/sam0/boards/samd20_xplained_pro/board_init.o
 .debug_aranges
                0x00000390       0x28 src/ASF/sam0/drivers/port/port.o
 .debug_aranges
                0x000003b8       0x70 src/ASF/sam0/drivers/system/clock/clock_samd20/clock.o
 .debug_aranges
                0x00000428       0x80 src/ASF/sam0/drivers/system/clock/clock_samd20/gclk.o
 .debug_aranges
                0x000004a8       0x38 src/ASF/sam0/drivers/system/pinmux/pinmux.o
 .debug_aranges
                0x000004e0       0x28 src/ASF/sam0/drivers/system/system.o
 .debug_aranges
                0x00000508       0x28 src/ASF/sam0/utils/cmsis/samd20/source/gcc/startup_samd20.o
 .debug_aranges
                0x00000530       0x38 src/main.o

.debug_ranges   0x00000000      0xb10
 .debug_ranges  0x00000000       0x50 src/ASF/common2/services/delay/sam0/systick_counter.o
 .debug_ranges  0x00000050       0xb8 src/ASF/sam0/drivers/adc/adc_sam_d_r_h/adc.o
 .debug_ranges  0x00000108       0x50 src/ASF/sam0/drivers/sercom/sercom.o
 .debug_ranges  0x00000158       0x50 src/ASF/sam0/drivers/sercom/sercom_interrupt.o
 .debug_ranges  0x000001a8      0x490 src/ASF/sam0/drivers/sercom/spi/spi.o
 .debug_ranges  0x00000638      0x100 src/ASF/sam0/drivers/sercom/usart/usart.o
 .debug_ranges  0x00000738       0x60 src/ASF/sam0/drivers/sercom/usart/usart_interrupt.o
 .debug_ranges  0x00000798       0x98 src/drv_ctrl.o
 .debug_ranges  0x00000830       0x40 src/force_sense.o
 .debug_ranges  0x00000870       0x68 src/plc_com.o
 .debug_ranges  0x000008d8       0x20 src/rprintf.o
 .debug_ranges  0x000008f8       0x70 src/stepper_music.o
 .debug_ranges  0x00000968       0x18 src/ASF/common/utils/interrupt/interrupt_sam_nvic.o
 .debug_ranges  0x00000980       0x10 src/ASF/sam0/boards/samd20_xplained_pro/board_init.o
 .debug_ranges  0x00000990       0x18 src/ASF/sam0/drivers/port/port.o
 .debug_ranges  0x000009a8       0x60 src/ASF/sam0/drivers/system/clock/clock_samd20/clock.o
 .debug_ranges  0x00000a08       0x88 src/ASF/sam0/drivers/system/clock/clock_samd20/gclk.o
 .debug_ranges  0x00000a90       0x28 src/ASF/sam0/drivers/system/pinmux/pinmux.o
 .debug_ranges  0x00000ab8       0x18 src/ASF/sam0/drivers/system/system.o
 .debug_ranges  0x00000ad0       0x18 src/ASF/sam0/utils/cmsis/samd20/source/gcc/startup_samd20.o
 .debug_ranges  0x00000ae8       0x28 src/main.o

.debug_macro    0x00000000    0x1631e
 .debug_macro   0x00000000      0x4ed src/ASF/common2/services/delay/sam0/systick_counter.o
 .debug_macro   0x000004ed      0x8ce src/ASF/common2/services/delay/sam0/systick_counter.o
 .debug_macro   0x00000dbb      0x16d src/ASF/common2/services/delay/sam0/systick_counter.o
 .debug_macro   0x00000f28      0x71d src/ASF/common2/services/delay/sam0/systick_counter.o
 .debug_macro   0x00001645       0x22 src/ASF/common2/services/delay/sam0/systick_counter.o
 .debug_macro   0x00001667       0x87 src/ASF/common2/services/delay/sam0/systick_counter.o
 .debug_macro   0x000016ee       0x51 src/ASF/common2/services/delay/sam0/systick_counter.o
 .debug_macro   0x0000173f       0xef src/ASF/common2/services/delay/sam0/systick_counter.o
 .debug_macro   0x0000182e       0x6a src/ASF/common2/services/delay/sam0/systick_counter.o
 .debug_macro   0x00001898      0x1df src/ASF/common2/services/delay/sam0/systick_counter.o
 .debug_macro   0x00001a77       0x10 src/ASF/common2/services/delay/sam0/systick_counter.o
 .debug_macro   0x00001a87       0x76 src/ASF/common2/services/delay/sam0/systick_counter.o
 .debug_macro   0x00001afd       0x16 src/ASF/common2/services/delay/sam0/systick_counter.o
 .debug_macro   0x00001b13      0x6db src/ASF/common2/services/delay/sam0/systick_counter.o
 .debug_macro   0x000021ee      0xdd8 src/ASF/common2/services/delay/sam0/systick_counter.o
 .debug_macro   0x00002fc6       0x22 src/ASF/common2/services/delay/sam0/systick_counter.o
 .debug_macro   0x00002fe8       0x40 src/ASF/common2/services/delay/sam0/systick_counter.o
 .debug_macro   0x00003028       0x1c src/ASF/common2/services/delay/sam0/systick_counter.o
 .debug_macro   0x00003044       0x22 src/ASF/common2/services/delay/sam0/systick_counter.o
 .debug_macro   0x00003066       0xb5 src/ASF/common2/services/delay/sam0/systick_counter.o
 .debug_macro   0x0000311b      0x3ad src/ASF/common2/services/delay/sam0/systick_counter.o
 .debug_macro   0x000034c8      0x682 src/ASF/common2/services/delay/sam0/systick_counter.o
 .debug_macro   0x00003b4a      0x8b8 src/ASF/common2/services/delay/sam0/systick_counter.o
 .debug_macro   0x00004402      0x224 src/ASF/common2/services/delay/sam0/systick_counter.o
 .debug_macro   0x00004626      0x61a src/ASF/common2/services/delay/sam0/systick_counter.o
 .debug_macro   0x00004c40      0x9f8 src/ASF/common2/services/delay/sam0/systick_counter.o
 .debug_macro   0x00005638      0x5ca src/ASF/common2/services/delay/sam0/systick_counter.o
 .debug_macro   0x00005c02      0x4ac src/ASF/common2/services/delay/sam0/systick_counter.o
 .debug_macro   0x000060ae      0x743 src/ASF/common2/services/delay/sam0/systick_counter.o
 .debug_macro   0x000067f1       0x5e src/ASF/common2/services/delay/sam0/systick_counter.o
 .debug_macro   0x0000684f      0x5e0 src/ASF/common2/services/delay/sam0/systick_counter.o
 .debug_macro   0x00006e2f      0x3b6 src/ASF/common2/services/delay/sam0/systick_counter.o
 .debug_macro   0x000071e5      0xc7d src/ASF/common2/services/delay/sam0/systick_counter.o
 .debug_macro   0x00007e62      0xd29 src/ASF/common2/services/delay/sam0/systick_counter.o
 .debug_macro   0x00008b8b      0x7b3 src/ASF/common2/services/delay/sam0/systick_counter.o
 .debug_macro   0x0000933e      0x6ba src/ASF/common2/services/delay/sam0/systick_counter.o
 .debug_macro   0x000099f8      0x347 src/ASF/common2/services/delay/sam0/systick_counter.o
 .debug_macro   0x00009d3f       0x7c src/ASF/common2/services/delay/sam0/systick_counter.o
 .debug_macro   0x00009dbb       0x9a src/ASF/common2/services/delay/sam0/systick_counter.o
 .debug_macro   0x00009e55       0x46 src/ASF/common2/services/delay/sam0/systick_counter.o
 .debug_macro   0x00009e9b       0xb2 src/ASF/common2/services/delay/sam0/systick_counter.o
 .debug_macro   0x00009f4d       0x6a src/ASF/common2/services/delay/sam0/systick_counter.o
 .debug_macro   0x00009fb7      0x27d src/ASF/common2/services/delay/sam0/systick_counter.o
 .debug_macro   0x0000a234       0x7c src/ASF/common2/services/delay/sam0/systick_counter.o
 .debug_macro   0x0000a2b0       0xc4 src/ASF/common2/services/delay/sam0/systick_counter.o
 .debug_macro   0x0000a374       0x1c src/ASF/common2/services/delay/sam0/systick_counter.o
 .debug_macro   0x0000a390       0x1c src/ASF/common2/services/delay/sam0/systick_counter.o
 .debug_macro   0x0000a3ac       0x1c src/ASF/common2/services/delay/sam0/systick_counter.o
 .debug_macro   0x0000a3c8       0x82 src/ASF/common2/services/delay/sam0/systick_counter.o
 .debug_macro   0x0000a44a      0x15a src/ASF/common2/services/delay/sam0/systick_counter.o
 .debug_macro   0x0000a5a4       0xdc src/ASF/common2/services/delay/sam0/systick_counter.o
 .debug_macro   0x0000a680      0x100 src/ASF/common2/services/delay/sam0/systick_counter.o
 .debug_macro   0x0000a780      0x100 src/ASF/common2/services/delay/sam0/systick_counter.o
 .debug_macro   0x0000a880      0x100 src/ASF/common2/services/delay/sam0/systick_counter.o
 .debug_macro   0x0000a980      0x100 src/ASF/common2/services/delay/sam0/systick_counter.o
 .debug_macro   0x0000aa80      0x100 src/ASF/common2/services/delay/sam0/systick_counter.o
 .debug_macro   0x0000ab80      0x100 src/ASF/common2/services/delay/sam0/systick_counter.o
 .debug_macro   0x0000ac80       0xfa src/ASF/common2/services/delay/sam0/systick_counter.o
 .debug_macro   0x0000ad7a       0xbe src/ASF/common2/services/delay/sam0/systick_counter.o
 .debug_macro   0x0000ae38       0xbe src/ASF/common2/services/delay/sam0/systick_counter.o
 .debug_macro   0x0000aef6       0xbe src/ASF/common2/services/delay/sam0/systick_counter.o
 .debug_macro   0x0000afb4       0xbe src/ASF/common2/services/delay/sam0/systick_counter.o
 .debug_macro   0x0000b072       0xbe src/ASF/common2/services/delay/sam0/systick_counter.o
 .debug_macro   0x0000b130       0xbe src/ASF/common2/services/delay/sam0/systick_counter.o
 .debug_macro   0x0000b1ee       0xbe src/ASF/common2/services/delay/sam0/systick_counter.o
 .debug_macro   0x0000b2ac       0xbe src/ASF/common2/services/delay/sam0/systick_counter.o
 .debug_macro   0x0000b36a       0x40 src/ASF/common2/services/delay/sam0/systick_counter.o
 .debug_macro   0x0000b3aa      0x2e3 src/ASF/common2/services/delay/sam0/systick_counter.o
 .debug_macro   0x0000b68d     0x19ba src/ASF/common2/services/delay/sam0/systick_counter.o
 .debug_macro   0x0000d047       0x4a src/ASF/common2/services/delay/sam0/systick_counter.o
 .debug_macro   0x0000d091       0x58 src/ASF/common2/services/delay/sam0/systick_counter.o
 .debug_macro   0x0000d0e9       0x35 src/ASF/common2/services/delay/sam0/systick_counter.o
 .debug_macro   0x0000d11e       0x9c src/ASF/common2/services/delay/sam0/systick_counter.o
 .debug_macro   0x0000d1ba       0x16 src/ASF/common2/services/delay/sam0/systick_counter.o
 .debug_macro   0x0000d1d0       0x35 src/ASF/common2/services/delay/sam0/systick_counter.o
 .debug_macro   0x0000d205      0x34d src/ASF/common2/services/delay/sam0/systick_counter.o
 .debug_macro   0x0000d552       0x10 src/ASF/common2/services/delay/sam0/systick_counter.o
 .debug_macro   0x0000d562       0x58 src/ASF/common2/services/delay/sam0/systick_counter.o
 .debug_macro   0x0000d5ba       0x1f src/ASF/common2/services/delay/sam0/systick_counter.o
 .debug_macro   0x0000d5d9       0x43 src/ASF/common2/services/delay/sam0/systick_counter.o
 .debug_macro   0x0000d61c       0x20 src/ASF/common2/services/delay/sam0/systick_counter.o
 .debug_macro   0x0000d63c      0x187 src/ASF/common2/services/delay/sam0/systick_counter.o
 .debug_macro   0x0000d7c3       0x10 src/ASF/common2/services/delay/sam0/systick_counter.o
 .debug_macro   0x0000d7d3       0x1c src/ASF/common2/services/delay/sam0/systick_counter.o
 .debug_macro   0x0000d7ef       0x52 src/ASF/common2/services/delay/sam0/systick_counter.o
 .debug_macro   0x0000d841       0x40 src/ASF/common2/services/delay/sam0/systick_counter.o
 .debug_macro   0x0000d881       0x10 src/ASF/common2/services/delay/sam0/systick_counter.o
 .debug_macro   0x0000d891       0x40 src/ASF/common2/services/delay/sam0/systick_counter.o
 .debug_macro   0x0000d8d1       0xd7 src/ASF/common2/services/delay/sam0/systick_counter.o
 .debug_macro   0x0000d9a8       0x16 src/ASF/common2/services/delay/sam0/systick_counter.o
 .debug_macro   0x0000d9be      0x18b src/ASF/common2/services/delay/sam0/systick_counter.o
 .debug_macro   0x0000db49       0x16 src/ASF/common2/services/delay/sam0/systick_counter.o
 .debug_macro   0x0000db5f       0x16 src/ASF/common2/services/delay/sam0/systick_counter.o
 .debug_macro   0x0000db75       0x29 src/ASF/common2/services/delay/sam0/systick_counter.o
 .debug_macro   0x0000db9e       0x51 src/ASF/common2/services/delay/sam0/systick_counter.o
 .debug_macro   0x0000dbef       0x3e src/ASF/common2/services/delay/sam0/systick_counter.o
 .debug_macro   0x0000dc2d      0x3df src/ASF/common2/services/delay/sam0/systick_counter.o
 .debug_macro   0x0000e00c       0x16 src/ASF/common2/services/delay/sam0/systick_counter.o
 .debug_macro   0x0000e022       0x16 src/ASF/common2/services/delay/sam0/systick_counter.o
 .debug_macro   0x0000e038      0x51e src/ASF/sam0/drivers/adc/adc_sam_d_r_h/adc.o
 .debug_macro   0x0000e556       0x11 src/ASF/sam0/drivers/adc/adc_sam_d_r_h/adc.o
 .debug_macro   0x0000e567       0x16 src/ASF/sam0/drivers/adc/adc_sam_d_r_h/adc.o
 .debug_macro   0x0000e57d       0x19 src/ASF/sam0/drivers/adc/adc_sam_d_r_h/adc.o
 .debug_macro   0x0000e596      0x53f src/ASF/sam0/drivers/sercom/sercom.o
 .debug_macro   0x0000ead5       0x2e src/ASF/sam0/drivers/sercom/sercom.o
 .debug_macro   0x0000eb03       0xb2 src/ASF/sam0/drivers/sercom/sercom.o
 .debug_macro   0x0000ebb5       0x10 src/ASF/sam0/drivers/sercom/sercom.o
 .debug_macro   0x0000ebc5      0x53c src/ASF/sam0/drivers/sercom/sercom_interrupt.o
 .debug_macro   0x0000f101      0x574 src/ASF/sam0/drivers/sercom/spi/spi.o
 .debug_macro   0x0000f675       0x12 src/ASF/sam0/drivers/sercom/spi/spi.o
 .debug_macro   0x0000f687       0x16 src/ASF/sam0/drivers/sercom/spi/spi.o
 .debug_macro   0x0000f69d       0x16 src/ASF/sam0/drivers/sercom/spi/spi.o
 .debug_macro   0x0000f6b3       0x19 src/ASF/sam0/drivers/sercom/spi/spi.o
 .debug_macro   0x0000f6cc      0x550 src/ASF/sam0/drivers/sercom/usart/usart.o
 .debug_macro   0x0000fc1c       0x19 src/ASF/sam0/drivers/sercom/usart/usart.o
 .debug_macro   0x0000fc35      0x550 src/ASF/sam0/drivers/sercom/usart/usart_interrupt.o
 .debug_macro   0x00010185      0x645 src/drv_ctrl.o
 .debug_macro   0x000107ca       0x16 src/drv_ctrl.o
 .debug_macro   0x000107e0       0x1c src/drv_ctrl.o
 .debug_macro   0x000107fc      0x2df src/drv_ctrl.o
 .debug_macro   0x00010adb      0x804 src/drv_ctrl.o
 .debug_macro   0x000112df       0x18 src/drv_ctrl.o
 .debug_macro   0x000112f7       0x11 src/drv_ctrl.o
 .debug_macro   0x00011308       0x6c src/drv_ctrl.o
 .debug_macro   0x00011374       0x4c src/drv_ctrl.o
 .debug_macro   0x000113c0       0x64 src/drv_ctrl.o
 .debug_macro   0x00011424       0x16 src/drv_ctrl.o
 .debug_macro   0x0001143a      0x63b src/force_sense.o
 .debug_macro   0x00011a75       0x10 src/force_sense.o
 .debug_macro   0x00011a85      0x636 src/plc_com.o
 .debug_macro   0x000120bb      0x61c src/rprintf.o
 .debug_macro   0x000126d7      0x648 src/stepper_music.o
 .debug_macro   0x00012d1f       0x52 src/stepper_music.o
 .debug_macro   0x00012d71       0x8d src/stepper_music.o
 .debug_macro   0x00012dfe       0x57 src/stepper_music.o
 .debug_macro   0x00012e55      0x353 src/stepper_music.o
 .debug_macro   0x000131a8      0x1e1 src/stepper_music.o
 .debug_macro   0x00013389       0xaf src/stepper_music.o
 .debug_macro   0x00013438       0x1c src/stepper_music.o
 .debug_macro   0x00013454       0x6a src/stepper_music.o
 .debug_macro   0x000134be      0x4b1 src/ASF/common/utils/interrupt/interrupt_sam_nvic.o
 .debug_macro   0x0001396f      0x4ed src/ASF/sam0/boards/samd20_xplained_pro/board_init.o
 .debug_macro   0x00013e5c      0x4cb src/ASF/sam0/drivers/port/port.o
 .debug_macro   0x00014327      0x5c6 src/ASF/sam0/drivers/system/clock/clock_samd20/clock.o
 .debug_macro   0x000148ed      0x213 src/ASF/sam0/drivers/system/clock/clock_samd20/clock.o
 .debug_macro   0x00014b00      0x4e8 src/ASF/sam0/drivers/system/clock/clock_samd20/gclk.o
 .debug_macro   0x00014fe8      0x4c3 src/ASF/sam0/drivers/system/pinmux/pinmux.o
 .debug_macro   0x000154ab      0x4f5 src/ASF/sam0/drivers/system/system.o
 .debug_macro   0x000159a0      0x298 src/ASF/sam0/utils/cmsis/samd20/source/gcc/startup_samd20.o
 .debug_macro   0x00015c38       0x3a src/ASF/sam0/utils/cmsis/samd20/source/gcc/startup_samd20.o
 .debug_macro   0x00015c72      0x660 src/main.o
 .debug_macro   0x000162d2       0x4c src/main.o

.debug_line     0x00000000     0xf87d
 .debug_line    0x00000000      0x962 src/ASF/common2/services/delay/sam0/systick_counter.o
 .debug_line    0x00000962      0xc25 src/ASF/sam0/drivers/adc/adc_sam_d_r_h/adc.o
 .debug_line    0x00001587      0xb71 src/ASF/sam0/drivers/sercom/sercom.o
 .debug_line    0x000020f8      0xb15 src/ASF/sam0/drivers/sercom/sercom_interrupt.o
 .debug_line    0x00002c0d     0x130c src/ASF/sam0/drivers/sercom/spi/spi.o
 .debug_line    0x00003f19      0xc60 src/ASF/sam0/drivers/sercom/usart/usart.o
 .debug_line    0x00004b79      0xc49 src/ASF/sam0/drivers/sercom/usart/usart_interrupt.o
 .debug_line    0x000057c2      0xf0a src/drv_ctrl.o
 .debug_line    0x000066cc      0xdfb src/force_sense.o
 .debug_line    0x000074c7      0xe51 src/plc_com.o
 .debug_line    0x00008318      0xe15 src/rprintf.o
 .debug_line    0x0000912d      0xdd6 src/stepper_music.o
 .debug_line    0x00009f03      0x871 src/ASF/common/utils/interrupt/interrupt_sam_nvic.o
 .debug_line    0x0000a774      0x91e src/ASF/sam0/boards/samd20_xplained_pro/board_init.o
 .debug_line    0x0000b092      0x8a3 src/ASF/sam0/drivers/port/port.o
 .debug_line    0x0000b935      0xbb8 src/ASF/sam0/drivers/system/clock/clock_samd20/clock.o
 .debug_line    0x0000c4ed      0xc14 src/ASF/sam0/drivers/system/clock/clock_samd20/gclk.o
 .debug_line    0x0000d101      0x8d3 src/ASF/sam0/drivers/system/pinmux/pinmux.o
 .debug_line    0x0000d9d4      0x98f src/ASF/sam0/drivers/system/system.o
 .debug_line    0x0000e363      0x5ef src/ASF/sam0/utils/cmsis/samd20/source/gcc/startup_samd20.o
 .debug_line    0x0000e952      0xf2b src/main.o

.debug_str      0x00000000    0x65473
 .debug_str     0x00000000    0x596e2 src/ASF/common2/services/delay/sam0/systick_counter.o
                              0x59bd2 (size before relaxing)
 .debug_str     0x000596e2     0x1a85 src/ASF/sam0/drivers/adc/adc_sam_d_r_h/adc.o
                              0x5b58f (size before relaxing)
 .debug_str     0x0005b167     0x101d src/ASF/sam0/drivers/sercom/sercom.o
                              0x5af06 (size before relaxing)
 .debug_str     0x0005c184      0x527 src/ASF/sam0/drivers/sercom/sercom_interrupt.o
                              0x5ad3f (size before relaxing)
 .debug_str     0x0005c6ab      0xcd1 src/ASF/sam0/drivers/sercom/spi/spi.o
                              0x5bbd6 (size before relaxing)
 .debug_str     0x0005d37c      0x4ca src/ASF/sam0/drivers/sercom/usart/usart.o
                              0x5b906 (size before relaxing)
 .debug_str     0x0005d846      0x216 src/ASF/sam0/drivers/sercom/usart/usart_interrupt.o
                              0x5ada4 (size before relaxing)
 .debug_str     0x0005da5c     0x3d8a src/drv_ctrl.o
                              0x5f3d8 (size before relaxing)
 .debug_str     0x000617e6       0xe1 src/force_sense.o
                              0x5e892 (size before relaxing)
 .debug_str     0x000618c7      0x226 src/plc_com.o
                              0x5e98c (size before relaxing)
 .debug_str     0x00061aed      0x138 src/rprintf.o
                              0x5e996 (size before relaxing)
 .debug_str     0x00061c25      0x8fd src/stepper_music.o
                              0x5f4ed (size before relaxing)
 .debug_str     0x00062522       0x66 src/ASF/common/utils/interrupt/interrupt_sam_nvic.o
                              0x599dd (size before relaxing)
 .debug_str     0x00062588      0x11d src/ASF/sam0/boards/samd20_xplained_pro/board_init.o
                              0x5cbc1 (size before relaxing)
 .debug_str     0x000626a5       0x59 src/ASF/sam0/drivers/port/port.o
                              0x59de3 (size before relaxing)
 .debug_str     0x000626fe     0x2406 src/ASF/sam0/drivers/system/clock/clock_samd20/clock.o
                              0x5cc19 (size before relaxing)
 .debug_str     0x00064b04      0x1d0 src/ASF/sam0/drivers/system/clock/clock_samd20/gclk.o
                              0x5a610 (size before relaxing)
 .debug_str     0x00064cd4       0xf4 src/ASF/sam0/drivers/system/pinmux/pinmux.o
                              0x59dd4 (size before relaxing)
 .debug_str     0x00064dc8       0x47 src/ASF/sam0/drivers/system/system.o
                              0x59a79 (size before relaxing)
 .debug_str     0x00064e0f      0x391 src/ASF/sam0/utils/cmsis/samd20/source/gcc/startup_samd20.o
                              0x43dd0 (size before relaxing)
 .debug_str     0x000651a0      0x2d3 src/main.o
                              0x60d3c (size before relaxing)

.debug_frame    0x00000000      0xdc4
 .debug_frame   0x00000000       0x64 src/ASF/common2/services/delay/sam0/systick_counter.o
 .debug_frame   0x00000064       0x98 src/ASF/sam0/drivers/adc/adc_sam_d_r_h/adc.o
 .debug_frame   0x000000fc       0xbc src/ASF/sam0/drivers/sercom/sercom.o
 .debug_frame   0x000001b8       0xe8 src/ASF/sam0/drivers/sercom/sercom_interrupt.o
 .debug_frame   0x000002a0      0x120 src/ASF/sam0/drivers/sercom/spi/spi.o
 .debug_frame   0x000003c0       0xac src/ASF/sam0/drivers/sercom/usart/usart.o
 .debug_frame   0x0000046c      0x110 src/ASF/sam0/drivers/sercom/usart/usart_interrupt.o
 .debug_frame   0x0000057c      0x118 src/drv_ctrl.o
 .debug_frame   0x00000694       0x74 src/force_sense.o
 .debug_frame   0x00000708       0xa8 src/plc_com.o
 .debug_frame   0x000007b0       0x7c src/rprintf.o
 .debug_frame   0x0000082c       0x3c src/stepper_music.o
 .debug_frame   0x00000868       0x30 src/ASF/common/utils/interrupt/interrupt_sam_nvic.o
 .debug_frame   0x00000898       0x30 src/ASF/sam0/boards/samd20_xplained_pro/board_init.o
 .debug_frame   0x000008c8       0x44 src/ASF/sam0/drivers/port/port.o
 .debug_frame   0x0000090c      0x12c src/ASF/sam0/drivers/system/clock/clock_samd20/clock.o
 .debug_frame   0x00000a38      0x148 src/ASF/sam0/drivers/system/clock/clock_samd20/gclk.o
 .debug_frame   0x00000b80       0x74 src/ASF/sam0/drivers/system/pinmux/pinmux.o
 .debug_frame   0x00000bf4       0x38 src/ASF/sam0/drivers/system/system.o
 .debug_frame   0x00000c2c       0x38 src/ASF/sam0/utils/cmsis/samd20/source/gcc/startup_samd20.o
 .debug_frame   0x00000c64       0x78 src/main.o
 .debug_frame   0x00000cdc       0x20 c:/program files (x86)/atmel/studio/7.0/toolchain/arm/arm-gnu-toolchain/bin/../lib/gcc/arm-none-eabi/6.3.1/thumb/v6-m\libgcc.a(_udivsi3.o)
 .debug_frame   0x00000cfc       0x20 c:/program files (x86)/atmel/studio/7.0/toolchain/arm/arm-gnu-toolchain/bin/../lib/gcc/arm-none-eabi/6.3.1/thumb/v6-m\libgcc.a(_divsi3.o)
 .debug_frame   0x00000d1c       0x34 c:/program files (x86)/atmel/studio/7.0/toolchain/arm/arm-gnu-toolchain/bin/../lib/gcc/arm-none-eabi/6.3.1/thumb/v6-m\libgcc.a(_muldi3.o)
 .debug_frame   0x00000d50       0x2c c:/program files (x86)/atmel/studio/7.0/toolchain/arm/arm-gnu-toolchain/bin/../lib/gcc/arm-none-eabi/6.3.1/../../../../arm-none-eabi/lib/thumb/v6-m\libc_nano.a(lib_a-init.o)
 .debug_frame   0x00000d7c       0x28 c:/program files (x86)/atmel/studio/7.0/toolchain/arm/arm-gnu-toolchain/bin/../lib/gcc/arm-none-eabi/6.3.1/../../../../arm-none-eabi/lib/thumb/v6-m\libc_nano.a(lib_a-memcpy-stub.o)
 .debug_frame   0x00000da4       0x20 c:/program files (x86)/atmel/studio/7.0/toolchain/arm/arm-gnu-toolchain/bin/../lib/gcc/arm-none-eabi/6.3.1/../../../../arm-none-eabi/lib/thumb/v6-m\libc_nano.a(lib_a-memset.o)

Cross Reference Table

Symbol                                            File
AC_Handler                                        src/ASF/sam0/utils/cmsis/samd20/source/gcc/startup_samd20.o
ADC_Handler                                       src/ASF/sam0/utils/cmsis/samd20/source/gcc/startup_samd20.o
DAC_Handler                                       src/ASF/sam0/utils/cmsis/samd20/source/gcc/startup_samd20.o
Dummy_Handler                                     src/ASF/sam0/utils/cmsis/samd20/source/gcc/startup_samd20.o
EIC_Handler                                       src/ASF/sam0/utils/cmsis/samd20/source/gcc/startup_samd20.o
EVSYS_Handler                                     src/ASF/sam0/utils/cmsis/samd20/source/gcc/startup_samd20.o
HardFault_Handler                                 src/ASF/sam0/utils/cmsis/samd20/source/gcc/startup_samd20.o
NMI_Handler                                       src/ASF/sam0/utils/cmsis/samd20/source/gcc/startup_samd20.o
NVMCTRL_Handler                                   src/ASF/sam0/utils/cmsis/samd20/source/gcc/startup_samd20.o
PM_Handler                                        src/ASF/sam0/utils/cmsis/samd20/source/gcc/startup_samd20.o
PTC_Handler                                       src/ASF/sam0/utils/cmsis/samd20/source/gcc/startup_samd20.o
PendSV_Handler                                    src/ASF/sam0/utils/cmsis/samd20/source/gcc/startup_samd20.o
RTC_Handler                                       src/ASF/sam0/utils/cmsis/samd20/source/gcc/startup_samd20.o
Reset_Handler                                     src/ASF/sam0/utils/cmsis/samd20/source/gcc/startup_samd20.o
SERCOM0_Handler                                   src/ASF/sam0/drivers/sercom/sercom_interrupt.o
SERCOM1_Handler                                   src/ASF/sam0/drivers/sercom/sercom_interrupt.o
SERCOM2_Handler                                   src/ASF/sam0/drivers/sercom/sercom_interrupt.o
SERCOM3_Handler                                   src/ASF/sam0/drivers/sercom/sercom_interrupt.o
SERCOM4_Handler                                   src/ASF/sam0/drivers/sercom/sercom_interrupt.o
SERCOM5_Handler                                   src/ASF/sam0/drivers/sercom/sercom_interrupt.o
SVC_Handler                                       src/ASF/sam0/utils/cmsis/samd20/source/gcc/startup_samd20.o
SYSCTRL_Handler                                   src/ASF/sam0/utils/cmsis/samd20/source/gcc/startup_samd20.o
SysTick_Handler                                   src/ASF/sam0/utils/cmsis/samd20/source/gcc/startup_samd20.o
SystemCoreClock                                   src/ASF/sam0/utils/cmsis/samd20/source/system_samd20.o
SystemCoreClockUpdate                             src/ASF/sam0/utils/cmsis/samd20/source/system_samd20.o
SystemInit                                        src/ASF/sam0/utils/cmsis/samd20/source/system_samd20.o
TC0_Handler                                       src/ASF/sam0/utils/cmsis/samd20/source/gcc/startup_samd20.o
TC1_Handler                                       src/ASF/sam0/utils/cmsis/samd20/source/gcc/startup_samd20.o
TC2_Handler                                       src/ASF/sam0/utils/cmsis/samd20/source/gcc/startup_samd20.o
TC3_Handler                                       src/ASF/sam0/utils/cmsis/samd20/source/gcc/startup_samd20.o
TC4_Handler                                       src/ASF/sam0/utils/cmsis/samd20/source/gcc/startup_samd20.o
TC5_Handler                                       src/ASF/sam0/utils/cmsis/samd20/source/gcc/startup_samd20.o
TC6_Handler                                       src/ASF/sam0/utils/cmsis/samd20/source/gcc/startup_samd20.o
TC7_Handler                                       src/ASF/sam0/utils/cmsis/samd20/source/gcc/startup_samd20.o
WDT_Handler                                       src/ASF/sam0/utils/cmsis/samd20/source/gcc/startup_samd20.o
_Jv_RegisterClasses                               c:/program files (x86)/atmel/studio/7.0/toolchain/arm/arm-gnu-toolchain/bin/../lib/gcc/arm-none-eabi/6.3.1/thumb/v6-m/crtbegin.o
__aeabi_idiv                                      c:/program files (x86)/atmel/studio/7.0/toolchain/arm/arm-gnu-toolchain/bin/../lib/gcc/arm-none-eabi/6.3.1/thumb/v6-m\libgcc.a(_divsi3.o)
                                                  src/stepper_music.o
                                                  src/plc_com.o
                                                  src/force_sense.o
__aeabi_idiv0                                     c:/program files (x86)/atmel/studio/7.0/toolchain/arm/arm-gnu-toolchain/bin/../lib/gcc/arm-none-eabi/6.3.1/thumb/v6-m\libgcc.a(_dvmd_tls.o)
                                                  c:/program files (x86)/atmel/studio/7.0/toolchain/arm/arm-gnu-toolchain/bin/../lib/gcc/arm-none-eabi/6.3.1/thumb/v6-m\libgcc.a(_divsi3.o)
                                                  c:/program files (x86)/atmel/studio/7.0/toolchain/arm/arm-gnu-toolchain/bin/../lib/gcc/arm-none-eabi/6.3.1/thumb/v6-m\libgcc.a(_udivsi3.o)
__aeabi_idivmod                                   c:/program files (x86)/atmel/studio/7.0/toolchain/arm/arm-gnu-toolchain/bin/../lib/gcc/arm-none-eabi/6.3.1/thumb/v6-m\libgcc.a(_divsi3.o)
                                                  src/plc_com.o
__aeabi_ldiv0                                     c:/program files (x86)/atmel/studio/7.0/toolchain/arm/arm-gnu-toolchain/bin/../lib/gcc/arm-none-eabi/6.3.1/thumb/v6-m\libgcc.a(_dvmd_tls.o)
__aeabi_lmul                                      c:/program files (x86)/atmel/studio/7.0/toolchain/arm/arm-gnu-toolchain/bin/../lib/gcc/arm-none-eabi/6.3.1/thumb/v6-m\libgcc.a(_muldi3.o)
                                                  src/ASF/sam0/drivers/sercom/sercom.o
__aeabi_uidiv                                     c:/program files (x86)/atmel/studio/7.0/toolchain/arm/arm-gnu-toolchain/bin/../lib/gcc/arm-none-eabi/6.3.1/thumb/v6-m\libgcc.a(_udivsi3.o)
                                                  src/ASF/sam0/drivers/system/clock/clock_samd20/gclk.o
                                                  src/stepper_music.o
                                                  src/rprintf.o
                                                  src/ASF/common2/services/delay/sam0/systick_counter.o
__aeabi_uidivmod                                  c:/program files (x86)/atmel/studio/7.0/toolchain/arm/arm-gnu-toolchain/bin/../lib/gcc/arm-none-eabi/6.3.1/thumb/v6-m\libgcc.a(_udivsi3.o)
                                                  src/rprintf.o
__bss_end__                                       c:/program files (x86)/atmel/studio/7.0/toolchain/arm/arm-gnu-toolchain/bin/../lib/gcc/arm-none-eabi/6.3.1/../../../../arm-none-eabi/lib/thumb/v6-m/crt0.o
__bss_start__                                     c:/program files (x86)/atmel/studio/7.0/toolchain/arm/arm-gnu-toolchain/bin/../lib/gcc/arm-none-eabi/6.3.1/../../../../arm-none-eabi/lib/thumb/v6-m/crt0.o
__call_exitprocs                                  c:/program files (x86)/atmel/studio/7.0/toolchain/arm/arm-gnu-toolchain/bin/../lib/gcc/arm-none-eabi/6.3.1/../../../../arm-none-eabi/lib/thumb/v6-m\libc_nano.a(lib_a-exit.o)
__deregister_frame_info                           c:/program files (x86)/atmel/studio/7.0/toolchain/arm/arm-gnu-toolchain/bin/../lib/gcc/arm-none-eabi/6.3.1/thumb/v6-m/crtbegin.o
__divsi3                                          c:/program files (x86)/atmel/studio/7.0/toolchain/arm/arm-gnu-toolchain/bin/../lib/gcc/arm-none-eabi/6.3.1/thumb/v6-m\libgcc.a(_divsi3.o)
__dso_handle                                      c:/program files (x86)/atmel/studio/7.0/toolchain/arm/arm-gnu-toolchain/bin/../lib/gcc/arm-none-eabi/6.3.1/thumb/v6-m/crtbegin.o
__init_array_end                                  c:/program files (x86)/atmel/studio/7.0/toolchain/arm/arm-gnu-toolchain/bin/../lib/gcc/arm-none-eabi/6.3.1/../../../../arm-none-eabi/lib/thumb/v6-m\libc_nano.a(lib_a-init.o)
__init_array_start                                c:/program files (x86)/atmel/studio/7.0/toolchain/arm/arm-gnu-toolchain/bin/../lib/gcc/arm-none-eabi/6.3.1/../../../../arm-none-eabi/lib/thumb/v6-m\libc_nano.a(lib_a-init.o)
__libc_fini_array                                 c:/program files (x86)/atmel/studio/7.0/toolchain/arm/arm-gnu-toolchain/bin/../lib/gcc/arm-none-eabi/6.3.1/../../../../arm-none-eabi/lib/thumb/v6-m/crt0.o
__libc_init_array                                 c:/program files (x86)/atmel/studio/7.0/toolchain/arm/arm-gnu-toolchain/bin/../lib/gcc/arm-none-eabi/6.3.1/../../../../arm-none-eabi/lib/thumb/v6-m\libc_nano.a(lib_a-init.o)
                                                  src/ASF/sam0/utils/cmsis/samd20/source/gcc/startup_samd20.o
                                                  c:/program files (x86)/atmel/studio/7.0/toolchain/arm/arm-gnu-toolchain/bin/../lib/gcc/arm-none-eabi/6.3.1/../../../../arm-none-eabi/lib/thumb/v6-m/crt0.o
__muldi3                                          c:/program files (x86)/atmel/studio/7.0/toolchain/arm/arm-gnu-toolchain/bin/../lib/gcc/arm-none-eabi/6.3.1/thumb/v6-m\libgcc.a(_muldi3.o)
__preinit_array_end                               c:/program files (x86)/atmel/studio/7.0/toolchain/arm/arm-gnu-toolchain/bin/../lib/gcc/arm-none-eabi/6.3.1/../../../../arm-none-eabi/lib/thumb/v6-m\libc_nano.a(lib_a-init.o)
__preinit_array_start                             c:/program files (x86)/atmel/studio/7.0/toolchain/arm/arm-gnu-toolchain/bin/../lib/gcc/arm-none-eabi/6.3.1/../../../../arm-none-eabi/lib/thumb/v6-m\libc_nano.a(lib_a-init.o)
__register_frame_info                             c:/program files (x86)/atmel/studio/7.0/toolchain/arm/arm-gnu-toolchain/bin/../lib/gcc/arm-none-eabi/6.3.1/thumb/v6-m/crtbegin.o
__sf_fake_stderr                                  c:/program files (x86)/atmel/studio/7.0/toolchain/arm/arm-gnu-toolchain/bin/../lib/gcc/arm-none-eabi/6.3.1/../../../../arm-none-eabi/lib/thumb/v6-m\libc_nano.a(lib_a-impure.o)
__sf_fake_stdin                                   c:/program files (x86)/atmel/studio/7.0/toolchain/arm/arm-gnu-toolchain/bin/../lib/gcc/arm-none-eabi/6.3.1/../../../../arm-none-eabi/lib/thumb/v6-m\libc_nano.a(lib_a-impure.o)
__sf_fake_stdout                                  c:/program files (x86)/atmel/studio/7.0/toolchain/arm/arm-gnu-toolchain/bin/../lib/gcc/arm-none-eabi/6.3.1/../../../../arm-none-eabi/lib/thumb/v6-m\libc_nano.a(lib_a-impure.o)
__stack                                           c:/program files (x86)/atmel/studio/7.0/toolchain/arm/arm-gnu-toolchain/bin/../lib/gcc/arm-none-eabi/6.3.1/../../../../arm-none-eabi/lib/thumb/v6-m/crt0.o
__udivsi3                                         c:/program files (x86)/atmel/studio/7.0/toolchain/arm/arm-gnu-toolchain/bin/../lib/gcc/arm-none-eabi/6.3.1/thumb/v6-m\libgcc.a(_udivsi3.o)
_close                                            src/ASF/sam0/utils/syscalls/gcc/syscalls.o
_end                                              src/ASF/sam0/utils/syscalls/gcc/syscalls.o
_erelocate                                        src/ASF/sam0/utils/cmsis/samd20/source/gcc/startup_samd20.o
_estack                                           src/ASF/sam0/utils/cmsis/samd20/source/gcc/startup_samd20.o
_etext                                            src/ASF/sam0/utils/cmsis/samd20/source/gcc/startup_samd20.o
_exit                                             src/ASF/sam0/utils/syscalls/gcc/syscalls.o
                                                  c:/program files (x86)/atmel/studio/7.0/toolchain/arm/arm-gnu-toolchain/bin/../lib/gcc/arm-none-eabi/6.3.1/../../../../arm-none-eabi/lib/thumb/v6-m\libc_nano.a(lib_a-exit.o)
_ezero                                            src/ASF/sam0/utils/cmsis/samd20/source/gcc/startup_samd20.o
_fini                                             c:/program files (x86)/atmel/studio/7.0/toolchain/arm/arm-gnu-toolchain/bin/../lib/gcc/arm-none-eabi/6.3.1/thumb/v6-m/crti.o
_fstat                                            src/ASF/sam0/utils/syscalls/gcc/syscalls.o
_getpid                                           src/ASF/sam0/utils/syscalls/gcc/syscalls.o
_global_impure_ptr                                c:/program files (x86)/atmel/studio/7.0/toolchain/arm/arm-gnu-toolchain/bin/../lib/gcc/arm-none-eabi/6.3.1/../../../../arm-none-eabi/lib/thumb/v6-m\libc_nano.a(lib_a-impure.o)
                                                  c:/program files (x86)/atmel/studio/7.0/toolchain/arm/arm-gnu-toolchain/bin/../lib/gcc/arm-none-eabi/6.3.1/../../../../arm-none-eabi/lib/thumb/v6-m\libc_nano.a(lib_a-exit.o)
_impure_ptr                                       c:/program files (x86)/atmel/studio/7.0/toolchain/arm/arm-gnu-toolchain/bin/../lib/gcc/arm-none-eabi/6.3.1/../../../../arm-none-eabi/lib/thumb/v6-m\libc_nano.a(lib_a-impure.o)
_init                                             c:/program files (x86)/atmel/studio/7.0/toolchain/arm/arm-gnu-toolchain/bin/../lib/gcc/arm-none-eabi/6.3.1/thumb/v6-m/crti.o
                                                  c:/program files (x86)/atmel/studio/7.0/toolchain/arm/arm-gnu-toolchain/bin/../lib/gcc/arm-none-eabi/6.3.1/../../../../arm-none-eabi/lib/thumb/v6-m\libc_nano.a(lib_a-init.o)
_isatty                                           src/ASF/sam0/utils/syscalls/gcc/syscalls.o
_kill                                             src/ASF/sam0/utils/syscalls/gcc/syscalls.o
_lseek                                            src/ASF/sam0/utils/syscalls/gcc/syscalls.o
_mainCRTStartup                                   c:/program files (x86)/atmel/studio/7.0/toolchain/arm/arm-gnu-toolchain/bin/../lib/gcc/arm-none-eabi/6.3.1/../../../../arm-none-eabi/lib/thumb/v6-m/crt0.o
_sbrk                                             src/ASF/sam0/utils/syscalls/gcc/syscalls.o
_sercom_get_async_baud_val                        src/ASF/sam0/drivers/sercom/sercom.o
                                                  src/ASF/sam0/drivers/sercom/usart/usart.o
_sercom_get_default_pad                           src/ASF/sam0/drivers/sercom/sercom.o
                                                  src/ASF/sam0/drivers/sercom/usart/usart.o
                                                  src/ASF/sam0/drivers/sercom/spi/spi.o
_sercom_get_interrupt_vector                      src/ASF/sam0/drivers/sercom/sercom_interrupt.o
                                                  src/main.o
                                                  src/rprintf.o
_sercom_get_sercom_inst_index                     src/ASF/sam0/drivers/sercom/sercom.o
                                                  src/ASF/sam0/drivers/sercom/usart/usart.o
                                                  src/ASF/sam0/drivers/sercom/spi/spi.o
                                                  src/ASF/sam0/drivers/sercom/sercom_interrupt.o
_sercom_get_sync_baud_val                         src/ASF/sam0/drivers/sercom/sercom.o
                                                  src/ASF/sam0/drivers/sercom/usart/usart.o
                                                  src/ASF/sam0/drivers/sercom/spi/spi.o
_sercom_instances                                 src/ASF/sam0/drivers/sercom/sercom_interrupt.o
                                                  src/ASF/sam0/drivers/sercom/usart/usart_interrupt.o
                                                  src/ASF/sam0/drivers/sercom/usart/usart.o
_sercom_set_handler                               src/ASF/sam0/drivers/sercom/sercom_interrupt.o
                                                  src/ASF/sam0/drivers/sercom/usart/usart.o
_sfixed                                           src/ASF/sam0/utils/cmsis/samd20/source/gcc/startup_samd20.o
_srelocate                                        src/ASF/sam0/utils/cmsis/samd20/source/gcc/startup_samd20.o
_start                                            c:/program files (x86)/atmel/studio/7.0/toolchain/arm/arm-gnu-toolchain/bin/../lib/gcc/arm-none-eabi/6.3.1/../../../../arm-none-eabi/lib/thumb/v6-m/crt0.o
_system_divas_init                                src/ASF/sam0/drivers/system/system.o
_system_dummy_init                                src/ASF/sam0/drivers/system/system.o
_system_events_init                               src/ASF/sam0/drivers/system/system.o
_system_extint_init                               src/ASF/sam0/drivers/system/system.o
_szero                                            src/ASF/sam0/utils/cmsis/samd20/source/gcc/startup_samd20.o
_tc_get_inst_index                                src/ASF/sam0/drivers/tc/tc_sam_d_r_h/tc.o
_usart_interrupt_handler                          src/ASF/sam0/drivers/sercom/usart/usart_interrupt.o
                                                  src/ASF/sam0/drivers/sercom/usart/usart.o
_usart_read_buffer                                src/ASF/sam0/drivers/sercom/usart/usart_interrupt.o
_usart_write_buffer                               src/ASF/sam0/drivers/sercom/usart/usart_interrupt.o
adc_get_config_defaults                           src/ASF/sam0/drivers/adc/adc_sam_d_r_h/adc.o
                                                  src/main.o
adc_init                                          src/ASF/sam0/drivers/adc/adc_sam_d_r_h/adc.o
                                                  src/main.o
adc_regular_ain_channel                           src/ASF/sam0/drivers/adc/adc_sam_d_r_h/adc.o
adc_set_window_mode                               src/ASF/sam0/drivers/adc/adc_sam_d_r_h/adc.o
atexit                                            c:/program files (x86)/atmel/studio/7.0/toolchain/arm/arm-gnu-toolchain/bin/../lib/gcc/arm-none-eabi/6.3.1/../../../../arm-none-eabi/lib/thumb/v6-m/crt0.o
board_init                                        src/ASF/sam0/boards/samd20_xplained_pro/board_init.o
cDurationPause_ms                                 src/stepper_music.o
cDuration_ms                                      src/stepper_music.o
cTerminator                                       src/plc_com.o
cpu_irq_enter_critical                            src/ASF/common/utils/interrupt/interrupt_sam_nvic.o
                                                  src/ASF/sam0/drivers/system/clock/clock_samd20/gclk.o
                                                  src/ASF/sam0/drivers/sercom/usart/usart_interrupt.o
cpu_irq_leave_critical                            src/ASF/common/utils/interrupt/interrupt_sam_nvic.o
                                                  src/ASF/sam0/drivers/system/clock/clock_samd20/gclk.o
                                                  src/ASF/sam0/drivers/sercom/usart/usart_interrupt.o
delay_cycles_ms                                   src/ASF/common2/services/delay/sam0/systick_counter.o
                                                  src/main.o
                                                  src/z_axis.o
                                                  src/stepper_music.o
delay_cycles_us                                   src/ASF/common2/services/delay/sam0/systick_counter.o
                                                  src/stepper_music.o
                                                  src/drv_ctrl.o
delay_init                                        src/ASF/common2/services/delay/sam0/systick_counter.o
                                                  src/main.o
drv_ctrl_disable                                  src/drv_ctrl.o
drv_ctrl_enable                                   src/drv_ctrl.o
                                                  src/main.o
drv_ctrl_home                                     src/drv_ctrl.o
                                                  src/z_axis.o
drv_ctrl_init                                     src/drv_ctrl.o
                                                  src/main.o
drv_ctrl_move_till_force                          src/drv_ctrl.o
                                                  src/z_axis.o
drv_ctrl_moveto                                   src/drv_ctrl.o
                                                  src/z_axis.o
drv_ctrl_set_microsteps                           src/drv_ctrl.o
                                                  src/stepper_music.o
exception_table                                   src/ASF/sam0/utils/cmsis/samd20/source/gcc/startup_samd20.o
exit                                              c:/program files (x86)/atmel/studio/7.0/toolchain/arm/arm-gnu-toolchain/bin/../lib/gcc/arm-none-eabi/6.3.1/../../../../arm-none-eabi/lib/thumb/v6-m\libc_nano.a(lib_a-exit.o)
                                                  c:/program files (x86)/atmel/studio/7.0/toolchain/arm/arm-gnu-toolchain/bin/../lib/gcc/arm-none-eabi/6.3.1/../../../../arm-none-eabi/lib/thumb/v6-m/crt0.o
force_sense_calibrate                             src/force_sense.o
                                                  src/z_axis.o
force_sense_get_gramm                             src/force_sense.o
force_sense_get_millinewton                       src/force_sense.o
                                                  src/main.o
                                                  src/drv_ctrl.o
gAdcInstance                                      src/main.o
                                                  src/force_sense.o
gSpiMasterInstance                                src/main.o
                                                  src/drv_ctrl.o
gSpiMotorController                               src/main.o
gUsartInstance                                    src/main.o
                                                  src/plc_com.o
g_interrupt_enabled                               src/ASF/common/utils/interrupt/interrupt_sam_nvic.o
                                                  src/main.o
get_state                                         src/main.o
                                                  src/plc_com.o
hardware_init_hook                                c:/program files (x86)/atmel/studio/7.0/toolchain/arm/arm-gnu-toolchain/bin/../lib/gcc/arm-none-eabi/6.3.1/../../../../arm-none-eabi/lib/thumb/v6-m/crt0.o
link                                              src/ASF/sam0/utils/syscalls/gcc/syscalls.o
main                                              src/main.o
                                                  src/ASF/sam0/utils/cmsis/samd20/source/gcc/startup_samd20.o
                                                  c:/program files (x86)/atmel/studio/7.0/toolchain/arm/arm-gnu-toolchain/bin/../lib/gcc/arm-none-eabi/6.3.1/../../../../arm-none-eabi/lib/thumb/v6-m/crt0.o
memcpy                                            c:/program files (x86)/atmel/studio/7.0/toolchain/arm/arm-gnu-toolchain/bin/../lib/gcc/arm-none-eabi/6.3.1/../../../../arm-none-eabi/lib/thumb/v6-m\libc_nano.a(lib_a-memcpy-stub.o)
                                                  src/drv_ctrl.o
                                                  src/ASF/sam0/drivers/adc/adc_sam_d_r_h/adc.o
memset                                            c:/program files (x86)/atmel/studio/7.0/toolchain/arm/arm-gnu-toolchain/bin/../lib/gcc/arm-none-eabi/6.3.1/../../../../arm-none-eabi/lib/thumb/v6-m\libc_nano.a(lib_a-memset.o)
                                                  src/main.o
                                                  c:/program files (x86)/atmel/studio/7.0/toolchain/arm/arm-gnu-toolchain/bin/../lib/gcc/arm-none-eabi/6.3.1/../../../../arm-none-eabi/lib/thumb/v6-m/crt0.o
my_usart_instance                                 src/rprintf.o
notes1                                            src/main.o
plc_com_arm_receiver                              src/plc_com.o
                                                  src/main.o
plc_com_error                                     src/plc_com.o
                                                  src/z_axis.o
plc_com_receive_callback                          src/plc_com.o
                                                  src/main.o
plc_com_success                                   src/plc_com.o
                                                  src/main.o
plc_com_transmit_force                            src/plc_com.o
                                                  src/main.o
port_group_set_config                             src/ASF/sam0/drivers/port/port.o
port_pin_set_config                               src/ASF/sam0/drivers/port/port.o
                                                  src/main.o
                                                  src/ASF/sam0/boards/samd20_xplained_pro/board_init.o
rprintf                                           src/rprintf.o
                                                  src/main.o
                                                  src/z_axis.o
rprintf_init                                      src/rprintf.o
                                                  src/main.o
sercom_set_gclk_generator                         src/ASF/sam0/drivers/sercom/sercom.o
                                                  src/ASF/sam0/drivers/sercom/usart/usart.o
                                                  src/ASF/sam0/drivers/sercom/spi/spi.o
set_state                                         src/main.o
                                                  src/z_axis.o
                                                  src/stepper_music.o
                                                  src/plc_com.o
software_init_hook                                c:/program files (x86)/atmel/studio/7.0/toolchain/arm/arm-gnu-toolchain/bin/../lib/gcc/arm-none-eabi/6.3.1/../../../../arm-none-eabi/lib/thumb/v6-m/crt0.o
spi_init                                          src/ASF/sam0/drivers/sercom/spi/spi.o
                                                  src/main.o
spi_read_buffer_wait                              src/ASF/sam0/drivers/sercom/spi/spi.o
spi_reset                                         src/ASF/sam0/drivers/sercom/spi/spi.o
spi_select_slave                                  src/ASF/sam0/drivers/sercom/spi/spi.o
spi_set_baudrate                                  src/ASF/sam0/drivers/sercom/spi/spi.o
spi_transceive_buffer_wait                        src/ASF/sam0/drivers/sercom/spi/spi.o
spi_transceive_wait                               src/ASF/sam0/drivers/sercom/spi/spi.o
spi_write_buffer_wait                             src/ASF/sam0/drivers/sercom/spi/spi.o
                                                  src/drv_ctrl.o
stepper_music_play                                src/stepper_music.o
                                                  src/main.o
system_board_init                                 src/ASF/sam0/boards/samd20_xplained_pro/board_init.o
system_clock_init                                 src/ASF/sam0/drivers/system/clock/clock_samd20/clock.o
system_clock_source_dfll_set_config               src/ASF/sam0/drivers/system/clock/clock_samd20/clock.o
system_clock_source_disable                       src/ASF/sam0/drivers/system/clock/clock_samd20/clock.o
system_clock_source_enable                        src/ASF/sam0/drivers/system/clock/clock_samd20/clock.o
system_clock_source_get_hz                        src/ASF/sam0/drivers/system/clock/clock_samd20/clock.o
                                                  src/ASF/sam0/drivers/system/clock/clock_samd20/gclk.o
system_clock_source_is_ready                      src/ASF/sam0/drivers/system/clock/clock_samd20/clock.o
system_clock_source_osc32k_set_config             src/ASF/sam0/drivers/system/clock/clock_samd20/clock.o
system_clock_source_osc8m_set_config              src/ASF/sam0/drivers/system/clock/clock_samd20/clock.o
system_clock_source_write_calibration             src/ASF/sam0/drivers/system/clock/clock_samd20/clock.o
system_clock_source_xosc32k_set_config            src/ASF/sam0/drivers/system/clock/clock_samd20/clock.o
system_clock_source_xosc_set_config               src/ASF/sam0/drivers/system/clock/clock_samd20/clock.o
system_gclk_chan_disable                          src/ASF/sam0/drivers/system/clock/clock_samd20/gclk.o
system_gclk_chan_enable                           src/ASF/sam0/drivers/system/clock/clock_samd20/gclk.o
                                                  src/ASF/sam0/drivers/tc/tc_sam_d_r_h/tc.o
                                                  src/ASF/sam0/drivers/sercom/usart/usart.o
                                                  src/ASF/sam0/drivers/sercom/spi/spi.o
                                                  src/ASF/sam0/drivers/sercom/sercom.o
                                                  src/ASF/sam0/drivers/adc/adc_sam_d_r_h/adc.o
system_gclk_chan_get_hz                           src/ASF/sam0/drivers/system/clock/clock_samd20/gclk.o
                                                  src/ASF/sam0/drivers/system/clock/clock_samd20/clock.o
                                                  src/ASF/sam0/drivers/sercom/usart/usart.o
                                                  src/ASF/sam0/drivers/sercom/spi/spi.o
system_gclk_chan_is_enabled                       src/ASF/sam0/drivers/system/clock/clock_samd20/gclk.o
system_gclk_chan_is_locked                        src/ASF/sam0/drivers/system/clock/clock_samd20/gclk.o
system_gclk_chan_lock                             src/ASF/sam0/drivers/system/clock/clock_samd20/gclk.o
system_gclk_chan_set_config                       src/ASF/sam0/drivers/system/clock/clock_samd20/gclk.o
                                                  src/ASF/sam0/drivers/system/clock/clock_samd20/clock.o
                                                  src/ASF/sam0/drivers/tc/tc_sam_d_r_h/tc.o
                                                  src/ASF/sam0/drivers/sercom/usart/usart.o
                                                  src/ASF/sam0/drivers/sercom/spi/spi.o
                                                  src/ASF/sam0/drivers/sercom/sercom.o
                                                  src/ASF/sam0/drivers/adc/adc_sam_d_r_h/adc.o
system_gclk_gen_disable                           src/ASF/sam0/drivers/system/clock/clock_samd20/gclk.o
system_gclk_gen_enable                            src/ASF/sam0/drivers/system/clock/clock_samd20/gclk.o
                                                  src/ASF/sam0/drivers/system/clock/clock_samd20/clock.o
system_gclk_gen_get_hz                            src/ASF/sam0/drivers/system/clock/clock_samd20/gclk.o
                                                  src/ASF/common2/services/delay/sam0/systick_counter.o
system_gclk_gen_is_enabled                        src/ASF/sam0/drivers/system/clock/clock_samd20/gclk.o
system_gclk_gen_set_config                        src/ASF/sam0/drivers/system/clock/clock_samd20/gclk.o
                                                  src/ASF/sam0/drivers/system/clock/clock_samd20/clock.o
system_gclk_init                                  src/ASF/sam0/drivers/system/clock/clock_samd20/gclk.o
                                                  src/ASF/sam0/drivers/system/clock/clock_samd20/clock.o
system_init                                       src/ASF/sam0/drivers/system/system.o
                                                  src/main.o
system_interrupt_clear_pending                    src/ASF/sam0/drivers/system/interrupt/system_interrupt.o
system_interrupt_get_priority                     src/ASF/sam0/drivers/system/interrupt/system_interrupt.o
system_interrupt_is_pending                       src/ASF/sam0/drivers/system/interrupt/system_interrupt.o
system_interrupt_set_pending                      src/ASF/sam0/drivers/system/interrupt/system_interrupt.o
system_interrupt_set_priority                     src/ASF/sam0/drivers/system/interrupt/system_interrupt.o
system_pinmux_group_set_config                    src/ASF/sam0/drivers/system/pinmux/pinmux.o
                                                  src/ASF/sam0/drivers/port/port.o
system_pinmux_group_set_input_sample_mode         src/ASF/sam0/drivers/system/pinmux/pinmux.o
system_pinmux_pin_set_config                      src/ASF/sam0/drivers/system/pinmux/pinmux.o
                                                  src/ASF/sam0/drivers/port/port.o
                                                  src/ASF/sam0/drivers/tc/tc_sam_d_r_h/tc.o
                                                  src/ASF/sam0/drivers/sercom/usart/usart.o
                                                  src/ASF/sam0/drivers/sercom/spi/spi.o
                                                  src/ASF/sam0/drivers/adc/adc_sam_d_r_h/adc.o
tc_get_capture_value                              src/ASF/sam0/drivers/tc/tc_sam_d_r_h/tc.o
tc_get_count_value                                src/ASF/sam0/drivers/tc/tc_sam_d_r_h/tc.o
tc_init                                           src/ASF/sam0/drivers/tc/tc_sam_d_r_h/tc.o
tc_reset                                          src/ASF/sam0/drivers/tc/tc_sam_d_r_h/tc.o
tc_set_compare_value                              src/ASF/sam0/drivers/tc/tc_sam_d_r_h/tc.o